Archive member included to satisfy reference by file (symbol)

C:/ST/STM32CubeIDE_2.0.0/STM32CubeIDE/plugins/com.st.stm32cube.ide.mcu.externaltools.gnu-tools-for-stm32.13.3.rel1.win32_1.0.100.202509120712/tools/bin/../lib/gcc/arm-none-eabi/13.3.1/../../../../arm-none-eabi/lib/thumb/v7e-m+fp/hard\libc_nano.a(libc_a-atoi.o)
                              ./App/cmd_line_task/cli_command.o (atoi)
C:/ST/STM32CubeIDE_2.0.0/STM32CubeIDE/plugins/com.st.stm32cube.ide.mcu.externaltools.gnu-tools-for-stm32.13.3.rel1.win32_1.0.100.202509120712/tools/bin/../lib/gcc/arm-none-eabi/13.3.1/../../../../arm-none-eabi/lib/thumb/v7e-m+fp/hard\libc_nano.a(libc_a-exit.o)
                              C:/ST/STM32CubeIDE_2.0.0/STM32CubeIDE/plugins/com.st.stm32cube.ide.mcu.externaltools.gnu-tools-for-stm32.13.3.rel1.win32_1.0.100.202509120712/tools/bin/../lib/gcc/arm-none-eabi/13.3.1/../../../../arm-none-eabi/lib/thumb/v7e-m+fp/hard/crt0.o (exit)
C:/ST/STM32CubeIDE_2.0.0/STM32CubeIDE/plugins/com.st.stm32cube.ide.mcu.externaltools.gnu-tools-for-stm32.13.3.rel1.win32_1.0.100.202509120712/tools/bin/../lib/gcc/arm-none-eabi/13.3.1/../../../../arm-none-eabi/lib/thumb/v7e-m+fp/hard\libc_nano.a(libc_a-strtol.o)
                              C:/ST/STM32CubeIDE_2.0.0/STM32CubeIDE/plugins/com.st.stm32cube.ide.mcu.externaltools.gnu-tools-for-stm32.13.3.rel1.win32_1.0.100.202509120712/tools/bin/../lib/gcc/arm-none-eabi/13.3.1/../../../../arm-none-eabi/lib/thumb/v7e-m+fp/hard\libc_nano.a(libc_a-atoi.o) (_strtol_r)
C:/ST/STM32CubeIDE_2.0.0/STM32CubeIDE/plugins/com.st.stm32cube.ide.mcu.externaltools.gnu-tools-for-stm32.13.3.rel1.win32_1.0.100.202509120712/tools/bin/../lib/gcc/arm-none-eabi/13.3.1/../../../../arm-none-eabi/lib/thumb/v7e-m+fp/hard\libc_nano.a(libc_a-ctype_.o)
                              C:/ST/STM32CubeIDE_2.0.0/STM32CubeIDE/plugins/com.st.stm32cube.ide.mcu.externaltools.gnu-tools-for-stm32.13.3.rel1.win32_1.0.100.202509120712/tools/bin/../lib/gcc/arm-none-eabi/13.3.1/../../../../arm-none-eabi/lib/thumb/v7e-m+fp/hard\libc_nano.a(libc_a-strtol.o) (_ctype_)
C:/ST/STM32CubeIDE_2.0.0/STM32CubeIDE/plugins/com.st.stm32cube.ide.mcu.externaltools.gnu-tools-for-stm32.13.3.rel1.win32_1.0.100.202509120712/tools/bin/../lib/gcc/arm-none-eabi/13.3.1/../../../../arm-none-eabi/lib/thumb/v7e-m+fp/hard\libc_nano.a(libc_a-findfp.o)
                              C:/ST/STM32CubeIDE_2.0.0/STM32CubeIDE/plugins/com.st.stm32cube.ide.mcu.externaltools.gnu-tools-for-stm32.13.3.rel1.win32_1.0.100.202509120712/tools/bin/../lib/gcc/arm-none-eabi/13.3.1/../../../../arm-none-eabi/lib/thumb/v7e-m+fp/hard\libc_nano.a(libc_a-exit.o) (__stdio_exit_handler)
C:/ST/STM32CubeIDE_2.0.0/STM32CubeIDE/plugins/com.st.stm32cube.ide.mcu.externaltools.gnu-tools-for-stm32.13.3.rel1.win32_1.0.100.202509120712/tools/bin/../lib/gcc/arm-none-eabi/13.3.1/../../../../arm-none-eabi/lib/thumb/v7e-m+fp/hard\libc_nano.a(libc_a-fwalk.o)
                              C:/ST/STM32CubeIDE_2.0.0/STM32CubeIDE/plugins/com.st.stm32cube.ide.mcu.externaltools.gnu-tools-for-stm32.13.3.rel1.win32_1.0.100.202509120712/tools/bin/../lib/gcc/arm-none-eabi/13.3.1/../../../../arm-none-eabi/lib/thumb/v7e-m+fp/hard\libc_nano.a(libc_a-findfp.o) (_fwalk_sglue)
C:/ST/STM32CubeIDE_2.0.0/STM32CubeIDE/plugins/com.st.stm32cube.ide.mcu.externaltools.gnu-tools-for-stm32.13.3.rel1.win32_1.0.100.202509120712/tools/bin/../lib/gcc/arm-none-eabi/13.3.1/../../../../arm-none-eabi/lib/thumb/v7e-m+fp/hard\libc_nano.a(libc_a-snprintf.o)
                              ./App/cmd_line_task/cli_command.o (snprintf)
C:/ST/STM32CubeIDE_2.0.0/STM32CubeIDE/plugins/com.st.stm32cube.ide.mcu.externaltools.gnu-tools-for-stm32.13.3.rel1.win32_1.0.100.202509120712/tools/bin/../lib/gcc/arm-none-eabi/13.3.1/../../../../arm-none-eabi/lib/thumb/v7e-m+fp/hard\libc_nano.a(libc_a-sprintf.o)
                              ./App/fsp_line_task/fsp_frame.o (sprintf)
C:/ST/STM32CubeIDE_2.0.0/STM32CubeIDE/plugins/com.st.stm32cube.ide.mcu.externaltools.gnu-tools-for-stm32.13.3.rel1.win32_1.0.100.202509120712/tools/bin/../lib/gcc/arm-none-eabi/13.3.1/../../../../arm-none-eabi/lib/thumb/v7e-m+fp/hard\libc_nano.a(libc_a-stdio.o)
                              C:/ST/STM32CubeIDE_2.0.0/STM32CubeIDE/plugins/com.st.stm32cube.ide.mcu.externaltools.gnu-tools-for-stm32.13.3.rel1.win32_1.0.100.202509120712/tools/bin/../lib/gcc/arm-none-eabi/13.3.1/../../../../arm-none-eabi/lib/thumb/v7e-m+fp/hard\libc_nano.a(libc_a-findfp.o) (__sread)
C:/ST/STM32CubeIDE_2.0.0/STM32CubeIDE/plugins/com.st.stm32cube.ide.mcu.externaltools.gnu-tools-for-stm32.13.3.rel1.win32_1.0.100.202509120712/tools/bin/../lib/gcc/arm-none-eabi/13.3.1/../../../../arm-none-eabi/lib/thumb/v7e-m+fp/hard\libc_nano.a(libc_a-memmove.o)
                              ./MyDRV/cli/CLI_Src/embedded_cli.o (memmove)
[...]
Memory Configuration

Name             Origin             Length             Attributes
CCMRAM           0x10000000         0x00010000         xrw
RAM              0x20000000         0x00020000         xrw
FLASH            0x08000000         0x00100000         xr
*default*        0x00000000         0xffffffff

Linker script and memory map

LOAD C:/ST/STM32CubeIDE_2.0.0/STM32CubeIDE/plugins/com.st.stm32cube.ide.mcu.externaltools.gnu-tools-for-stm32.13.3.rel1.win32_1.0.100.202509120712/tools/bin/../lib/gcc/arm-none-eabi/13.3.1/thumb/v7e-m+fp/hard/crti.o
LOAD C:/ST/STM32CubeIDE_2.0.0/STM32CubeIDE/plugins/com.st.stm32cube.ide.mcu.externaltools.gnu-tools-for-stm32.13.3.rel1.win32_1.0.100.202509120712/tools/bin/../lib/gcc/arm-none-eabi/13.3.1/thumb/v7e-m+fp/hard/crtbegin.o
LOAD C:/ST/STM32CubeIDE_2.0.0/STM32CubeIDE/plugins/com.st.stm32cube.ide.mcu.externaltools.gnu-tools-for-stm32.13.3.rel1.win32_1.0.100.202509120712/tools/bin/../lib/gcc/arm-none-eabi/13.3.1/../../../../arm-none-eabi/lib/thumb/v7e-m+fp/hard/crt0.o
LOAD ./App/H_bridge_task/h_bridge_task.o
LOAD ./App/app.o
LOAD ./App/cmd_line_task/cli_command.o
LOAD ./App/cmd_line_task/xbee_cmd_task.o
LOAD ./App/fsp_line_task/fsp_frame.o
LOAD ./App/fsp_line_task/fsp_line_task.o
LOAD ./Core/Src/main.o
LOAD ./Core/Src/stm32f4xx_it.o
LOAD ./Core/Src/syscalls.o
LOAD ./Core/Src/sysmem.o
LOAD ./Core/Src/system_stm32f4xx.o
LOAD ./Core/Startup/startup_stm32f405rgtx.o
LOAD ./Drivers/STM32F4xx_HAL_Driver/Src/stm32f4xx_ll_dma.o
LOAD ./Drivers/STM32F4xx_HAL_Driver/Src/stm32f4xx_ll_exti.o
LOAD ./Drivers/STM32F4xx_HAL_Driver/Src/stm32f4xx_ll_gpio.o
LOAD ./Drivers/STM32F4xx_HAL_Driver/Src/stm32f4xx_ll_rcc.o
LOAD ./Drivers/STM32F4xx_HAL_Driver/Src/stm32f4xx_ll_tim.o
LOAD ./Drivers/STM32F4xx_HAL_Driver/Src/stm32f4xx_ll_usart.o
LOAD ./Drivers/STM32F4xx_HAL_Driver/Src/stm32f4xx_ll_utils.o
LOAD ./MyDRV/H_switch/h_bridge_driver.o
LOAD ./MyDRV/V_switch/v_switch._driver.o
LOAD ./MyDRV/cli/CLI_Setup/cli_setup.o
LOAD ./MyDRV/cli/CLI_Src/embedded_cli.o
LOAD ./MyDRV/fsp/crc16.o
LOAD ./MyDRV/fsp/fsp.o
LOAD ./MyDRV/pwm/pwm.o
LOAD ./MyDRV/scheduler/scheduler.o
LOAD ./MyDRV/uart/ring_buffer.o
LOAD ./MyDRV/uart/uart_driver.o
START GROUP
LOAD C:/ST/STM32CubeIDE_2.0.0/STM32CubeIDE/plugins/com.st.stm32cube.ide.mcu.externaltools.gnu-tools-for-stm32.13.3.rel1.win32_1.0.100.202509120712/tools/bin/../lib/gcc/arm-none-eabi/13.3.1/../../../../arm-none-eabi/lib/thumb/v7e-m+fp/hard\libc_nano.a
LOAD C:/ST/STM32CubeIDE_2.0.0/STM32CubeIDE/plugins/com.st.stm32cube.ide.mcu.externaltools.gnu-tools-for-stm32.13.3.rel1.win32_1.0.100.202509120712/tools/bin/../lib/gcc/arm-none-eabi/13.3.1/../../../../arm-none-eabi/lib/thumb/v7e-m+fp/hard\libm.a
END GROUP
START GROUP
LOAD C:/ST/STM32CubeIDE_2.0.0/STM32CubeIDE/plugins/com.st.stm32cube.ide.mcu.externaltools.gnu-tools-for-stm32.13.3.rel1.win32_1.0.100.202509120712/tools/bin/../lib/gcc/arm-none-eabi/13.3.1/thumb/v7e-m+fp/hard\libgcc.a
LOAD C:/ST/STM32CubeIDE_2.0.0/STM32CubeIDE/plugins/com.st.stm32cube.ide.mcu.externaltools.gnu-tools-for-stm32.13.3.rel1.win32_1.0.100.202509120712/tools/bin/../lib/gcc/arm-none-eabi/13.3.1/../../../../arm-none-eabi/lib/thumb/v7e-m+fp/hard\libc_nano.a
END GROUP
START GROUP
LOAD C:/ST/STM32CubeIDE_2.0.0/STM32CubeIDE/plugins/com.st.stm32cube.ide.mcu.externaltools.gnu-tools-for-stm32.13.3.rel1.win32_1.0.100.202509120712/tools/bin/../lib/gcc/arm-none-eabi/13.3.1/thumb/v7e-m+fp/hard\libgcc.a
LOAD C:/ST/STM32CubeIDE_2.0.0/STM32CubeIDE/plugins/com.st.stm32cube.ide.mcu.externaltools.gnu-tools-for-stm32.13.3.rel1.win32_1.0.100.202509120712/tools/bin/../lib/gcc/arm-none-eabi/13.3.1/../../../../arm-none-eabi/lib/thumb/v7e-m+fp/hard\libc_nano.a
LOAD C:/ST/STM32CubeIDE_2.0.0/STM32CubeIDE/plugins/com.st.stm32cube.ide.mcu.externaltools.gnu-tools-for-stm32.13.3.rel1.win32_1.0.100.202509120712/tools/bin/../lib/gcc/arm-none-eabi/13.3.1/../../../../arm-none-eabi/lib/thumb/v7e-m+fp/hard\libnosys.a
END GROUP
START GROUP
LOAD C:/ST/STM32CubeIDE_2.0.0/STM32CubeIDE/plugins/com.st.stm32cube.ide.mcu.externaltools.gnu-tools-for-stm32.13.3.rel1.win32_1.0.100.202509120712/tools/bin/../lib/gcc/arm-none-eabi/13.3.1/thumb/v7e-m+fp/hard\libgcc.a
LOAD C:/ST/STM32CubeIDE_2.0.0/STM32CubeIDE/plugins/com.st.stm32cube.ide.mcu.externaltools.gnu-tools-for-stm32.13.3.rel1.win32_1.0.100.202509120712/tools/bin/../lib/gcc/arm-none-eabi/13.3.1/../../../../arm-none-eabi/lib/thumb/v7e-m+fp/hard\libc_nano.a
LOAD C:/ST/STM32CubeIDE_2.0.0/STM32CubeIDE/plugins/com.st.stm32cube.ide.mcu.externaltools.gnu-tools-for-stm32.13.3.rel1.win32_1.0.100.202509120712/tools/bin/../lib/gcc/arm-none-eabi/13.3.1/../../../../arm-none-eabi/lib/thumb/v7e-m+fp/hard\libnosys.a
END GROUP
LOAD C:/ST/STM32CubeIDE_2.0.0/STM32CubeIDE/plugins/com.st.stm32cube.ide.mcu.externaltools.gnu-tools-for-stm32.13.3.rel1.win32_1.0.100.202509120712/tools/bin/../lib/gcc/arm-none-eabi/13.3.1/thumb/v7e-m+fp/hard/crtend.o
LOAD C:/ST/STM32CubeIDE_2.0.0/STM32CubeIDE/plugins/com.st.stm32cube.ide.mcu.externaltools.gnu-tools-for-stm32.13.3.rel1.win32_1.0.100.202509120712/tools/bin/../lib/gcc/arm-none-eabi/13.3.1/thumb/v7e-m+fp/hard/crtn.o
                0x20020000                        _estack = (ORIGIN (RAM) + LENGTH (RAM))
                0x00000200                        _Min_Heap_Size = 0x200
                0x00000400                        _Min_Stack_Size = 0x400

.isr_vector     0x08000000      0x188
                0x08000000                        . = ALIGN (0x4)
 *(.isr_vector)
 .isr_vector    0x08000000      0x188 ./Core/Startup/startup_stm32f405rgtx.o
                0x08000000                g_pfnVectors
                0x08000188                        . = ALIGN (0x4)

.text           0x08000190     0x8558
                0x08000190                        . = ALIGN (0x4)
 *(.text)
 .text          0x08000190       0x40 C:/ST/STM32CubeIDE_2.0.0/STM32CubeIDE/plugins/com.st.stm32cube.ide.mcu.externaltools.gnu-tools-for-stm32.13.3.rel1.win32_1.0.100.202509120712/tools/bin/../lib/gcc/arm-none-eabi/13.3.1/thumb/v7e-m+fp/hard/crtbegin.o
 .text          0x080001d0       0x14 C:/ST/STM32CubeIDE_2.0.0/STM32CubeIDE/plugins/com.st.stm32cube.ide.mcu.externaltools.gnu-tools-for-stm32.13.3.rel1.win32_1.0.100.202509120712/tools/bin/../lib/gcc/arm-none-eabi/13.3.1/../../../../arm-none-eabi/lib/thumb/v7e-m+fp/hard\libc_nano.a(libc_a-strcmp.o)
                0x080001d0                strcmp
 .text          0x080001e4       0x10 C:/ST/STM32CubeIDE_2.0.0/STM32CubeIDE/plugins/com.st.stm32cube.ide.mcu.externaltools.gnu-tools-for-stm32.13.3.rel1.win32_1.0.100.202509120712/tools/bin/../lib/gcc/arm-none-eabi/13.3.1/../../../../arm-none-eabi/lib/thumb/v7e-m+fp/hard\libc_nano.a(libc_a-strlen.o)
                0x080001e4                strlen
 *fill*         0x080001f4        0xc 
 .text          0x08000200       0xa0 C:/ST/STM32CubeIDE_2.0.0/STM32CubeIDE/plugins/com.st.stm32cube.ide.mcu.externaltools.gnu-tools-for-stm32.13.3.rel1.win32_1.0.100.202509120712/tools/bin/../lib/gcc/arm-none-eabi/13.3.1/../../../../arm-none-eabi/lib/thumb/v7e-m+fp/hard\libc_nano.a(libc_a-memchr.o)
                0x08000200                memchr
 .text          0x080002a0      0x378 C:/ST/STM32CubeIDE_2.0.0/STM32CubeIDE/plugins/com.st.stm32cube.ide.mcu.externaltools.gnu-tools-for-stm32.13.3.rel1.win32_1.0.100.202509120712/tools/bin/../lib/gcc/arm-none-eabi/13.3.1/thumb/v7e-m+fp/hard\libgcc.a(_arm_addsubdf3.o)
                0x080002a0                __aeabi_drsub
                0x080002a8                __aeabi_dsub
                0x080002a8                __subdf3
                0x080002ac                __aeabi_dadd
                0x080002ac                __adddf3
                0x08000524                __floatunsidf
                0x08000524                __aeabi_ui2d
                0x08000544                __floatsidf
                0x08000544                __aeabi_i2d
                0x08000568                __aeabi_f2d
                0x08000568                __extendsfdf2
                0x080005ac                __floatundidf
                0x080005ac                __aeabi_ul2d
                0x080005bc                __floatdidf
                0x080005bc                __aeabi_l2d
 .text          0x08000618      0x424 C:/ST/STM32CubeIDE_2.0.0/STM32CubeIDE/plugins/com.st.stm32cube.ide.mcu.externaltools.gnu-tools-for-stm32.13.3.rel1.win32_1.0.100.202509120712/tools/bin/../lib/gcc/arm-none-eabi/13.3.1/thumb/v7e-m+fp/hard\libgcc.a(_arm_muldivdf3.o)
                0x08000618                __aeabi_dmul
                0x08000618                __muldf3
                0x0800086c                __divdf3
                0x0800086c                __aeabi_ddiv
 .text          0x08000a3c       0x40 C:/ST/STM32CubeIDE_2.0.0/STM32CubeIDE/plugins/com.st.stm32cube.ide.mcu.externaltools.gnu-tools-for-stm32.13.3.rel1.win32_1.0.100.202509120712/tools/bin/../lib/gcc/arm-none-eabi/13.3.1/thumb/v7e-m+fp/hard\libgcc.a(_arm_fixunsdfsi.o)
                0x08000a3c                __aeabi_d2uiz
                0x08000a3c                __fixunsdfsi
 .text          0x08000a7c       0x30 C:/ST/STM32CubeIDE_2.0.0/STM32CubeIDE/plugins/com.st.stm32cube.ide.mcu.externaltools.gnu-tools-for-stm32.13.3.rel1.win32_1.0.100.202509120712/tools/bin/../lib/gcc/arm-none-eabi/13.3.1/thumb/v7e-m+fp/hard\libgcc.a(_aeabi_uldivmod.o)
                0x08000a7c                __aeabi_uldivmod
 .text          0x08000aac      0x2f8 C:/ST/STM32CubeIDE_2.0.0/STM32CubeIDE/plugins/com.st.stm32cube.ide.mcu.externaltools.gnu-tools-for-stm32.13.3.rel1.win32_1.0.100.202509120712/tools/bin/../lib/gcc/arm-none-eabi/13.3.1/thumb/v7e-m+fp/hard\libgcc.a(_udivmoddi4.o)
                0x08000aac                __udivmoddi4
 .text          0x08000da4        0x4 C:/ST/STM32CubeIDE_2.0.0/STM32CubeIDE/plugins/com.st.stm32cube.ide.mcu.externaltools.gnu-tools-for-stm32.13.3.rel1.win32_1.0.100.202509120712/tools/bin/../lib/gcc/arm-none-eabi/13.3.1/thumb/v7e-m+fp/hard\libgcc.a(_dvmd_tls.o)
                0x08000da4                __aeabi_idiv0
                0x08000da4                __aeabi_ldiv0
 *(.text*)
 .text.H_Bridge_Task_Init
                0x08000da8       0x60 ./App/H_bridge_task/h_bridge_task.o
                0x08000da8                H_Bridge_Task_Init
 .text.H_Bridge_Task
                0x08000e08      0x334 ./App/H_bridge_task/h_bridge_task.o
                0x08000e08                H_Bridge_Task
 .text.App_Main
                0x0800113c       0x1e ./App/app.o
                0x0800113c                App_Main
 .text.Status_Led
                0x0800115a       0x14 ./App/app.o
 *fill*         0x0800116e        0x2 
 .text.__NVIC_SystemReset
                0x08001170       0x2c ./App/cmd_line_task/cli_command.o
 .text.CMD_SET_CAP_VOLT_ALL
                0x0800119c      0x134 ./App/cmd_line_task/cli_command.o
 .text.CMD_SET_CAP_VOLT_HV
                0x080012d0       0xd0 ./App/cmd_line_task/cli_command.o
 .text.CMD_SET_CAP_VOLT_LV
                0x080013a0       0xcc ./App/cmd_line_task/cli_command.o
 .text.CMD_SET_CAP_CONTROL
                0x0800146c      0x13c ./App/cmd_line_task/cli_command.o
 .text.CMD_SET_CAP_RELEASE
                0x080015a8       0xc4 ./App/cmd_line_task/cli_command.o
 .text.CMD_ClearCLI
                0x0800166c       0x34 ./App/cmd_line_task/cli_command.o
 .text.CMD_Reset
                0x080016a0       0x10 ./App/cmd_line_task/cli_command.o
 .text.CMD_SET_SEQUENCE_INDEX
                0x080016b0       0xb0 ./App/cmd_line_task/cli_command.o
 .text.CMD_SET_SEQUENCE_DELETE
                0x08001760       0x5c ./App/cmd_line_task/cli_command.o
 .text.CMD_SET_SEQUENCE_CONFIRM
                0x080017bc       0x58 ./App/cmd_line_task/cli_command.o
 .text.CMD_SET_SEQUENCE_DELAY
                0x08001814       0x88 ./App/cmd_line_task/cli_command.o
 .text.CMD_SET_PULSE_POLE
                0x0800189c       0xcc ./App/cmd_line_task/cli_command.o
 .text.CMD_SET_PULSE_COUNT
                0x08001968      0x12c ./App/cmd_line_task/cli_command.o
 .text.CMD_SET_PULSE_DELAY
                0x08001a94       0xec ./App/cmd_line_task/cli_command.o
 .text.CMD_SET_PULSE_HV_POS
                0x08001b80       0xf8 ./App/cmd_line_task/cli_command.o
 .text.CMD_SET_PULSE_HV_NEG
                0x08001c78       0xf8 ./App/cmd_line_task/cli_command.o
 .text.CMD_SET_PULSE_LV_POS
                0x08001d70       0xf8 ./App/cmd_line_task/cli_command.o
 .text.CMD_SET_PULSE_LV_NEG
                0x08001e68       0xf8 ./App/cmd_line_task/cli_command.o
 .text.CMD_SET_PULSE_CONTROL
                0x08001f60       0x80 ./App/cmd_line_task/cli_command.o
 .text.fsp_print
                0x08001fe0       0x84 ./App/cmd_line_task/cli_command.o
 .text.getCliStaticBindings
                0x08002064       0x14 ./App/cmd_line_task/cli_command.o
                0x08002064                getCliStaticBindings
 .text.getCliStaticBindingCount
                0x08002078       0x10 ./App/cmd_line_task/cli_command.o
                0x08002078                getCliStaticBindingCount
 .text.LL_USART_TransmitData8
                0x08002088       0x1e ./App/cmd_line_task/xbee_cmd_task.o
 *fill*         0x080020a6        0x2 
 .text.CMD_Line_Task_Init
                0x080020a8       0x80 ./App/cmd_line_task/xbee_cmd_task.o
                0x080020a8                CMD_Line_Task_Init
 .text.Debug_CMD_Line_Task
                0x08002128       0x48 ./App/cmd_line_task/xbee_cmd_task.o
                0x08002128                Debug_CMD_Line_Task
 .text.__NVIC_SetPriorityGrouping
                0x08002170       0x48 ./Core/Src/main.o
 .text.__NVIC_GetPriorityGrouping
                0x080021b8       0x1c ./Core/Src/main.o
 .text.__NVIC_EnableIRQ
                0x080021d4       0x3c ./Core/Src/main.o
 .text.__NVIC_SetPriority
                0x08002210       0x54 ./Core/Src/main.o
 .text.NVIC_EncodePriority
                0x08002264       0x66 ./Core/Src/main.o
 *fill*         0x080022ca        0x2 
 .text.LL_RCC_HSE_Enable
                0x080022cc       0x20 ./Core/Src/main.o
 .text.LL_RCC_HSE_IsReady
                0x080022ec       0x28 ./Core/Src/main.o
 .text.LL_RCC_SetSysClkSource
                0x08002314       0x28 ./Core/Src/main.o
 .text.LL_RCC_GetSysClkSource
                0x0800233c       0x1c ./Core/Src/main.o
 .text.LL_RCC_SetAHBPrescaler
                0x08002358       0x28 ./Core/Src/main.o
 .text.LL_RCC_SetAPB1Prescaler
                0x08002380       0x28 ./Core/Src/main.o
 .text.LL_RCC_SetAPB2Prescaler
                0x080023a8       0x28 ./Core/Src/main.o
 .text.LL_RCC_PLL_Enable
                0x080023d0       0x20 ./Core/Src/main.o
 .text.LL_RCC_PLL_IsReady
                0x080023f0       0x28 ./Core/Src/main.o
 .text.LL_RCC_PLL_ConfigDomain_SYS
                0x08002418       0x4c ./Core/Src/main.o
 .text.LL_AHB1_GRP1_EnableClock
                0x08002464       0x30 ./Core/Src/main.o
 .text.LL_APB1_GRP1_EnableClock
                0x08002494       0x30 ./Core/Src/main.o
 .text.LL_APB2_GRP1_EnableClock
                0x080024c4       0x30 ./Core/Src/main.o
 .text.LL_FLASH_SetLatency
                0x080024f4       0x28 ./Core/Src/main.o
 .text.LL_FLASH_GetLatency
                0x0800251c       0x1c ./Core/Src/main.o
 .text.LL_PWR_SetRegulVoltageScaling
                0x08002538       0x28 ./Core/Src/main.o
 .text.LL_PWR_IsActiveFlag_VOS
                0x08002560       0x28 ./Core/Src/main.o
 .text.LL_DMA_SetDataTransferDirection
                0x08002588       0x48 ./Core/Src/main.o
 .text.LL_DMA_SetMode
                0x080025d0       0x48 ./Core/Src/main.o
 .text.LL_DMA_SetPeriphIncMode
                0x08002618       0x48 ./Core/Src/main.o
 .text.LL_DMA_SetMemoryIncMode
                0x08002660       0x48 ./Core/Src/main.o
 .text.LL_DMA_SetPeriphSize
                0x080026a8       0x48 ./Core/Src/main.o
 .text.LL_DMA_SetMemorySize
                0x080026f0       0x48 ./Core/Src/main.o
 .text.LL_DMA_SetStreamPriorityLevel
                0x08002738       0x48 ./Core/Src/main.o
 .text.LL_DMA_SetChannelSelection
                0x08002780       0x48 ./Core/Src/main.o
 .text.LL_DMA_DisableFifoMode
                0x080027c8       0x40 ./Core/Src/main.o
 .text.LL_TIM_EnableARRPreload
                0x08002808       0x20 ./Core/Src/main.o
 .text.LL_TIM_DisableARRPreload
                0x08002828       0x20 ./Core/Src/main.o
 .text.LL_TIM_OC_DisableFast
                0x08002848       0x8c ./Core/Src/main.o
 .text.LL_TIM_OC_EnablePreload
                0x080028d4       0x88 ./Core/Src/main.o
 .text.LL_TIM_SetClockSource
                0x0800295c       0x2a ./Core/Src/main.o
 .text.LL_TIM_SetTriggerOutput
                0x08002986       0x26 ./Core/Src/main.o
 .text.LL_TIM_DisableMasterSlaveMode
                0x080029ac       0x20 ./Core/Src/main.o
 .text.LL_USART_Enable
                0x080029cc       0x20 ./Core/Src/main.o
 .text.LL_USART_ConfigAsyncMode
                0x080029ec       0x2c ./Core/Src/main.o
 .text.LL_GPIO_ResetOutputPin
                0x08002a18       0x1e ./Core/Src/main.o
 .text.main     0x08002a36       0x5a ./Core/Src/main.o
                0x08002a36                main
 .text.SystemClock_Config
                0x08002a90       0x94 ./Core/Src/main.o
                0x08002a90                SystemClock_Config
 .text.MX_TIM2_Init
                0x08002b24       0x84 ./Core/Src/main.o
 .text.MX_TIM3_Init
                0x08002ba8       0xf4 ./Core/Src/main.o
 .text.MX_UART4_Init
                0x08002c9c       0xc0 ./Core/Src/main.o
 .text.MX_USART1_UART_Init
                0x08002d5c       0xc0 ./Core/Src/main.o
 .text.MX_GPIO_Init
                0x08002e1c       0x90 ./Core/Src/main.o
 .text.MX_TIM1_Init
                0x08002eac      0x1f4 ./Core/Src/main.o
 .text.LL_TIM_ClearFlag_UPDATE
                0x080030a0       0x1c ./Core/Src/stm32f4xx_it.o
 .text.LL_TIM_IsActiveFlag_UPDATE
                0x080030bc       0x26 ./Core/Src/stm32f4xx_it.o
 .text.LL_TIM_IsEnabledIT_UPDATE
                0x080030e2       0x26 ./Core/Src/stm32f4xx_it.o
 .text.LL_GPIO_TogglePin
                0x08003108       0x32 ./Core/Src/stm32f4xx_it.o
 .text.NMI_Handler
                0x0800313a        0x8 ./Core/Src/stm32f4xx_it.o
                0x0800313a                NMI_Handler
 .text.HardFault_Handler
                0x08003142        0x8 ./Core/Src/stm32f4xx_it.o
                0x08003142                HardFault_Handler
 .text.MemManage_Handler
                0x0800314a        0x8 ./Core/Src/stm32f4xx_it.o
                0x0800314a                MemManage_Handler
 .text.BusFault_Handler
                0x08003152        0x8 ./Core/Src/stm32f4xx_it.o
                0x08003152                BusFault_Handler
 .text.UsageFault_Handler
                0x0800315a        0x8 ./Core/Src/stm32f4xx_it.o
                0x0800315a                UsageFault_Handler
 .text.SVC_Handler
                0x08003162        0xe ./Core/Src/stm32f4xx_it.o
                0x08003162                SVC_Handler
 .text.DebugMon_Handler
                0x08003170        0xe ./Core/Src/stm32f4xx_it.o
                0x08003170                DebugMon_Handler
 .text.PendSV_Handler
                0x0800317e        0xe ./Core/Src/stm32f4xx_it.o
                0x0800317e                PendSV_Handler
 .text.SysTick_Handler
                0x0800318c        0xc ./Core/Src/stm32f4xx_it.o
                0x0800318c                SysTick_Handler
 .text.TIM2_IRQHandler
                0x08003198       0x38 ./Core/Src/stm32f4xx_it.o
                0x08003198                TIM2_IRQHandler
 .text.USART1_IRQHandler
                0x080031d0       0x14 ./Core/Src/stm32f4xx_it.o
                0x080031d0                USART1_IRQHandler
 .text.UART4_IRQHandler
                0x080031e4        0xe ./Core/Src/stm32f4xx_it.o
                0x080031e4                UART4_IRQHandler
 *fill*         0x080031f2        0x2 
 .text._sbrk    0x080031f4       0x6c ./Core/Src/sysmem.o
                0x080031f4                _sbrk
 .text.SystemInit
                0x08003260       0x24 ./Core/Src/system_stm32f4xx.o
                0x08003260                SystemInit
 .text.Reset_Handler
                0x08003284       0x50 ./Core/Startup/startup_stm32f405rgtx.o
                0x08003284                Reset_Handler
 .text.Default_Handler
                0x080032d4        0x2 ./Core/Startup/startup_stm32f405rgtx.o
                0x080032d4                RTC_Alarm_IRQHandler
                0x080032d4                HASH_RNG_IRQHandler
                0x080032d4                EXTI2_IRQHandler
                0x080032d4                TIM8_CC_IRQHandler
                0x080032d4                TIM1_CC_IRQHandler
                0x080032d4                DMA1_Stream5_IRQHandler
                0x080032d4                PVD_IRQHandler
                0x080032d4                SDIO_IRQHandler
                0x080032d4                TAMP_STAMP_IRQHandler
                0x080032d4                CAN2_RX1_IRQHandler
                0x080032d4                EXTI3_IRQHandler
                0x080032d4                TIM8_TRG_COM_TIM14_IRQHandler
                0x080032d4                TIM1_UP_TIM10_IRQHandler
                0x080032d4                TIM8_UP_TIM13_IRQHandler
                0x080032d4                I2C3_ER_IRQHandler
                0x080032d4                EXTI0_IRQHandler
                0x080032d4                I2C2_EV_IRQHandler
                0x080032d4                DMA1_Stream2_IRQHandler
                0x080032d4                CAN1_RX0_IRQHandler
                0x080032d4                FPU_IRQHandler
                0x080032d4                OTG_HS_WKUP_IRQHandler
                0x080032d4                CAN2_SCE_IRQHandler
                0x080032d4                DMA2_Stream2_IRQHandler
                0x080032d4                SPI1_IRQHandler
                0x080032d4                TIM6_DAC_IRQHandler
                0x080032d4                TIM1_BRK_TIM9_IRQHandler
                0x080032d4                CAN2_RX0_IRQHandler
                0x080032d4                DMA2_Stream3_IRQHandler
                0x080032d4                USART6_IRQHandler
                0x080032d4                USART3_IRQHandler
                0x080032d4                CAN1_RX1_IRQHandler
                0x080032d4                UART5_IRQHandler
                0x080032d4                DMA2_Stream0_IRQHandler
                0x080032d4                TIM4_IRQHandler
                0x080032d4                I2C1_EV_IRQHandler
                0x080032d4                DMA1_Stream6_IRQHandler
                0x080032d4                DMA1_Stream1_IRQHandler
                0x080032d4                TIM3_IRQHandler
                0x080032d4                RCC_IRQHandler
                0x080032d4                TIM8_BRK_TIM12_IRQHandler
                0x080032d4                Default_Handler
                0x080032d4                EXTI15_10_IRQHandler
                0x080032d4                ADC_IRQHandler
                0x080032d4                DMA1_Stream7_IRQHandler
                0x080032d4                TIM7_IRQHandler
                0x080032d4                CAN2_TX_IRQHandler
                0x080032d4                TIM5_IRQHandler
                0x080032d4                DMA2_Stream7_IRQHandler
                0x080032d4                I2C3_EV_IRQHandler
                0x080032d4                EXTI9_5_IRQHandler
                0x080032d4                RTC_WKUP_IRQHandler
                0x080032d4                SPI2_IRQHandler
                0x080032d4                OTG_HS_EP1_IN_IRQHandler
                0x080032d4                DMA1_Stream0_IRQHandler
                0x080032d4                CAN1_TX_IRQHandler
                0x080032d4                EXTI4_IRQHandler
                0x080032d4                FSMC_IRQHandler
                0x080032d4                OTG_HS_EP1_OUT_IRQHandler
                0x080032d4                WWDG_IRQHandler
                0x080032d4                OTG_FS_WKUP_IRQHandler
                0x080032d4                TIM1_TRG_COM_TIM11_IRQHandler
                0x080032d4                OTG_HS_IRQHandler
                0x080032d4                EXTI1_IRQHandler
                0x080032d4                USART2_IRQHandler
                0x080032d4                I2C2_ER_IRQHandler
                0x080032d4                DMA2_Stream1_IRQHandler
                0x080032d4                CAN1_SCE_IRQHandler
                0x080032d4                FLASH_IRQHandler
                0x080032d4                DMA2_Stream4_IRQHandler
                0x080032d4                OTG_FS_IRQHandler
                0x080032d4                SPI3_IRQHandler
                0x080032d4                DMA1_Stream4_IRQHandler
                0x080032d4                I2C1_ER_IRQHandler
                0x080032d4                DMA2_Stream6_IRQHandler
                0x080032d4                DMA1_Stream3_IRQHandler
 .text.LL_GPIO_SetPinMode
                0x080032d6       0x7a ./Drivers/STM32F4xx_HAL_Driver/Src/stm32f4xx_ll_gpio.o
 .text.LL_GPIO_SetPinOutputType
                0x08003350       0x30 ./Drivers/STM32F4xx_HAL_Driver/Src/stm32f4xx_ll_gpio.o
 .text.LL_GPIO_SetPinSpeed
                0x08003380       0x7a ./Drivers/STM32F4xx_HAL_Driver/Src/stm32f4xx_ll_gpio.o
 .text.LL_GPIO_SetPinPull
                0x080033fa       0x7a ./Drivers/STM32F4xx_HAL_Driver/Src/stm32f4xx_ll_gpio.o
 .text.LL_GPIO_SetAFPin_0_7
                0x08003474       0x7a ./Drivers/STM32F4xx_HAL_Driver/Src/stm32f4xx_ll_gpio.o
 .text.LL_GPIO_SetAFPin_8_15
                0x080034ee       0x7e ./Drivers/STM32F4xx_HAL_Driver/Src/stm32f4xx_ll_gpio.o
 .text.LL_GPIO_Init
                0x0800356c      0x102 ./Drivers/STM32F4xx_HAL_Driver/Src/stm32f4xx_ll_gpio.o
                0x0800356c                LL_GPIO_Init
 *fill*         0x0800366e        0x2 
 .text.LL_RCC_GetSysClkSource
                0x08003670       0x1c ./Drivers/STM32F4xx_HAL_Driver/Src/stm32f4xx_ll_rcc.o
 .text.LL_RCC_GetAHBPrescaler
                0x0800368c       0x1c ./Drivers/STM32F4xx_HAL_Driver/Src/stm32f4xx_ll_rcc.o
 .text.LL_RCC_GetAPB1Prescaler
                0x080036a8       0x1c ./Drivers/STM32F4xx_HAL_Driver/Src/stm32f4xx_ll_rcc.o
 .text.LL_RCC_GetAPB2Prescaler
                0x080036c4       0x1c ./Drivers/STM32F4xx_HAL_Driver/Src/stm32f4xx_ll_rcc.o
 .text.LL_RCC_PLL_GetMainSource
                0x080036e0       0x1c ./Drivers/STM32F4xx_HAL_Driver/Src/stm32f4xx_ll_rcc.o
 .text.LL_RCC_PLL_GetN
                0x080036fc       0x1c ./Drivers/STM32F4xx_HAL_Driver/Src/stm32f4xx_ll_rcc.o
 .text.LL_RCC_PLL_GetP
                0x08003718       0x1c ./Drivers/STM32F4xx_HAL_Driver/Src/stm32f4xx_ll_rcc.o
 .text.LL_RCC_PLL_GetDivider
                0x08003734       0x1c ./Drivers/STM32F4xx_HAL_Driver/Src/stm32f4xx_ll_rcc.o
 .text.LL_RCC_GetSystemClocksFreq
                0x08003750       0x4a ./Drivers/STM32F4xx_HAL_Driver/Src/stm32f4xx_ll_rcc.o
                0x08003750                LL_RCC_GetSystemClocksFreq
 *fill*         0x0800379a        0x2 
 .text.RCC_GetSystemClockFreq
                0x0800379c       0x50 ./Drivers/STM32F4xx_HAL_Driver/Src/stm32f4xx_ll_rcc.o
                0x0800379c                RCC_GetSystemClockFreq
 .text.RCC_GetHCLKClockFreq
                0x080037ec       0x2c ./Drivers/STM32F4xx_HAL_Driver/Src/stm32f4xx_ll_rcc.o
                0x080037ec                RCC_GetHCLKClockFreq
 .text.RCC_GetPCLK1ClockFreq
                0x08003818       0x28 ./Drivers/STM32F4xx_HAL_Driver/Src/stm32f4xx_ll_rcc.o
                0x08003818                RCC_GetPCLK1ClockFreq
 .text.RCC_GetPCLK2ClockFreq
                0x08003840       0x28 ./Drivers/STM32F4xx_HAL_Driver/Src/stm32f4xx_ll_rcc.o
                0x08003840                RCC_GetPCLK2ClockFreq
 .text.RCC_PLL_GetFreqDomain_SYS
                0x08003868       0x7c ./Drivers/STM32F4xx_HAL_Driver/Src/stm32f4xx_ll_rcc.o
                0x08003868                RCC_PLL_GetFreqDomain_SYS
 .text.LL_TIM_SetPrescaler
                0x080038e4       0x1c ./Drivers/STM32F4xx_HAL_Driver/Src/stm32f4xx_ll_tim.o
 .text.LL_TIM_SetAutoReload
                0x08003900       0x1c ./Drivers/STM32F4xx_HAL_Driver/Src/stm32f4xx_ll_tim.o
 .text.LL_TIM_SetRepetitionCounter
                0x0800391c       0x1c ./Drivers/STM32F4xx_HAL_Driver/Src/stm32f4xx_ll_tim.o
 .text.LL_TIM_OC_SetCompareCH1
                0x08003938       0x1c ./Drivers/STM32F4xx_HAL_Driver/Src/stm32f4xx_ll_tim.o
 .text.LL_TIM_OC_SetCompareCH2
                0x08003954       0x1c ./Drivers/STM32F4xx_HAL_Driver/Src/stm32f4xx_ll_tim.o
 .text.LL_TIM_OC_SetCompareCH3
                0x08003970       0x1c ./Drivers/STM32F4xx_HAL_Driver/Src/stm32f4xx_ll_tim.o
 .text.LL_TIM_OC_SetCompareCH4
                0x0800398c       0x1c ./Drivers/STM32F4xx_HAL_Driver/Src/stm32f4xx_ll_tim.o
 .text.LL_TIM_GenerateEvent_UPDATE
                0x080039a8       0x20 ./Drivers/STM32F4xx_HAL_Driver/Src/stm32f4xx_ll_tim.o
 .text.LL_TIM_Init
                0x080039c8      0x134 ./Drivers/STM32F4xx_HAL_Driver/Src/stm32f4xx_ll_tim.o
                0x080039c8                LL_TIM_Init
 .text.LL_TIM_OC_Init
                0x08003afc       0x82 ./Drivers/STM32F4xx_HAL_Driver/Src/stm32f4xx_ll_tim.o
                0x08003afc                LL_TIM_OC_Init
 .text.LL_TIM_BDTR_Init
                0x08003b7e       0x84 ./Drivers/STM32F4xx_HAL_Driver/Src/stm32f4xx_ll_tim.o
                0x08003b7e                LL_TIM_BDTR_Init
 *fill*         0x08003c02        0x2 
 .text.OC1Config
                0x08003c04       0xd8 ./Drivers/STM32F4xx_HAL_Driver/Src/stm32f4xx_ll_tim.o
 .text.OC2Config
                0x08003cdc       0xe0 ./Drivers/STM32F4xx_HAL_Driver/Src/stm32f4xx_ll_tim.o
 .text.OC3Config
                0x08003dbc       0xe0 ./Drivers/STM32F4xx_HAL_Driver/Src/stm32f4xx_ll_tim.o
 .text.OC4Config
                0x08003e9c       0xb0 ./Drivers/STM32F4xx_HAL_Driver/Src/stm32f4xx_ll_tim.o
 .text.LL_USART_IsEnabled
                0x08003f4c       0x28 ./Drivers/STM32F4xx_HAL_Driver/Src/stm32f4xx_ll_usart.o
 .text.LL_USART_SetStopBitsLength
                0x08003f74       0x26 ./Drivers/STM32F4xx_HAL_Driver/Src/stm32f4xx_ll_usart.o
 .text.LL_USART_SetHWFlowCtrl
                0x08003f9a       0x26 ./Drivers/STM32F4xx_HAL_Driver/Src/stm32f4xx_ll_usart.o
 .text.LL_USART_SetBaudRate
                0x08003fc0      0x45c ./Drivers/STM32F4xx_HAL_Driver/Src/stm32f4xx_ll_usart.o
 .text.LL_USART_Init
                0x0800441c      0x100 ./Drivers/STM32F4xx_HAL_Driver/Src/stm32f4xx_ll_usart.o
                0x0800441c                LL_USART_Init
 .text.LL_InitTick
                0x0800451c       0x34 ./Drivers/STM32F4xx_HAL_Driver/Src/stm32f4xx_ll_utils.o
 .text.LL_Init1msTick
                0x08004550       0x1a ./Drivers/STM32F4xx_HAL_Driver/Src/stm32f4xx_ll_utils.o
                0x08004550                LL_Init1msTick
 *fill*         0x0800456a        0x2 
 .text.LL_SetSystemCoreClock
                0x0800456c       0x20 ./Drivers/STM32F4xx_HAL_Driver/Src/stm32f4xx_ll_utils.o
                0x0800456c                LL_SetSystemCoreClock
 .text.LL_DMA_EnableStream
                0x0800458c       0x40 ./MyDRV/H_switch/h_bridge_driver.o
 .text.LL_DMA_DisableStream
                0x080045cc       0x40 ./MyDRV/H_switch/h_bridge_driver.o
 .text.LL_DMA_IsEnabledStream
                0x0800460c       0x38 ./MyDRV/H_switch/h_bridge_driver.o
 .text.LL_DMA_SetDataLength
                0x08004644       0x48 ./MyDRV/H_switch/h_bridge_driver.o
 .text.LL_DMA_SetMemoryAddress
                0x0800468c       0x30 ./MyDRV/H_switch/h_bridge_driver.o
 .text.LL_DMA_SetPeriphAddress
                0x080046bc       0x30 ./MyDRV/H_switch/h_bridge_driver.o
 .text.LL_DMA_IsActiveFlag_TC5
                0x080046ec       0x28 ./MyDRV/H_switch/h_bridge_driver.o
 .text.LL_DMA_ClearFlag_TC5
                0x08004714       0x1c ./MyDRV/H_switch/h_bridge_driver.o
 .text.LL_DMA_EnableIT_TC
                0x08004730       0x40 ./MyDRV/H_switch/h_bridge_driver.o
 .text.LL_TIM_EnableCounter
                0x08004770       0x20 ./MyDRV/H_switch/h_bridge_driver.o
 .text.LL_TIM_DisableCounter
                0x08004790       0x20 ./MyDRV/H_switch/h_bridge_driver.o
 .text.LL_TIM_EnableARRPreload
                0x080047b0       0x20 ./MyDRV/H_switch/h_bridge_driver.o
 .text.LL_TIM_DisableARRPreload
                0x080047d0       0x20 ./MyDRV/H_switch/h_bridge_driver.o
 .text.LL_TIM_SetCounter
                0x080047f0       0x1c ./MyDRV/H_switch/h_bridge_driver.o
 .text.LL_TIM_EnableDMAReq_UPDATE
                0x0800480c       0x20 ./MyDRV/H_switch/h_bridge_driver.o
 .text.LL_TIM_DisableDMAReq_UPDATE
                0x0800482c       0x20 ./MyDRV/H_switch/h_bridge_driver.o
 .text.LL_TIM_EnableDMAReq_CC4
                0x0800484c       0x20 ./MyDRV/H_switch/h_bridge_driver.o
 .text.LL_TIM_DisableDMAReq_CC4
                0x0800486c       0x20 ./MyDRV/H_switch/h_bridge_driver.o
 .text.HB_GetBSRR
                0x0800488c       0xb0 ./MyDRV/H_switch/h_bridge_driver.o
 .text.Wave_Add
                0x0800493c       0x50 ./MyDRV/H_switch/h_bridge_driver.o
                0x0800493c                Wave_Add
 .text.HB_Pulse
                0x0800498c      0x13a ./MyDRV/H_switch/h_bridge_driver.o
                0x0800498c                HB_Pulse
 .text.HB_Delay
                0x08004ac6       0x2e ./MyDRV/H_switch/h_bridge_driver.o
                0x08004ac6                HB_Delay
 .text.DMA_GPIO_Start
                0x08004af4       0x64 ./MyDRV/H_switch/h_bridge_driver.o
                0x08004af4                DMA_GPIO_Start
 .text.DMA_ARR_Start
                0x08004b58       0x5c ./MyDRV/H_switch/h_bridge_driver.o
                0x08004b58                DMA_ARR_Start
 .text.HB_Is_Phase_Done
                0x08004bb4       0x18 ./MyDRV/H_switch/h_bridge_driver.o
                0x08004bb4                HB_Is_Phase_Done
 .text.HB_Start
                0x08004bcc       0x68 ./MyDRV/H_switch/h_bridge_driver.o
                0x08004bcc                HB_Start
 .text.DMA2_Stream5_IRQHandler
                0x08004c34       0x50 ./MyDRV/H_switch/h_bridge_driver.o
                0x08004c34                DMA2_Stream5_IRQHandler
 .text.LL_GPIO_SetOutputPin
                0x08004c84       0x1c ./MyDRV/V_switch/v_switch._driver.o
 .text.LL_GPIO_ResetOutputPin
                0x08004ca0       0x1e ./MyDRV/V_switch/v_switch._driver.o
 .text.LL_TIM_EnableCounter
                0x08004cbe       0x20 ./MyDRV/V_switch/v_switch._driver.o
 .text.LL_TIM_DisableCounter
                0x08004cde       0x20 ./MyDRV/V_switch/v_switch._driver.o
 .text.LL_TIM_EnableUpdateEvent
                0x08004cfe       0x20 ./MyDRV/V_switch/v_switch._driver.o
 .text.LL_TIM_DisableUpdateEvent
                0x08004d1e       0x20 ./MyDRV/V_switch/v_switch._driver.o
 .text.LL_TIM_SetUpdateSource
                0x08004d3e       0x26 ./MyDRV/V_switch/v_switch._driver.o
 .text.LL_TIM_EnableARRPreload
                0x08004d64       0x20 ./MyDRV/V_switch/v_switch._driver.o
 .text.LL_TIM_DisableARRPreload
                0x08004d84       0x20 ./MyDRV/V_switch/v_switch._driver.o
 .text.LL_TIM_SetCounter
                0x08004da4       0x1c ./MyDRV/V_switch/v_switch._driver.o
 .text.LL_TIM_SetPrescaler
                0x08004dc0       0x1c ./MyDRV/V_switch/v_switch._driver.o
 .text.LL_TIM_GetPrescaler
                0x08004ddc       0x18 ./MyDRV/V_switch/v_switch._driver.o
 .text.LL_TIM_SetAutoReload
                0x08004df4       0x1c ./MyDRV/V_switch/v_switch._driver.o
 .text.LL_TIM_CC_EnablePreload
                0x08004e10       0x20 ./MyDRV/V_switch/v_switch._driver.o
 .text.LL_TIM_CC_EnableChannel
                0x08004e30       0x22 ./MyDRV/V_switch/v_switch._driver.o
 *fill*         0x08004e52        0x2 
 .text.LL_TIM_OC_SetMode
                0x08004e54       0x9c ./MyDRV/V_switch/v_switch._driver.o
 .text.LL_TIM_OC_SetPolarity
                0x08004ef0       0x88 ./MyDRV/V_switch/v_switch._driver.o
 .text.LL_TIM_OC_EnablePreload
                0x08004f78       0x88 ./MyDRV/V_switch/v_switch._driver.o
 .text.LL_TIM_OC_SetCompareCH1
                0x08005000       0x1c ./MyDRV/V_switch/v_switch._driver.o
 .text.LL_TIM_OC_SetCompareCH2
                0x0800501c       0x1c ./MyDRV/V_switch/v_switch._driver.o
 .text.LL_TIM_OC_SetCompareCH3
                0x08005038       0x1c ./MyDRV/V_switch/v_switch._driver.o
 .text.LL_TIM_OC_SetCompareCH4
                0x08005054       0x1c ./MyDRV/V_switch/v_switch._driver.o
 .text.LL_TIM_SetOffStates
                0x08005070       0x2c ./MyDRV/V_switch/v_switch._driver.o
 .text.LL_TIM_DisableAutomaticOutput
                0x0800509c       0x20 ./MyDRV/V_switch/v_switch._driver.o
 .text.LL_TIM_EnableAllOutputs
                0x080050bc       0x20 ./MyDRV/V_switch/v_switch._driver.o
 .text.LL_TIM_ClearFlag_UPDATE
                0x080050dc       0x1c ./MyDRV/V_switch/v_switch._driver.o
 .text.LL_TIM_EnableIT_UPDATE
                0x080050f8       0x20 ./MyDRV/V_switch/v_switch._driver.o
 .text.LL_TIM_DisableIT_UPDATE
                0x08005118       0x20 ./MyDRV/V_switch/v_switch._driver.o
 .text.LL_TIM_IsEnabledIT_UPDATE
                0x08005138       0x26 ./MyDRV/V_switch/v_switch._driver.o
 .text.LL_TIM_GenerateEvent_UPDATE
                0x0800515e       0x20 ./MyDRV/V_switch/v_switch._driver.o
 *fill*         0x0800517e        0x2 
 .text.LL_RCC_GetAPB1Prescaler
                0x08005180       0x1c ./MyDRV/V_switch/v_switch._driver.o
 .text.V_Switch_Driver_Init
                0x0800519c      0x1c0 ./MyDRV/V_switch/v_switch._driver.o
                0x0800519c                V_Switch_Driver_Init
 .text.V_Switch_Set_Mode
                0x0800535c      0x134 ./MyDRV/V_switch/v_switch._driver.o
                0x0800535c                V_Switch_Set_Mode
 .text.V_Switch_Change_Phase_Calc
                0x08005490       0x54 ./MyDRV/V_switch/v_switch._driver.o
                0x08005490                V_Switch_Change_Phase_Calc
 .text.V_Switch_Start
                0x080054e4       0x58 ./MyDRV/V_switch/v_switch._driver.o
                0x080054e4                V_Switch_Start
 .text.V_Switch_Clear_BuffARR
                0x0800553c       0x4c ./MyDRV/V_switch/v_switch._driver.o
                0x0800553c                V_Switch_Clear_BuffARR
 .text.VS_Set_Duty
                0x08005588      0x124 ./MyDRV/V_switch/v_switch._driver.o
 .text.VS_Set_Freq
                0x080056ac       0xf4 ./MyDRV/V_switch/v_switch._driver.o
 .text.writeCharToUart_Common
                0x080057a0       0x24 ./MyDRV/cli/CLI_Setup/cli_setup.o
 .text.SystemCLI_Init
                0x080057c4       0x98 ./MyDRV/cli/CLI_Setup/cli_setup.o
                0x080057c4                SystemCLI_Init
 .text.embeddedCliDefaultConfig
                0x0800585c       0x54 ./MyDRV/cli/CLI_Src/embedded_cli.o
                0x0800585c                embeddedCliDefaultConfig
 .text.embeddedCliRequiredSize
                0x080058b0       0x62 ./MyDRV/cli/CLI_Src/embedded_cli.o
                0x080058b0                embeddedCliRequiredSize
 .text.embeddedCliNew
                0x08005912      0x11e ./MyDRV/cli/CLI_Src/embedded_cli.o
                0x08005912                embeddedCliNew
 .text.embeddedCliReceiveChar
                0x08005a30       0x46 ./MyDRV/cli/CLI_Src/embedded_cli.o
                0x08005a30                embeddedCliReceiveChar
 .text.embeddedCliProcess
                0x08005a76      0x120 ./MyDRV/cli/CLI_Src/embedded_cli.o
                0x08005a76                embeddedCliProcess
 *fill*         0x08005b96        0x2 
 .text.embeddedCliPrint
                0x08005b98       0x9c ./MyDRV/cli/CLI_Src/embedded_cli.o
                0x08005b98                embeddedCliPrint
 .text.embeddedCliTokenizeArgs
                0x08005c34      0x100 ./MyDRV/cli/CLI_Src/embedded_cli.o
                0x08005c34                embeddedCliTokenizeArgs
 .text.embeddedCliGetToken
                0x08005d34       0x36 ./MyDRV/cli/CLI_Src/embedded_cli.o
                0x08005d34                embeddedCliGetToken
 .text.embeddedCliGetTokenVariable
                0x08005d6a       0x36 ./MyDRV/cli/CLI_Src/embedded_cli.o
                0x08005d6a                embeddedCliGetTokenVariable
 .text.embeddedCliGetTokenCount
                0x08005da0       0x5a ./MyDRV/cli/CLI_Src/embedded_cli.o
                0x08005da0                embeddedCliGetTokenCount
 *fill*         0x08005dfa        0x2 
 .text.navigateHistory
                0x08005dfc       0xe8 ./MyDRV/cli/CLI_Src/embedded_cli.o
 .text.onEscapedInput
                0x08005ee4       0xbc ./MyDRV/cli/CLI_Src/embedded_cli.o
 .text.onCharInput
                0x08005fa0       0xa4 ./MyDRV/cli/CLI_Src/embedded_cli.o
 .text.onControlInput
                0x08006044      0x128 ./MyDRV/cli/CLI_Src/embedded_cli.o
 .text.parseCommand
                0x0800616c      0x254 ./MyDRV/cli/CLI_Src/embedded_cli.o
 .text.printBindingHelp
                0x080063c0       0x40 ./MyDRV/cli/CLI_Src/embedded_cli.o
 .text.getAutocompletedCommand
                0x08006400      0x17a ./MyDRV/cli/CLI_Src/embedded_cli.o
 *fill*         0x0800657a        0x2 
 .text.printLiveAutocompletion
                0x0800657c       0xc4 ./MyDRV/cli/CLI_Src/embedded_cli.o
 .text.onAutocompleteRequest
                0x08006640      0x124 ./MyDRV/cli/CLI_Src/embedded_cli.o
 .text.clearCurrentLine
                0x08006764       0x6a ./MyDRV/cli/CLI_Src/embedded_cli.o
 .text.writeToOutput
                0x080067ce       0x42 ./MyDRV/cli/CLI_Src/embedded_cli.o
 .text.moveCursor
                0x08006810       0x6c ./MyDRV/cli/CLI_Src/embedded_cli.o
 .text.isControlChar
                0x0800687c       0x40 ./MyDRV/cli/CLI_Src/embedded_cli.o
 .text.isDisplayableChar
                0x080068bc       0x2e ./MyDRV/cli/CLI_Src/embedded_cli.o
 .text.fifoBufAvailable
                0x080068ea       0x42 ./MyDRV/cli/CLI_Src/embedded_cli.o
 .text.fifoBufPop
                0x0800692c       0x50 ./MyDRV/cli/CLI_Src/embedded_cli.o
 .text.fifoBufPush
                0x0800697c       0x54 ./MyDRV/cli/CLI_Src/embedded_cli.o
 .text.historyPut
                0x080069d0       0xc8 ./MyDRV/cli/CLI_Src/embedded_cli.o
 .text.historyGet
                0x08006a98       0x38 ./MyDRV/cli/CLI_Src/embedded_cli.o
 .text.historyRemove
                0x08006ad0       0xba ./MyDRV/cli/CLI_Src/embedded_cli.o
 .text.getTokenPosition
                0x08006b8a       0x7c ./MyDRV/cli/CLI_Src/embedded_cli.o
 .text.findCategoryIndex
                0x08006c06       0x48 ./MyDRV/cli/CLI_Src/embedded_cli.o
 *fill*         0x08006c4e        0x2 
 .text.printAlignedColumn
                0x08006c50       0x4c ./MyDRV/cli/CLI_Src/embedded_cli.o
 .text.CMD_Help
                0x08006c9c      0x3cc ./MyDRV/cli/CLI_Src/embedded_cli.o
                0x08006c9c                CMD_Help
 .text.onUnknownCommand
                0x08007068       0x44 ./MyDRV/cli/CLI_Src/embedded_cli.o
 .text.crc16_CCITT
                0x080070ac       0x78 ./MyDRV/fsp/crc16.o
                0x080070ac                crc16_CCITT
 .text.fsp_encode
                0x08007124      0x26a ./MyDRV/fsp/fsp.o
                0x08007124                fsp_encode
 *fill*         0x0800738e        0x2 
 .text.SchedulerSysTickIntHandler
                0x08007390       0x1c ./MyDRV/scheduler/scheduler.o
                0x08007390                SchedulerSysTickIntHandler
 .text.SchedulerInit
                0x080073ac       0x44 ./MyDRV/scheduler/scheduler.o
                0x080073ac                SchedulerInit
 .text.SchedulerRun
                0x080073f0       0x74 ./MyDRV/scheduler/scheduler.o
                0x080073f0                SchedulerRun
 .text.SchedulerTaskEnable
                0x08007464       0x8c ./MyDRV/scheduler/scheduler.o
                0x08007464                SchedulerTaskEnable
 .text.SchedulerTaskDisable
                0x080074f0       0x3c ./MyDRV/scheduler/scheduler.o
                0x080074f0                SchedulerTaskDisable
 .text.SchedulerElapsedTicksGet
                0x0800752c       0x24 ./MyDRV/scheduler/scheduler.o
                0x0800752c                SchedulerElapsedTicksGet
 .text.SchedulerElapsedTicksCalc
                0x08007550       0x1c ./MyDRV/scheduler/scheduler.o
                0x08007550                SchedulerElapsedTicksCalc
 .text.RingBuffer_Create
                0x0800756c       0x66 ./MyDRV/uart/ring_buffer.o
                0x0800756c                RingBuffer_Create
 .text.RingBuffer_Put
                0x080075d2       0x8c ./MyDRV/uart/ring_buffer.o
                0x080075d2                RingBuffer_Put
 .text.RingBuffer_Get
                0x0800765e       0x82 ./MyDRV/uart/ring_buffer.o
                0x0800765e                RingBuffer_Get
 .text.RingBuffer_IsDataAvailable
                0x080076e0       0x4a ./MyDRV/uart/ring_buffer.o
                0x080076e0                RingBuffer_IsDataAvailable
 .text.LL_USART_IsActiveFlag_FE
                0x0800772a       0x26 ./MyDRV/uart/uart_driver.o
 .text.LL_USART_IsActiveFlag_NE
                0x08007750       0x26 ./MyDRV/uart/uart_driver.o
 .text.LL_USART_IsActiveFlag_ORE
                0x08007776       0x26 ./MyDRV/uart/uart_driver.o
 .text.LL_USART_IsActiveFlag_RXNE
                0x0800779c       0x26 ./MyDRV/uart/uart_driver.o
 .text.LL_USART_IsActiveFlag_TXE
                0x080077c2       0x26 ./MyDRV/uart/uart_driver.o
 .text.LL_USART_ClearFlag_FE
                0x080077e8       0x24 ./MyDRV/uart/uart_driver.o
 .text.LL_USART_ClearFlag_NE
                0x0800780c       0x24 ./MyDRV/uart/uart_driver.o
 .text.LL_USART_ClearFlag_ORE
                0x08007830       0x24 ./MyDRV/uart/uart_driver.o
 .text.LL_USART_EnableIT_RXNE
                0x08007854       0x46 ./MyDRV/uart/uart_driver.o
 .text.LL_USART_EnableIT_TXE
                0x0800789a       0x46 ./MyDRV/uart/uart_driver.o
 .text.LL_USART_DisableIT_TXE
                0x080078e0       0x46 ./MyDRV/uart/uart_driver.o
 .text.LL_USART_IsEnabledIT_RXNE
                0x08007926       0x26 ./MyDRV/uart/uart_driver.o
 .text.LL_USART_IsEnabledIT_TXE
                0x0800794c       0x26 ./MyDRV/uart/uart_driver.o
 .text.LL_USART_ReceiveData8
                0x08007972       0x1a ./MyDRV/uart/uart_driver.o
 .text.LL_USART_TransmitData8
                0x0800798c       0x1e ./MyDRV/uart/uart_driver.o
 .text.UART_Driver_Init
                0x080079aa       0x8a ./MyDRV/uart/uart_driver.o
                0x080079aa                UART_Driver_Init
 .text.UART_Driver_Read
                0x08007a34       0x2e ./MyDRV/uart/uart_driver.o
                0x08007a34                UART_Driver_Read
 .text.UART_Driver_Write
                0x08007a62       0x3a ./MyDRV/uart/uart_driver.o
                0x08007a62                UART_Driver_Write
 .text.UART_Driver_SendString
                0x08007a9c       0x30 ./MyDRV/uart/uart_driver.o
                0x08007a9c                UART_Driver_SendString
 .text.UART_Driver_IsDataAvailable
                0x08007acc       0x1c ./MyDRV/uart/uart_driver.o
                0x08007acc                UART_Driver_IsDataAvailable
 .text.UART_Driver_ISR
                0x08007ae8       0xea ./MyDRV/uart/uart_driver.o
                0x08007ae8                UART_Driver_ISR
 .text.atoi     0x08007bd2        0x8 C:/ST/STM32CubeIDE_2.0.0/STM32CubeIDE/plugins/com.st.stm32cube.ide.mcu.externaltools.gnu-tools-for-stm32.13.3.rel1.win32_1.0.100.202509120712/tools/bin/../lib/gcc/arm-none-eabi/13.3.1/../../../../arm-none-eabi/lib/thumb/v7e-m+fp/hard\libc_nano.a(libc_a-atoi.o)
                0x08007bd2                atoi
 *fill*         0x08007bda        0x2 
 .text._strtol_l.isra.0
                0x08007bdc       0xf4 C:/ST/STM32CubeIDE_2.0.0/STM32CubeIDE/plugins/com.st.stm32cube.ide.mcu.externaltools.gnu-tools-for-stm32.13.3.rel1.win32_1.0.100.202509120712/tools/bin/../lib/gcc/arm-none-eabi/13.3.1/../../../../arm-none-eabi/lib/thumb/v7e-m+fp/hard\libc_nano.a(libc_a-strtol.o)
 .text.strtol   0x08007cd0       0x14 C:/ST/STM32CubeIDE_2.0.0/STM32CubeIDE/plugins/com.st.stm32cube.ide.mcu.externaltools.gnu-tools-for-stm32.13.3.rel1.win32_1.0.100.202509120712/tools/bin/../lib/gcc/arm-none-eabi/13.3.1/../../../../arm-none-eabi/lib/thumb/v7e-m+fp/hard\libc_nano.a(libc_a-strtol.o)
                0x08007cd0                strtol
 .text.snprintf
                0x08007ce4       0x6c C:/ST/STM32CubeIDE_2.0.0/STM32CubeIDE/plugins/com.st.stm32cube.ide.mcu.externaltools.gnu-tools-for-stm32.13.3.rel1.win32_1.0.100.202509120712/tools/bin/../lib/gcc/arm-none-eabi/13.3.1/../../../../arm-none-eabi/lib/thumb/v7e-m+fp/hard\libc_nano.a(libc_a-snprintf.o)
                0x08007ce4                sniprintf
                0x08007ce4                snprintf
 .text.sprintf  0x08007d50       0x44 C:/ST/STM32CubeIDE_2.0.0/STM32CubeIDE/plugins/com.st.stm32cube.ide.mcu.externaltools.gnu-tools-for-stm32.13.3.rel1.win32_1.0.100.202509120712/tools/bin/../lib/gcc/arm-none-eabi/13.3.1/../../../../arm-none-eabi/lib/thumb/v7e-m+fp/hard\libc_nano.a(libc_a-sprintf.o)
                0x08007d50                siprintf
                0x08007d50                sprintf
 .text.memmove  0x08007d94       0x34 C:/ST/STM32CubeIDE_2.0.0/STM32CubeIDE/plugins/com.st.stm32cube.ide.mcu.externaltools.gnu-tools-for-stm32.13.3.rel1.win32_1.0.100.202509120712/tools/bin/../lib/gcc/arm-none-eabi/13.3.1/../../../../arm-none-eabi/lib/thumb/v7e-m+fp/hard\libc_nano.a(libc_a-memmove.o)
                0x08007d94                memmove
 .text.memset   0x08007dc8       0x10 C:/ST/STM32CubeIDE_2.0.0/STM32CubeIDE/plugins/com.st.stm32cube.ide.mcu.externaltools.gnu-tools-for-stm32.13.3.rel1.win32_1.0.100.202509120712/tools/bin/../lib/gcc/arm-none-eabi/13.3.1/../../../../arm-none-eabi/lib/thumb/v7e-m+fp/hard\libc_nano.a(libc_a-memset.o)
                0x08007dc8                memset
 .text.strchr   0x08007dd8       0x1a C:/ST/STM32CubeIDE_2.0.0/STM32CubeIDE/plugins/com.st.stm32cube.ide.mcu.externaltools.gnu-tools-for-stm32.13.3.rel1.win32_1.0.100.202509120712/tools/bin/../lib/gcc/arm-none-eabi/13.3.1/../../../../arm-none-eabi/lib/thumb/v7e-m+fp/hard\libc_nano.a(libc_a-strchr.o)
                0x08007dd8                strchr
 .text.strncpy  0x08007df2       0x26 C:/ST/STM32CubeIDE_2.0.0/STM32CubeIDE/plugins/com.st.stm32cube.ide.mcu.externaltools.gnu-tools-for-stm32.13.3.rel1.win32_1.0.100.202509120712/tools/bin/../lib/gcc/arm-none-eabi/13.3.1/../../../../arm-none-eabi/lib/thumb/v7e-m+fp/hard\libc_nano.a(libc_a-strncpy.o)
                0x08007df2                strncpy
 .text.__errno  0x08007e18        0xc C:/ST/STM32CubeIDE_2.0.0/STM32CubeIDE/plugins/com.st.stm32cube.ide.mcu.externaltools.gnu-tools-for-stm32.13.3.rel1.win32_1.0.100.202509120712/tools/bin/../lib/gcc/arm-none-eabi/13.3.1/../../../../arm-none-eabi/lib/thumb/v7e-m+fp/hard\libc_nano.a(libc_a-errno.o)
                0x08007e18                __errno
 .text.__libc_init_array
                0x08007e24       0x48 C:/ST/STM32CubeIDE_2.0.0/STM32CubeIDE/plugins/com.st.stm32cube.ide.mcu.externaltools.gnu-tools-for-stm32.13.3.rel1.win32_1.0.100.202509120712/tools/bin/../lib/gcc/arm-none-eabi/13.3.1/../../../../arm-none-eabi/lib/thumb/v7e-m+fp/hard\libc_nano.a(libc_a-init.o)
                0x08007e24                __libc_init_array
 .text.__retarget_lock_acquire_recursive
                0x08007e6c        0x2 C:/ST/STM32CubeIDE_2.0.0/STM32CubeIDE/plugins/com.st.stm32cube.ide.mcu.externaltools.gnu-tools-for-stm32.13.3.rel1.win32_1.0.100.202509120712/tools/bin/../lib/gcc/arm-none-eabi/13.3.1/../../../../arm-none-eabi/lib/thumb/v7e-m+fp/hard\libc_nano.a(libc_a-lock.o)
                0x08007e6c                __retarget_lock_acquire_recursive
 .text.__retarget_lock_release_recursive
                0x08007e6e        0x2 C:/ST/STM32CubeIDE_2.0.0/STM32CubeIDE/plugins/com.st.stm32cube.ide.mcu.externaltools.gnu-tools-for-stm32.13.3.rel1.win32_1.0.100.202509120712/tools/bin/../lib/gcc/arm-none-eabi/13.3.1/../../../../arm-none-eabi/lib/thumb/v7e-m+fp/hard\libc_nano.a(libc_a-lock.o)
                0x08007e6e                __retarget_lock_release_recursive
 .text.memcpy   0x08007e70       0x1c C:/ST/STM32CubeIDE_2.0.0/STM32CubeIDE/plugins/com.st.stm32cube.ide.mcu.externaltools.gnu-tools-for-stm32.13.3.rel1.win32_1.0.100.202509120712/tools/bin/../lib/gcc/arm-none-eabi/13.3.1/../../../../arm-none-eabi/lib/thumb/v7e-m+fp/hard\libc_nano.a(libc_a-memcpy-stub.o)
                0x08007e70                memcpy
 .text._free_r  0x08007e8c       0x94 C:/ST/STM32CubeIDE_2.0.0/STM32CubeIDE/plugins/com.st.stm32cube.ide.mcu.externaltools.gnu-tools-for-stm32.13.3.rel1.win32_1.0.100.202509120712/tools/bin/../lib/gcc/arm-none-eabi/13.3.1/../../../../arm-none-eabi/lib/thumb/v7e-m+fp/hard\libc_nano.a(libc_a-freer.o)
                0x08007e8c                _free_r
 .text.sbrk_aligned
                0x08007f20       0x44 C:/ST/STM32CubeIDE_2.0.0/STM32CubeIDE/plugins/com.st.stm32cube.ide.mcu.externaltools.gnu-tools-for-stm32.13.3.rel1.win32_1.0.100.202509120712/tools/bin/../lib/gcc/arm-none-eabi/13.3.1/../../../../arm-none-eabi/lib/thumb/v7e-m+fp/hard\libc_nano.a(libc_a-mallocr.o)
 .text._malloc_r
                0x08007f64      0x100 C:/ST/STM32CubeIDE_2.0.0/STM32CubeIDE/plugins/com.st.stm32cube.ide.mcu.externaltools.gnu-tools-for-stm32.13.3.rel1.win32_1.0.100.202509120712/tools/bin/../lib/gcc/arm-none-eabi/13.3.1/../../../../arm-none-eabi/lib/thumb/v7e-m+fp/hard\libc_nano.a(libc_a-mallocr.o)
                0x08007f64                _malloc_r
 .text.__malloc_lock
                0x08008064        0xc C:/ST/STM32CubeIDE_2.0.0/STM32CubeIDE/plugins/com.st.stm32cube.ide.mcu.externaltools.gnu-tools-for-stm32.13.3.rel1.win32_1.0.100.202509120712/tools/bin/../lib/gcc/arm-none-eabi/13.3.1/../../../../arm-none-eabi/lib/thumb/v7e-m+fp/hard\libc_nano.a(libc_a-mlock.o)
                0x08008064                __malloc_lock
 .text.__malloc_unlock
                0x08008070        0xc C:/ST/STM32CubeIDE_2.0.0/STM32CubeIDE/plugins/com.st.stm32cube.ide.mcu.externaltools.gnu-tools-for-stm32.13.3.rel1.win32_1.0.100.202509120712/tools/bin/../lib/gcc/arm-none-eabi/13.3.1/../../../../arm-none-eabi/lib/thumb/v7e-m+fp/hard\libc_nano.a(libc_a-mlock.o)
                0x08008070                __malloc_unlock
 .text.__ssputs_r
                0x0800807c       0xb6 C:/ST/STM32CubeIDE_2.0.0/STM32CubeIDE/plugins/com.st.stm32cube.ide.mcu.externaltools.gnu-tools-for-stm32.13.3.rel1.win32_1.0.100.202509120712/tools/bin/../lib/gcc/arm-none-eabi/13.3.1/../../../../arm-none-eabi/lib/thumb/v7e-m+fp/hard\libc_nano.a(libc_a-nano-svfprintf.o)
                0x0800807c                __ssputs_r
 *fill*         0x08008132        0x2 
 .text._svfprintf_r
                0x08008134      0x1f8 C:/ST/STM32CubeIDE_2.0.0/STM32CubeIDE/plugins/com.st.stm32cube.ide.mcu.externaltools.gnu-tools-for-stm32.13.3.rel1.win32_1.0.100.202509120712/tools/bin/../lib/gcc/arm-none-eabi/13.3.1/../../../../arm-none-eabi/lib/thumb/v7e-m+fp/hard\libc_nano.a(libc_a-nano-svfprintf.o)
                0x08008134                _svfiprintf_r
                0x08008134                _svfprintf_r
 .text._printf_common
                0x0800832c       0xda C:/ST/STM32CubeIDE_2.0.0/STM32CubeIDE/plugins/com.st.stm32cube.ide.mcu.externaltools.gnu-tools-for-stm32.13.3.rel1.win32_1.0.100.202509120712/tools/bin/../lib/gcc/arm-none-eabi/13.3.1/../../../../arm-none-eabi/lib/thumb/v7e-m+fp/hard\libc_nano.a(libc_a-nano-vfprintf_i.o)
                0x0800832c                _printf_common
 *fill*         0x08008406        0x2 
 .text._printf_i
                0x08008408      0x23c C:/ST/STM32CubeIDE_2.0.0/STM32CubeIDE/plugins/com.st.stm32cube.ide.mcu.externaltools.gnu-tools-for-stm32.13.3.rel1.win32_1.0.100.202509120712/tools/bin/../lib/gcc/arm-none-eabi/13.3.1/../../../../arm-none-eabi/lib/thumb/v7e-m+fp/hard\libc_nano.a(libc_a-nano-vfprintf_i.o)
                0x08008408                _printf_i
 .text._sbrk_r  0x08008644       0x20 C:/ST/STM32CubeIDE_2.0.0/STM32CubeIDE/plugins/com.st.stm32cube.ide.mcu.externaltools.gnu-tools-for-stm32.13.3.rel1.win32_1.0.100.202509120712/tools/bin/../lib/gcc/arm-none-eabi/13.3.1/../../../../arm-none-eabi/lib/thumb/v7e-m+fp/hard\libc_nano.a(libc_a-sbrkr.o)
                0x08008644                _sbrk_r
 .text._realloc_r
                0x08008664       0x5c C:/ST/STM32CubeIDE_2.0.0/STM32CubeIDE/plugins/com.st.stm32cube.ide.mcu.externaltools.gnu-tools-for-stm32.13.3.rel1.win32_1.0.100.202509120712/tools/bin/../lib/gcc/arm-none-eabi/13.3.1/../../../../arm-none-eabi/lib/thumb/v7e-m+fp/hard\libc_nano.a(libc_a-reallocr.o)
                0x08008664                _realloc_r
 .text._malloc_usable_size_r
                0x080086c0       0x10 C:/ST/STM32CubeIDE_2.0.0/STM32CubeIDE/plugins/com.st.stm32cube.ide.mcu.externaltools.gnu-tools-for-stm32.13.3.rel1.win32_1.0.100.202509120712/tools/bin/../lib/gcc/arm-none-eabi/13.3.1/../../../../arm-none-eabi/lib/thumb/v7e-m+fp/hard\libc_nano.a(libc_a-msizer.o)
                0x080086c0                _malloc_usable_size_r
 *(.glue_7)
 .glue_7        0x080086d0        0x0 linker stubs
 *(.glue_7t)
 .glue_7t       0x080086d0        0x0 linker stubs
 *(.eh_frame)
 .eh_frame      0x080086d0        0x0 C:/ST/STM32CubeIDE_2.0.0/STM32CubeIDE/plugins/com.st.stm32cube.ide.mcu.externaltools.gnu-tools-for-stm32.13.3.rel1.win32_1.0.100.202509120712/tools/bin/../lib/gcc/arm-none-eabi/13.3.1/thumb/v7e-m+fp/hard/crtbegin.o
 *(.init)
 .init          0x080086d0        0x4 C:/ST/STM32CubeIDE_2.0.0/STM32CubeIDE/plugins/com.st.stm32cube.ide.mcu.externaltools.gnu-tools-for-stm32.13.3.rel1.win32_1.0.100.202509120712/tools/bin/../lib/gcc/arm-none-eabi/13.3.1/thumb/v7e-m+fp/hard/crti.o
                0x080086d0                _init
 .init          0x080086d4        0x8 C:/ST/STM32CubeIDE_2.0.0/STM32CubeIDE/plugins/com.st.stm32cube.ide.mcu.externaltools.gnu-tools-for-stm32.13.3.rel1.win32_1.0.100.202509120712/tools/bin/../lib/gcc/arm-none-eabi/13.3.1/thumb/v7e-m+fp/hard/crtn.o
 *(.fini)
 .fini          0x080086dc        0x4 C:/ST/STM32CubeIDE_2.0.0/STM32CubeIDE/plugins/com.st.stm32cube.ide.mcu.externaltools.gnu-tools-for-stm32.13.3.rel1.win32_1.0.100.202509120712/tools/bin/../lib/gcc/arm-none-eabi/13.3.1/thumb/v7e-m+fp/hard/crti.o
                0x080086dc                _fini
 .fini          0x080086e0        0x8 C:/ST/STM32CubeIDE_2.0.0/STM32CubeIDE/plugins/com.st.stm32cube.ide.mcu.externaltools.gnu-tools-for-stm32.13.3.rel1.win32_1.0.100.202509120712/tools/bin/../lib/gcc/arm-none-eabi/13.3.1/thumb/v7e-m+fp/hard/crtn.o
                0x080086e8                        . = ALIGN (0x4)
                0x080086e8                        _etext = .

.vfp11_veneer   0x080086e8        0x0
 .vfp11_veneer  0x080086e8        0x0 linker stubs

.v4_bx          0x080086e8        0x0
 .v4_bx         0x080086e8        0x0 linker stubs

.iplt           0x080086e8        0x0
 .iplt          0x080086e8        0x0 C:/ST/STM32CubeIDE_2.0.0/STM32CubeIDE/plugins/com.st.stm32cube.ide.mcu.externaltools.gnu-tools-for-stm32.13.3.rel1.win32_1.0.100.202509120712/tools/bin/../lib/gcc/arm-none-eabi/13.3.1/thumb/v7e-m+fp/hard/crtbegin.o

.rodata         0x080086e8      0xa80
                0x080086e8                        . = ALIGN (0x4)
 *(.rodata)
 .rodata        0x080086e8      0x599 ./App/cmd_line_task/cli_command.o
 *fill*         0x08008c81        0x3 
 .rodata        0x08008c84       0x26 ./App/cmd_line_task/xbee_cmd_task.o
 *fill*         0x08008caa        0x2 
 .rodata        0x08008cac        0x3 ./MyDRV/cli/CLI_Setup/cli_setup.o
 *fill*         0x08008caf        0x1 
 .rodata        0x08008cb0       0xf2 ./MyDRV/cli/CLI_Src/embedded_cli.o
 *(.rodata*)
 *fill*         0x08008da2        0x2 
 .rodata.cliStaticBindings_internal
                0x08008da4      0x1e0 ./App/cmd_line_task/cli_command.o
 .rodata.STREAM_OFFSET_TAB
                0x08008f84        0x8 ./Core/Src/main.o
 .rodata.OFFSET_TAB_CCMRx
                0x08008f8c        0x7 ./Core/Src/main.o
 *fill*         0x08008f93        0x1 
 .rodata.SHIFT_TAB_OCxx
                0x08008f94        0x7 ./Core/Src/main.o
 *fill*         0x08008f9b        0x1 
 .rodata.AHBPrescTable
                0x08008f9c       0x10 ./Core/Src/system_stm32f4xx.o
                0x08008f9c                AHBPrescTable
 .rodata.APBPrescTable
                0x08008fac        0x8 ./Core/Src/system_stm32f4xx.o
                0x08008fac                APBPrescTable
 .rodata.STREAM_OFFSET_TAB
                0x08008fb4        0x8 ./MyDRV/H_switch/h_bridge_driver.o
 .rodata.HB_POLES
                0x08008fbc       0x60 ./MyDRV/H_switch/h_bridge_driver.o
                0x08008fbc                HB_POLES
 .rodata.OFFSET_TAB_CCMRx
                0x0800901c        0x7 ./MyDRV/V_switch/v_switch._driver.o
 *fill*         0x08009023        0x1 
 .rodata.SHIFT_TAB_OCxx
                0x08009024        0x7 ./MyDRV/V_switch/v_switch._driver.o
 *fill*         0x0800902b        0x1 
 .rodata.SHIFT_TAB_CCxP
                0x0800902c        0x7 ./MyDRV/V_switch/v_switch._driver.o
 .rodata._ctype_
                0x08009033      0x101 C:/ST/STM32CubeIDE_2.0.0/STM32CubeIDE/plugins/com.st.stm32cube.ide.mcu.externaltools.gnu-tools-for-stm32.13.3.rel1.win32_1.0.100.202509120712/tools/bin/../lib/gcc/arm-none-eabi/13.3.1/../../../../arm-none-eabi/lib/thumb/v7e-m+fp/hard\libc_nano.a(libc_a-ctype_.o)
                0x08009033                _ctype_
 .rodata._svfprintf_r.str1.1
                0x08009134       0x33 C:/ST/STM32CubeIDE_2.0.0/STM32CubeIDE/plugins/com.st.stm32cube.ide.mcu.externaltools.gnu-tools-for-stm32.13.3.rel1.win32_1.0.100.202509120712/tools/bin/../lib/gcc/arm-none-eabi/13.3.1/../../../../arm-none-eabi/lib/thumb/v7e-m+fp/hard\libc_nano.a(libc_a-nano-svfprintf.o)
                                 0x11 (size before relaxing)
 .rodata._printf_i.str1.1
                0x08009167        0x0 C:/ST/STM32CubeIDE_2.0.0/STM32CubeIDE/plugins/com.st.stm32cube.ide.mcu.externaltools.gnu-tools-for-stm32.13.3.rel1.win32_1.0.100.202509120712/tools/bin/../lib/gcc/arm-none-eabi/13.3.1/../../../../arm-none-eabi/lib/thumb/v7e-m+fp/hard\libc_nano.a(libc_a-nano-vfprintf_i.o)
                                 0x22 (size before relaxing)
                0x08009168                        . = ALIGN (0x4)
 *fill*         0x08009167        0x1 

.ARM.extab      0x08009168        0x0
                0x08009168                        . = ALIGN (0x4)
 *(.ARM.extab* .gnu.linkonce.armextab.*)
                0x08009168                        . = ALIGN (0x4)

.ARM            0x08009168        0x8
                0x08009168                        . = ALIGN (0x4)
                0x08009168                        __exidx_start = .
 *(.ARM.exidx*)
 .ARM.exidx     0x08009168        0x8 C:/ST/STM32CubeIDE_2.0.0/STM32CubeIDE/plugins/com.st.stm32cube.ide.mcu.externaltools.gnu-tools-for-stm32.13.3.rel1.win32_1.0.100.202509120712/tools/bin/../lib/gcc/arm-none-eabi/13.3.1/../../../../arm-none-eabi/lib/thumb/v7e-m+fp/hard\libc_nano.a(libc_a-strcmp.o)
 .ARM.exidx     0x08009170        0x0 C:/ST/STM32CubeIDE_2.0.0/STM32CubeIDE/plugins/com.st.stm32cube.ide.mcu.externaltools.gnu-tools-for-stm32.13.3.rel1.win32_1.0.100.202509120712/tools/bin/../lib/gcc/arm-none-eabi/13.3.1/../../../../arm-none-eabi/lib/thumb/v7e-m+fp/hard\libc_nano.a(libc_a-strlen.o)
                                  0x8 (size before relaxing)
 .ARM.exidx     0x08009170        0x0 C:/ST/STM32CubeIDE_2.0.0/STM32CubeIDE/plugins/com.st.stm32cube.ide.mcu.externaltools.gnu-tools-for-stm32.13.3.rel1.win32_1.0.100.202509120712/tools/bin/../lib/gcc/arm-none-eabi/13.3.1/../../../../arm-none-eabi/lib/thumb/v7e-m+fp/hard\libc_nano.a(libc_a-memchr.o)
                                  0x8 (size before relaxing)
 .ARM.exidx     0x08009170        0x0 C:/ST/STM32CubeIDE_2.0.0/STM32CubeIDE/plugins/com.st.stm32cube.ide.mcu.externaltools.gnu-tools-for-stm32.13.3.rel1.win32_1.0.100.202509120712/tools/bin/../lib/gcc/arm-none-eabi/13.3.1/thumb/v7e-m+fp/hard\libgcc.a(_udivmoddi4.o)
                                  0x8 (size before relaxing)
                0x08009170                        __exidx_end = .
                0x08009170                        . = ALIGN (0x4)

.preinit_array  0x08009170        0x0
                0x08009170                        . = ALIGN (0x4)
                0x08009170                        PROVIDE (__preinit_array_start = .)
 *(.preinit_array*)
                0x08009170                        PROVIDE (__preinit_array_end = .)
                0x08009170                        . = ALIGN (0x4)

.init_array     0x08009170        0x4
                0x08009170                        . = ALIGN (0x4)
                0x08009170                        PROVIDE (__init_array_start = .)
 *(SORT_BY_NAME(.init_array.*))
 *(.init_array*)
 .init_array    0x08009170        0x4 C:/ST/STM32CubeIDE_2.0.0/STM32CubeIDE/plugins/com.st.stm32cube.ide.mcu.externaltools.gnu-tools-for-stm32.13.3.rel1.win32_1.0.100.202509120712/tools/bin/../lib/gcc/arm-none-eabi/13.3.1/thumb/v7e-m+fp/hard/crtbegin.o
                0x08009174                        PROVIDE (__init_array_end = .)
                0x08009174                        . = ALIGN (0x4)

.fini_array     0x08009174        0x4
                0x08009174                        . = ALIGN (0x4)
                [!provide]                        PROVIDE (__fini_array_start = .)
 *(SORT_BY_NAME(.fini_array.*))
 *(.fini_array*)
 .fini_array    0x08009174        0x4 C:/ST/STM32CubeIDE_2.0.0/STM32CubeIDE/plugins/com.st.stm32cube.ide.mcu.externaltools.gnu-tools-for-stm32.13.3.rel1.win32_1.0.100.202509120712/tools/bin/../lib/gcc/arm-none-eabi/13.3.1/thumb/v7e-m+fp/hard/crtbegin.o
                [!provide]                        PROVIDE (__fini_array_end = .)
                0x08009178                        . = ALIGN (0x4)
                0x08009178                        _sidata = LOADADDR (.data)

.rel.dyn        0x08009178        0x0
 .rel.iplt      0x08009178        0x0 C:/ST/STM32CubeIDE_2.0.0/STM32CubeIDE/plugins/com.st.stm32cube.ide.mcu.externaltools.gnu-tools-for-stm32.13.3.rel1.win32_1.0.100.202509120712/tools/bin/../lib/gcc/arm-none-eabi/13.3.1/thumb/v7e-m+fp/hard/crtbegin.o

.data           0x20000000      0x138 load address 0x08009178
                0x20000000                        . = ALIGN (0x4)
                0x20000000                        _sdata = .
 *(.data)
 *(.data*)
 .data.default_sequence
                0x20000000       0x20 ./App/H_bridge_task/h_bridge_task.o
 .data.g_ui32SchedulerNumTasks
                0x20000020        0x4 ./App/app.o
                0x20000020                g_ui32SchedulerNumTasks
 .data.g_psSchedulerTable
                0x20000024       0x3c ./App/app.o
                0x20000024                g_psSchedulerTable
 .data.ChannelMapping
                0x20000060        0x8 ./App/cmd_line_task/cli_command.o
 .data.ps_FSP_TX
                0x20000068        0x4 ./App/fsp_line_task/fsp_line_task.o
                0x20000068                ps_FSP_TX
 .data.SystemCoreClock
                0x2000006c        0x4 ./Core/Src/system_stm32f4xx.o
                0x2000006c                SystemCoreClock
 .data.V_Switch_HV_PWM
                0x20000070       0x1c ./MyDRV/V_switch/v_switch._driver.o
                0x20000070                V_Switch_HV_PWM
 .data.V_Switch_LV_PWM
                0x2000008c       0x1c ./MyDRV/V_switch/v_switch._driver.o
                0x2000008c                V_Switch_LV_PWM
 .data.V_Switch_HV
                0x200000a8       0x10 ./MyDRV/V_switch/v_switch._driver.o
                0x200000a8                V_Switch_HV
 .data.V_Switch_LV
                0x200000b8       0x10 ./MyDRV/V_switch/v_switch._driver.o
                0x200000b8                V_Switch_LV
 .data.lineBreak
                0x200000c8        0x4 ./MyDRV/cli/CLI_Src/embedded_cli.o
 .data.escSeqCursorRight
                0x200000cc        0x4 ./MyDRV/cli/CLI_Src/embedded_cli.o
 .data.escSeqCursorLeft
                0x200000d0        0x4 ./MyDRV/cli/CLI_Src/embedded_cli.o
 .data.escSeqCursorSave
                0x200000d4        0x4 ./MyDRV/cli/CLI_Src/embedded_cli.o
 .data.escSeqCursorRestore
                0x200000d8        0x4 ./MyDRV/cli/CLI_Src/embedded_cli.o
 .data.escSeqInsertChar
                0x200000dc        0x4 ./MyDRV/cli/CLI_Src/embedded_cli.o
 .data.escSeqDeleteChar
                0x200000e0        0x4 ./MyDRV/cli/CLI_Src/embedded_cli.o
 .data.SchedulerTickPerSecond
                0x200000e4        0x4 ./MyDRV/scheduler/scheduler.o
 .data._impure_ptr
                0x200000e8        0x4 C:/ST/STM32CubeIDE_2.0.0/STM32CubeIDE/plugins/com.st.stm32cube.ide.mcu.externaltools.gnu-tools-for-stm32.13.3.rel1.win32_1.0.100.202509120712/tools/bin/../lib/gcc/arm-none-eabi/13.3.1/../../../../arm-none-eabi/lib/thumb/v7e-m+fp/hard\libc_nano.a(libc_a-impure.o)
                0x200000e8                _impure_ptr
 .data._impure_data
                0x200000ec       0x4c C:/ST/STM32CubeIDE_2.0.0/STM32CubeIDE/plugins/com.st.stm32cube.ide.mcu.externaltools.gnu-tools-for-stm32.13.3.rel1.win32_1.0.100.202509120712/tools/bin/../lib/gcc/arm-none-eabi/13.3.1/../../../../arm-none-eabi/lib/thumb/v7e-m+fp/hard\libc_nano.a(libc_a-impure.o)
                0x200000ec                _impure_data
 *(.RamFunc)
 *(.RamFunc*)
                0x20000138                        . = ALIGN (0x4)
                0x20000138                        _edata = .
                0x080092b0                        _siccmram = LOADADDR (.ccmram)

.igot.plt       0x20000138        0x0 load address 0x080092b0
 .igot.plt      0x20000138        0x0 C:/ST/STM32CubeIDE_2.0.0/STM32CubeIDE/plugins/com.st.stm32cube.ide.mcu.externaltools.gnu-tools-for-stm32.13.3.rel1.win32_1.0.100.202509120712/tools/bin/../lib/gcc/arm-none-eabi/13.3.1/thumb/v7e-m+fp/hard/crtbegin.o

.ccmram         0x10000000        0x0 load address 0x080092b0
                0x10000000                        . = ALIGN (0x4)
                0x10000000                        _sccmram = .
 *(.ccmram)
 *(.ccmram*)
                0x10000000                        . = ALIGN (0x4)
                0x10000000                        _eccmram = .
                0x10000000                        . = ALIGN (0x4)

.bss            0x20000138     0x7520
                0x20000138                        _sbss = .
                0x20000138                        __bss_start__ = _sbss
 *(.bss)
 .bss           0x20000138       0x1c C:/ST/STM32CubeIDE_2.0.0/STM32CubeIDE/plugins/com.st.stm32cube.ide.mcu.externaltools.gnu-tools-for-stm32.13.3.rel1.win32_1.0.100.202509120712/tools/bin/../lib/gcc/arm-none-eabi/13.3.1/thumb/v7e-m+fp/hard/crtbegin.o
 *(.bss*)
 .bss.is_h_bridge_enable
                0x20000154        0x1 ./App/H_bridge_task/h_bridge_task.o
                0x20000154                is_h_bridge_enable
 *fill*         0x20000155        0x3 
 .bss.Sequence_List
                0x20000158      0x140 ./App/H_bridge_task/h_bridge_task.o
                0x20000158                Sequence_List
 .bss.total_active_sequences
                0x20000298        0x1 ./App/H_bridge_task/h_bridge_task.o
                0x20000298                total_active_sequences
 .bss.H_Bridge_State
                0x20000299        0x1 ./App/H_bridge_task/h_bridge_task.o
                0x20000299                H_Bridge_State
 .bss.current_HB_sequence_index
                0x2000029a        0x1 ./App/H_bridge_task/h_bridge_task.o
 *fill*         0x2000029b        0x1 
 .bss.current_seq
                0x2000029c       0x20 ./App/H_bridge_task/h_bridge_task.o
 .bss.CMD_sequence_index
                0x200002bc        0x1 ./App/cmd_line_task/cli_command.o
                0x200002bc                CMD_sequence_index
 *fill*         0x200002bd        0x1 
 .bss.hv_set_volt
                0x200002be        0x2 ./App/cmd_line_task/cli_command.o
                0x200002be                hv_set_volt
 .bss.lv_set_volt
                0x200002c0        0x2 ./App/cmd_line_task/cli_command.o
                0x200002c0                lv_set_volt
 .bss.hv_raw_volt
                0x200002c2        0x2 ./App/cmd_line_task/cli_command.o
                0x200002c2                hv_raw_volt
 .bss.lv_raw_volt
                0x200002c4        0x2 ./App/cmd_line_task/cli_command.o
                0x200002c4                lv_raw_volt
 .bss.hv_is_charging
                0x200002c6        0x1 ./App/cmd_line_task/cli_command.o
                0x200002c6                hv_is_charging
 .bss.lv_is_charging
                0x200002c7        0x1 ./App/cmd_line_task/cli_command.o
                0x200002c7                lv_is_charging
 .bss.CMD_line_handle
                0x200002c8        0x4 ./App/cmd_line_task/xbee_cmd_task.o
                0x200002c8                CMD_line_handle
 .bss.XBEE_UART
                0x200002cc       0x6c ./App/cmd_line_task/xbee_cmd_task.o
                0x200002cc                XBEE_UART
 .bss.g_XBEE_UART_TX_buffer
                0x20000338      0x200 ./App/cmd_line_task/xbee_cmd_task.o
                0x20000338                g_XBEE_UART_TX_buffer
 .bss.g_XBEE_UART_RX_buffer
                0x20000538      0x200 ./App/cmd_line_task/xbee_cmd_task.o
                0x20000538                g_XBEE_UART_RX_buffer
 .bss.g_XBEE_CMD_line_buffer
                0x20000738      0x800 ./App/cmd_line_task/xbee_cmd_task.o
                0x20000738                g_XBEE_CMD_line_buffer
 .bss.p_XBEE_CLI
                0x20000f38        0x4 ./App/cmd_line_task/xbee_cmd_task.o
                0x20000f38                p_XBEE_CLI
 .bss.s_FSP_TX_Packet
                0x20000f3c      0x102 ./App/fsp_line_task/fsp_line_task.o
                0x20000f3c                s_FSP_TX_Packet
 *fill*         0x2000103e        0x2 
 .bss.__sbrk_heap_end
                0x20001040        0x4 ./Core/Src/sysmem.o
 .bss.arr_buf   0x20001044     0x3200 ./MyDRV/H_switch/h_bridge_driver.o
                0x20001044                arr_buf
 .bss.gpio_buf  0x20004244     0x3200 ./MyDRV/H_switch/h_bridge_driver.o
                0x20004244                gpio_buf
 .bss.is_sequence_done
                0x20007444        0x1 ./MyDRV/H_switch/h_bridge_driver.o
 *fill*         0x20007445        0x1 
 .bss.event_count
                0x20007446        0x2 ./MyDRV/H_switch/h_bridge_driver.o
                0x20007446                event_count
 .bss.ARR_buff  0x20007448       0xa0 ./MyDRV/V_switch/v_switch._driver.o
                0x20007448                ARR_buff
 .bss.arr_index
                0x200074e8        0x1 ./MyDRV/V_switch/v_switch._driver.o
                0x200074e8                arr_index
 .bss.switch_state
                0x200074e9        0x1 ./MyDRV/V_switch/v_switch._driver.o
                0x200074e9                switch_state
 *fill*         0x200074ea        0x2 
 .bss.defaultConfig
                0x200074ec       0x1c ./MyDRV/cli/CLI_Src/embedded_cli.o
 .bss.fsp_my_adr
                0x20007508        0x1 ./MyDRV/fsp/fsp.o
                0x20007508                fsp_my_adr
 *fill*         0x20007509        0x3 
 .bss.g_ui32SchedulerTickCount
                0x2000750c        0x4 ./MyDRV/scheduler/scheduler.o
 .bss.__sf      0x20007510      0x138 C:/ST/STM32CubeIDE_2.0.0/STM32CubeIDE/plugins/com.st.stm32cube.ide.mcu.externaltools.gnu-tools-for-stm32.13.3.rel1.win32_1.0.100.202509120712/tools/bin/../lib/gcc/arm-none-eabi/13.3.1/../../../../arm-none-eabi/lib/thumb/v7e-m+fp/hard\libc_nano.a(libc_a-findfp.o)
                0x20007510                __sf
 .bss.errno     0x20007648        0x4 C:/ST/STM32CubeIDE_2.0.0/STM32CubeIDE/plugins/com.st.stm32cube.ide.mcu.externaltools.gnu-tools-for-stm32.13.3.rel1.win32_1.0.100.202509120712/tools/bin/../lib/gcc/arm-none-eabi/13.3.1/../../../../arm-none-eabi/lib/thumb/v7e-m+fp/hard\libc_nano.a(libc_a-reent.o)
                0x20007648                errno
 .bss.__lock___malloc_recursive_mutex
                0x2000764c        0x1 C:/ST/STM32CubeIDE_2.0.0/STM32CubeIDE/plugins/com.st.stm32cube.ide.mcu.externaltools.gnu-tools-for-stm32.13.3.rel1.win32_1.0.100.202509120712/tools/bin/../lib/gcc/arm-none-eabi/13.3.1/../../../../arm-none-eabi/lib/thumb/v7e-m+fp/hard\libc_nano.a(libc_a-lock.o)
                0x2000764c                __lock___malloc_recursive_mutex
 *fill*         0x2000764d        0x3 
 .bss.__malloc_sbrk_start
                0x20007650        0x4 C:/ST/STM32CubeIDE_2.0.0/STM32CubeIDE/plugins/com.st.stm32cube.ide.mcu.externaltools.gnu-tools-for-stm32.13.3.rel1.win32_1.0.100.202509120712/tools/bin/../lib/gcc/arm-none-eabi/13.3.1/../../../../arm-none-eabi/lib/thumb/v7e-m+fp/hard\libc_nano.a(libc_a-mallocr.o)
                0x20007650                __malloc_sbrk_start
 .bss.__malloc_free_list
                0x20007654        0x4 C:/ST/STM32CubeIDE_2.0.0/STM32CubeIDE/plugins/com.st.stm32cube.ide.mcu.externaltools.gnu-tools-for-stm32.13.3.rel1.win32_1.0.100.202509120712/tools/bin/../lib/gcc/arm-none-eabi/13.3.1/../../../../arm-none-eabi/lib/thumb/v7e-m+fp/hard\libc_nano.a(libc_a-mallocr.o)
                0x20007654                __malloc_free_list
 *(COMMON)
                0x20007658                        . = ALIGN (0x4)
                0x20007658                        _ebss = .
                0x20007658                        __bss_end__ = _ebss

._user_heap_stack
                0x20007658      0x600
                0x20007658                        . = ALIGN (0x8)
                [!provide]                        PROVIDE (end = .)
                0x20007658                        PROVIDE (_end = .)
                0x20007858                        . = (. + _Min_Heap_Size)
 *fill*         0x20007658      0x200 
                0x20007c58                        . = (. + _Min_Stack_Size)
 *fill*         0x20007858      0x400 
                0x20007c58                        . = ALIGN (0x8)

/DISCARD/
 libc.a(*)
 libm.a(*)
 libgcc.a(*)

.ARM.attributes
                0x00000000       0x30
 *(.ARM.attributes)
 .ARM.attributes
                0x00000000       0x22 C:/ST/STM32CubeIDE_2.0.0/STM32CubeIDE/plugins/com.st.stm32cube.ide.mcu.externaltools.gnu-tools-for-stm32.13.3.rel1.win32_1.0.100.202509120712/tools/bin/../lib/gcc/arm-none-eabi/13.3.1/thumb/v7e-m+fp/hard/crti.o
 .ARM.attributes
                0x00000022       0x34 C:/ST/STM32CubeIDE_2.0.0/STM32CubeIDE/plugins/com.st.stm32cube.ide.mcu.externaltools.gnu-tools-for-stm32.13.3.rel1.win32_1.0.100.202509120712/tools/bin/../lib/gcc/arm-none-eabi/13.3.1/thumb/v7e-m+fp/hard/crtbegin.o
 .ARM.attributes
                0x00000056       0x34 ./App/H_bridge_task/h_bridge_task.o
 .ARM.attributes
                0x0000008a       0x34 ./App/app.o
 .ARM.attributes
                0x000000be       0x34 ./App/cmd_line_task/cli_command.o
 .ARM.attributes
                0x000000f2       0x34 ./App/cmd_line_task/xbee_cmd_task.o
 .ARM.attributes
                0x00000126       0x34 ./App/fsp_line_task/fsp_line_task.o
 .ARM.attributes
                0x0000015a       0x34 ./Core/Src/main.o
 .ARM.attributes
                0x0000018e       0x34 ./Core/Src/stm32f4xx_it.o
 .ARM.attributes
                0x000001c2       0x34 ./Core/Src/sysmem.o
 .ARM.attributes
                0x000001f6       0x34 ./Core/Src/system_stm32f4xx.o
 .ARM.attributes
                0x0000022a       0x21 ./Core/Startup/startup_stm32f405rgtx.o
 .ARM.attributes
                0x0000024b       0x34 ./Drivers/STM32F4xx_HAL_Driver/Src/stm32f4xx_ll_gpio.o
 .ARM.attributes
                0x0000027f       0x34 ./Drivers/STM32F4xx_HAL_Driver/Src/stm32f4xx_ll_rcc.o
 .ARM.attributes
                0x000002b3       0x34 ./Drivers/STM32F4xx_HAL_Driver/Src/stm32f4xx_ll_tim.o
 .ARM.attributes
                0x000002e7       0x34 ./Drivers/STM32F4xx_HAL_Driver/Src/stm32f4xx_ll_usart.o
 .ARM.attributes
                0x0000031b       0x34 ./Drivers/STM32F4xx_HAL_Driver/Src/stm32f4xx_ll_utils.o
 .ARM.attributes
                0x0000034f       0x34 ./MyDRV/H_switch/h_bridge_driver.o
 .ARM.attributes
                0x00000383       0x34 ./MyDRV/V_switch/v_switch._driver.o
 .ARM.attributes
                0x000003b7       0x34 ./MyDRV/cli/CLI_Setup/cli_setup.o
 .ARM.attributes
                0x000003eb       0x34 ./MyDRV/cli/CLI_Src/embedded_cli.o
 .ARM.attributes
                0x0000041f       0x34 ./MyDRV/fsp/crc16.o
 .ARM.attributes
                0x00000453       0x34 ./MyDRV/fsp/fsp.o
 .ARM.attributes
                0x00000487       0x34 ./MyDRV/scheduler/scheduler.o
 .ARM.attributes
                0x000004bb       0x34 ./MyDRV/uart/ring_buffer.o
 .ARM.attributes
                0x000004ef       0x34 ./MyDRV/uart/uart_driver.o
 .ARM.attributes
                0x00000523       0x34 C:/ST/STM32CubeIDE_2.0.0/STM32CubeIDE/plugins/com.st.stm32cube.ide.mcu.externaltools.gnu-tools-for-stm32.13.3.rel1.win32_1.0.100.202509120712/tools/bin/../lib/gcc/arm-none-eabi/13.3.1/../../../../arm-none-eabi/lib/thumb/v7e-m+fp/hard\libc_nano.a(libc_a-atoi.o)
 .ARM.attributes
                0x00000557       0x34 C:/ST/STM32CubeIDE_2.0.0/STM32CubeIDE/plugins/com.st.stm32cube.ide.mcu.externaltools.gnu-tools-for-stm32.13.3.rel1.win32_1.0.100.202509120712/tools/bin/../lib/gcc/arm-none-eabi/13.3.1/../../../../arm-none-eabi/lib/thumb/v7e-m+fp/hard\libc_nano.a(libc_a-strtol.o)
 .ARM.attributes
                0x0000058b       0x34 C:/ST/STM32CubeIDE_2.0.0/STM32CubeIDE/plugins/com.st.stm32cube.ide.mcu.externaltools.gnu-tools-for-stm32.13.3.rel1.win32_1.0.100.202509120712/tools/bin/../lib/gcc/arm-none-eabi/13.3.1/../../../../arm-none-eabi/lib/thumb/v7e-m+fp/hard\libc_nano.a(libc_a-ctype_.o)
 .ARM.attributes
                0x000005bf       0x34 C:/ST/STM32CubeIDE_2.0.0/STM32CubeIDE/plugins/com.st.stm32cube.ide.mcu.externaltools.gnu-tools-for-stm32.13.3.rel1.win32_1.0.100.202509120712/tools/bin/../lib/gcc/arm-none-eabi/13.3.1/../../../../arm-none-eabi/lib/thumb/v7e-m+fp/hard\libc_nano.a(libc_a-findfp.o)
 .ARM.attributes
                0x000005f3       0x34 C:/ST/STM32CubeIDE_2.0.0/STM32CubeIDE/plugins/com.st.stm32cube.ide.mcu.externaltools.gnu-tools-for-stm32.13.3.rel1.win32_1.0.100.202509120712/tools/bin/../lib/gcc/arm-none-eabi/13.3.1/../../../../arm-none-eabi/lib/thumb/v7e-m+fp/hard\libc_nano.a(libc_a-snprintf.o)
 .ARM.attributes
                0x00000627       0x34 C:/ST/STM32CubeIDE_2.0.0/STM32CubeIDE/plugins/com.st.stm32cube.ide.mcu.externaltools.gnu-tools-for-stm32.13.3.rel1.win32_1.0.100.202509120712/tools/bin/../lib/gcc/arm-none-eabi/13.3.1/../../../../arm-none-eabi/lib/thumb/v7e-m+fp/hard\libc_nano.a(libc_a-sprintf.o)
 .ARM.attributes
                0x0000065b       0x34 C:/ST/STM32CubeIDE_2.0.0/STM32CubeIDE/plugins/com.st.stm32cube.ide.mcu.externaltools.gnu-tools-for-stm32.13.3.rel1.win32_1.0.100.202509120712/tools/bin/../lib/gcc/arm-none-eabi/13.3.1/../../../../arm-none-eabi/lib/thumb/v7e-m+fp/hard\libc_nano.a(libc_a-memmove.o)
 .ARM.attributes
                0x0000068f       0x34 C:/ST/STM32CubeIDE_2.0.0/STM32CubeIDE/plugins/com.st.stm32cube.ide.mcu.externaltools.gnu-tools-for-stm32.13.3.rel1.win32_1.0.100.202509120712/tools/bin/../lib/gcc/arm-none-eabi/13.3.1/../../../../arm-none-eabi/lib/thumb/v7e-m+fp/hard\libc_nano.a(libc_a-memset.o)
 .ARM.attributes
                0x000006c3       0x34 C:/ST/STM32CubeIDE_2.0.0/STM32CubeIDE/plugins/com.st.stm32cube.ide.mcu.externaltools.gnu-tools-for-stm32.13.3.rel1.win32_1.0.100.202509120712/tools/bin/../lib/gcc/arm-none-eabi/13.3.1/../../../../arm-none-eabi/lib/thumb/v7e-m+fp/hard\libc_nano.a(libc_a-strchr.o)
 .ARM.attributes
                0x000006f7       0x34 C:/ST/STM32CubeIDE_2.0.0/STM32CubeIDE/plugins/com.st.stm32cube.ide.mcu.externaltools.gnu-tools-for-stm32.13.3.rel1.win32_1.0.100.202509120712/tools/bin/../lib/gcc/arm-none-eabi/13.3.1/../../../../arm-none-eabi/lib/thumb/v7e-m+fp/hard\libc_nano.a(libc_a-strncpy.o)
 .ARM.attributes
                0x0000072b       0x34 C:/ST/STM32CubeIDE_2.0.0/STM32CubeIDE/plugins/com.st.stm32cube.ide.mcu.externaltools.gnu-tools-for-stm32.13.3.rel1.win32_1.0.100.202509120712/tools/bin/../lib/gcc/arm-none-eabi/13.3.1/../../../../arm-none-eabi/lib/thumb/v7e-m+fp/hard\libc_nano.a(libc_a-reent.o)
 .ARM.attributes
                0x0000075f       0x34 C:/ST/STM32CubeIDE_2.0.0/STM32CubeIDE/plugins/com.st.stm32cube.ide.mcu.externaltools.gnu-tools-for-stm32.13.3.rel1.win32_1.0.100.202509120712/tools/bin/../lib/gcc/arm-none-eabi/13.3.1/../../../../arm-none-eabi/lib/thumb/v7e-m+fp/hard\libc_nano.a(libc_a-impure.o)
 .ARM.attributes
                0x00000793       0x34 C:/ST/STM32CubeIDE_2.0.0/STM32CubeIDE/plugins/com.st.stm32cube.ide.mcu.externaltools.gnu-tools-for-stm32.13.3.rel1.win32_1.0.100.202509120712/tools/bin/../lib/gcc/arm-none-eabi/13.3.1/../../../../arm-none-eabi/lib/thumb/v7e-m+fp/hard\libc_nano.a(libc_a-errno.o)
 .ARM.attributes
                0x000007c7       0x34 C:/ST/STM32CubeIDE_2.0.0/STM32CubeIDE/plugins/com.st.stm32cube.ide.mcu.externaltools.gnu-tools-for-stm32.13.3.rel1.win32_1.0.100.202509120712/tools/bin/../lib/gcc/arm-none-eabi/13.3.1/../../../../arm-none-eabi/lib/thumb/v7e-m+fp/hard\libc_nano.a(libc_a-init.o)
 .ARM.attributes
                0x000007fb       0x34 C:/ST/STM32CubeIDE_2.0.0/STM32CubeIDE/plugins/com.st.stm32cube.ide.mcu.externaltools.gnu-tools-for-stm32.13.3.rel1.win32_1.0.100.202509120712/tools/bin/../lib/gcc/arm-none-eabi/13.3.1/../../../../arm-none-eabi/lib/thumb/v7e-m+fp/hard\libc_nano.a(libc_a-lock.o)
 .ARM.attributes
                0x0000082f       0x20 C:/ST/STM32CubeIDE_2.0.0/STM32CubeIDE/plugins/com.st.stm32cube.ide.mcu.externaltools.gnu-tools-for-stm32.13.3.rel1.win32_1.0.100.202509120712/tools/bin/../lib/gcc/arm-none-eabi/13.3.1/../../../../arm-none-eabi/lib/thumb/v7e-m+fp/hard\libc_nano.a(libc_a-strcmp.o)
 .ARM.attributes
                0x0000084f       0x34 C:/ST/STM32CubeIDE_2.0.0/STM32CubeIDE/plugins/com.st.stm32cube.ide.mcu.externaltools.gnu-tools-for-stm32.13.3.rel1.win32_1.0.100.202509120712/tools/bin/../lib/gcc/arm-none-eabi/13.3.1/../../../../arm-none-eabi/lib/thumb/v7e-m+fp/hard\libc_nano.a(libc_a-memcpy-stub.o)
 .ARM.attributes
                0x00000883       0x17 C:/ST/STM32CubeIDE_2.0.0/STM32CubeIDE/plugins/com.st.stm32cube.ide.mcu.externaltools.gnu-tools-for-stm32.13.3.rel1.win32_1.0.100.202509120712/tools/bin/../lib/gcc/arm-none-eabi/13.3.1/../../../../arm-none-eabi/lib/thumb/v7e-m+fp/hard\libc_nano.a(libc_a-strlen.o)
 .ARM.attributes
                0x0000089a       0x34 C:/ST/STM32CubeIDE_2.0.0/STM32CubeIDE/plugins/com.st.stm32cube.ide.mcu.externaltools.gnu-tools-for-stm32.13.3.rel1.win32_1.0.100.202509120712/tools/bin/../lib/gcc/arm-none-eabi/13.3.1/../../../../arm-none-eabi/lib/thumb/v7e-m+fp/hard\libc_nano.a(libc_a-freer.o)
 .ARM.attributes
                0x000008ce       0x34 C:/ST/STM32CubeIDE_2.0.0/STM32CubeIDE/plugins/com.st.stm32cube.ide.mcu.externaltools.gnu-tools-for-stm32.13.3.rel1.win32_1.0.100.202509120712/tools/bin/../lib/gcc/arm-none-eabi/13.3.1/../../../../arm-none-eabi/lib/thumb/v7e-m+fp/hard\libc_nano.a(libc_a-mallocr.o)
 .ARM.attributes
                0x00000902       0x34 C:/ST/STM32CubeIDE_2.0.0/STM32CubeIDE/plugins/com.st.stm32cube.ide.mcu.externaltools.gnu-tools-for-stm32.13.3.rel1.win32_1.0.100.202509120712/tools/bin/../lib/gcc/arm-none-eabi/13.3.1/../../../../arm-none-eabi/lib/thumb/v7e-m+fp/hard\libc_nano.a(libc_a-mlock.o)
 .ARM.attributes
                0x00000936       0x34 C:/ST/STM32CubeIDE_2.0.0/STM32CubeIDE/plugins/com.st.stm32cube.ide.mcu.externaltools.gnu-tools-for-stm32.13.3.rel1.win32_1.0.100.202509120712/tools/bin/../lib/gcc/arm-none-eabi/13.3.1/../../../../arm-none-eabi/lib/thumb/v7e-m+fp/hard\libc_nano.a(libc_a-nano-svfprintf.o)
 .ARM.attributes
                0x0000096a       0x34 C:/ST/STM32CubeIDE_2.0.0/STM32CubeIDE/plugins/com.st.stm32cube.ide.mcu.externaltools.gnu-tools-for-stm32.13.3.rel1.win32_1.0.100.202509120712/tools/bin/../lib/gcc/arm-none-eabi/13.3.1/../../../../arm-none-eabi/lib/thumb/v7e-m+fp/hard\libc_nano.a(libc_a-nano-vfprintf_i.o)
 .ARM.attributes
                0x0000099e       0x34 C:/ST/STM32CubeIDE_2.0.0/STM32CubeIDE/plugins/com.st.stm32cube.ide.mcu.externaltools.gnu-tools-for-stm32.13.3.rel1.win32_1.0.100.202509120712/tools/bin/../lib/gcc/arm-none-eabi/13.3.1/../../../../arm-none-eabi/lib/thumb/v7e-m+fp/hard\libc_nano.a(libc_a-sbrkr.o)
 .ARM.attributes
                0x000009d2       0x1c C:/ST/STM32CubeIDE_2.0.0/STM32CubeIDE/plugins/com.st.stm32cube.ide.mcu.externaltools.gnu-tools-for-stm32.13.3.rel1.win32_1.0.100.202509120712/tools/bin/../lib/gcc/arm-none-eabi/13.3.1/../../../../arm-none-eabi/lib/thumb/v7e-m+fp/hard\libc_nano.a(libc_a-memchr.o)
 .ARM.attributes
                0x000009ee       0x34 C:/ST/STM32CubeIDE_2.0.0/STM32CubeIDE/plugins/com.st.stm32cube.ide.mcu.externaltools.gnu-tools-for-stm32.13.3.rel1.win32_1.0.100.202509120712/tools/bin/../lib/gcc/arm-none-eabi/13.3.1/../../../../arm-none-eabi/lib/thumb/v7e-m+fp/hard\libc_nano.a(libc_a-reallocr.o)
 .ARM.attributes
                0x00000a22       0x34 C:/ST/STM32CubeIDE_2.0.0/STM32CubeIDE/plugins/com.st.stm32cube.ide.mcu.externaltools.gnu-tools-for-stm32.13.3.rel1.win32_1.0.100.202509120712/tools/bin/../lib/gcc/arm-none-eabi/13.3.1/../../../../arm-none-eabi/lib/thumb/v7e-m+fp/hard\libc_nano.a(libc_a-msizer.o)
 .ARM.attributes
                0x00000a56       0x22 C:/ST/STM32CubeIDE_2.0.0/STM32CubeIDE/plugins/com.st.stm32cube.ide.mcu.externaltools.gnu-tools-for-stm32.13.3.rel1.win32_1.0.100.202509120712/tools/bin/../lib/gcc/arm-none-eabi/13.3.1/thumb/v7e-m+fp/hard\libgcc.a(_arm_addsubdf3.o)
 .ARM.attributes
                0x00000a78       0x22 C:/ST/STM32CubeIDE_2.0.0/STM32CubeIDE/plugins/com.st.stm32cube.ide.mcu.externaltools.gnu-tools-for-stm32.13.3.rel1.win32_1.0.100.202509120712/tools/bin/../lib/gcc/arm-none-eabi/13.3.1/thumb/v7e-m+fp/hard\libgcc.a(_arm_muldivdf3.o)
 .ARM.attributes
                0x00000a9a       0x22 C:/ST/STM32CubeIDE_2.0.0/STM32CubeIDE/plugins/com.st.stm32cube.ide.mcu.externaltools.gnu-tools-for-stm32.13.3.rel1.win32_1.0.100.202509120712/tools/bin/../lib/gcc/arm-none-eabi/13.3.1/thumb/v7e-m+fp/hard\libgcc.a(_arm_fixunsdfsi.o)
 .ARM.attributes
                0x00000abc       0x22 C:/ST/STM32CubeIDE_2.0.0/STM32CubeIDE/plugins/com.st.stm32cube.ide.mcu.externaltools.gnu-tools-for-stm32.13.3.rel1.win32_1.0.100.202509120712/tools/bin/../lib/gcc/arm-none-eabi/13.3.1/thumb/v7e-m+fp/hard\libgcc.a(_aeabi_uldivmod.o)
 .ARM.attributes
                0x00000ade       0x34 C:/ST/STM32CubeIDE_2.0.0/STM32CubeIDE/plugins/com.st.stm32cube.ide.mcu.externaltools.gnu-tools-for-stm32.13.3.rel1.win32_1.0.100.202509120712/tools/bin/../lib/gcc/arm-none-eabi/13.3.1/thumb/v7e-m+fp/hard\libgcc.a(_udivmoddi4.o)
 .ARM.attributes
                0x00000b12       0x22 C:/ST/STM32CubeIDE_2.0.0/STM32CubeIDE/plugins/com.st.stm32cube.ide.mcu.externaltools.gnu-tools-for-stm32.13.3.rel1.win32_1.0.100.202509120712/tools/bin/../lib/gcc/arm-none-eabi/13.3.1/thumb/v7e-m+fp/hard\libgcc.a(_dvmd_tls.o)
 .ARM.attributes
                0x00000b34       0x22 C:/ST/STM32CubeIDE_2.0.0/STM32CubeIDE/plugins/com.st.stm32cube.ide.mcu.externaltools.gnu-tools-for-stm32.13.3.rel1.win32_1.0.100.202509120712/tools/bin/../lib/gcc/arm-none-eabi/13.3.1/thumb/v7e-m+fp/hard/crtn.o
OUTPUT(HVP_FIRM_V.elf elf32-littlearm)
LOAD linker stubs
LOAD C:/ST/STM32CubeIDE_2.0.0/STM32CubeIDE/plugins/com.st.stm32cube.ide.mcu.externaltools.gnu-tools-for-stm32.13.3.rel1.win32_1.0.100.202509120712/tools/bin/../lib/gcc/arm-none-eabi/13.3.1/../../../../arm-none-eabi/lib/thumb/v7e-m+fp/hard\libc.a
LOAD C:/ST/STM32CubeIDE_2.0.0/STM32CubeIDE/plugins/com.st.stm32cube.ide.mcu.externaltools.gnu-tools-for-stm32.13.3.rel1.win32_1.0.100.202509120712/tools/bin/../lib/gcc/arm-none-eabi/13.3.1/../../../../arm-none-eabi/lib/thumb/v7e-m+fp/hard\libm.a
LOAD C:/ST/STM32CubeIDE_2.0.0/STM32CubeIDE/plugins/com.st.stm32cube.ide.mcu.externaltools.gnu-tools-for-stm32.13.3.rel1.win32_1.0.100.202509120712/tools/bin/../lib/gcc/arm-none-eabi/13.3.1/thumb/v7e-m+fp/hard\libgcc.a

.debug_info     0x00000000     0xe04f
 .debug_info    0x00000000      0x4c3 ./App/H_bridge_task/h_bridge_task.o
 .debug_info    0x000004c3      0x287 ./App/app.o
 .debug_info    0x0000074a     0x186e ./App/cmd_line_task/cli_command.o
 .debug_info    0x00001fb8      0x78f ./App/cmd_line_task/xbee_cmd_task.o
 .debug_info    0x00002747      0xef1 ./App/fsp_line_task/fsp_line_task.o
 .debug_info    0x00003638     0x1902 ./Core/Src/main.o
 .debug_info    0x00004f3a      0x837 ./Core/Src/stm32f4xx_it.o
 .debug_info    0x00005771      0x168 ./Core/Src/sysmem.o
 .debug_info    0x000058d9      0x50b ./Core/Src/system_stm32f4xx.o
 .debug_info    0x00005de4       0x30 ./Core/Startup/startup_stm32f405rgtx.o
 .debug_info    0x00005e14      0x920 ./Drivers/STM32F4xx_HAL_Driver/Src/stm32f4xx_ll_gpio.o
 .debug_info    0x00006734      0x744 ./Drivers/STM32F4xx_HAL_Driver/Src/stm32f4xx_ll_rcc.o
 .debug_info    0x00006e78      0xf40 ./Drivers/STM32F4xx_HAL_Driver/Src/stm32f4xx_ll_tim.o
 .debug_info    0x00007db8      0x6eb ./Drivers/STM32F4xx_HAL_Driver/Src/stm32f4xx_ll_usart.o
 .debug_info    0x000084a3      0x8f5 ./Drivers/STM32F4xx_HAL_Driver/Src/stm32f4xx_ll_utils.o
 .debug_info    0x00008d98      0x9fd ./MyDRV/H_switch/h_bridge_driver.o
 .debug_info    0x00009795      0xe5e ./MyDRV/V_switch/v_switch._driver.o
 .debug_info    0x0000a5f3      0x7db ./MyDRV/cli/CLI_Setup/cli_setup.o
 .debug_info    0x0000adce     0x139d ./MyDRV/cli/CLI_Src/embedded_cli.o
 .debug_info    0x0000c16b      0x103 ./MyDRV/fsp/crc16.o
 .debug_info    0x0000c26e      0x5bf ./MyDRV/fsp/fsp.o
 .debug_info    0x0000c82d      0x2ee ./MyDRV/scheduler/scheduler.o
 .debug_info    0x0000cb1b      0x812 ./MyDRV/uart/ring_buffer.o
 .debug_info    0x0000d32d      0xd22 ./MyDRV/uart/uart_driver.o

.debug_abbrev   0x00000000     0x2cf1
 .debug_abbrev  0x00000000      0x194 ./App/H_bridge_task/h_bridge_task.o
 .debug_abbrev  0x00000194      0x141 ./App/app.o
 .debug_abbrev  0x000002d5      0x336 ./App/cmd_line_task/cli_command.o
 .debug_abbrev  0x0000060b      0x219 ./App/cmd_line_task/xbee_cmd_task.o
 .debug_abbrev  0x00000824      0x255 ./App/fsp_line_task/fsp_line_task.o
 .debug_abbrev  0x00000a79      0x2c7 ./Core/Src/main.o
 .debug_abbrev  0x00000d40      0x204 ./Core/Src/stm32f4xx_it.o
 .debug_abbrev  0x00000f44       0xbc ./Core/Src/sysmem.o
 .debug_abbrev  0x00001000      0x11a ./Core/Src/system_stm32f4xx.o
 .debug_abbrev  0x0000111a       0x24 ./Core/Startup/startup_stm32f405rgtx.o