Archive member included to satisfy reference by file (symbol)

C:/ST/STM32CubeIDE_2.0.0/STM32CubeIDE/plugins/com.st.stm32cube.ide.mcu.externaltools.gnu-tools-for-stm32.13.3.rel1.win32_1.0.100.202509120712/tools/bin/../lib/gcc/arm-none-eabi/13.3.1/../../../../arm-none-eabi/lib/thumb/v7e-m+fp/hard\libc_nano.a(libc_a-atoi.o)
                              ./App/cmd_line_task/cli_command.o (atoi)
C:/ST/STM32CubeIDE_2.0.0/STM32CubeIDE/plugins/com.st.stm32cube.ide.mcu.externaltools.gnu-tools-for-stm32.13.3.rel1.win32_1.0.100.202509120712/tools/bin/../lib/gcc/arm-none-eabi/13.3.1/../../../../arm-none-eabi/lib/thumb/v7e-m+fp/hard\libc_nano.a(libc_a-exit.o)
                              C:/ST/STM32CubeIDE_2.0.0/STM32CubeIDE/plugins/com.st.stm32cube.ide.mcu.externaltools.gnu-tools-for-stm32.13.3.rel1.win32_1.0.100.202509120712/tools/bin/../lib/gcc/arm-none-eabi/13.3.1/../../../../arm-none-eabi/lib/thumb/v7e-m+fp/hard/crt0.o (exit)
C:/ST/STM32CubeIDE_2.0.0/STM32CubeIDE/plugins/com.st.stm32cube.ide.mcu.externaltools.gnu-tools-for-stm32.13.3.rel1.win32_1.0.100.202509120712/tools/bin/../lib/gcc/arm-none-eabi/13.3.1/../../../../arm-none-eabi/lib/thumb/v7e-m+fp/hard\libc_nano.a(libc_a-strtol.o)
                              C:/ST/STM32CubeIDE_2.0.0/STM32CubeIDE/plugins/com.st.stm32cube.ide.mcu.externaltools.gnu-tools-for-stm32.13.3.rel1.win32_1.0.100.202509120712/tools/bin/../lib/gcc/arm-none-eabi/13.3.1/../../../../arm-none-eabi/lib/thumb/v7e-m+fp/hard\libc_nano.a(libc_a-atoi.o) (_strtol_r)
C:/ST/STM32CubeIDE_2.0.0/STM32CubeIDE/plugins/com.st.stm32cube.ide.mcu.externaltools.gnu-tools-for-stm32.13.3.rel1.win32_1.0.100.202509120712/tools/bin/../lib/gcc/arm-none-eabi/13.3.1/../../../../arm-none-eabi/lib/thumb/v7e-m+fp/hard\libc_nano.a(libc_a-ctype_.o)
                              C:/ST/STM32CubeIDE_2.0.0/STM32CubeIDE/plugins/com.st.stm32cube.ide.mcu.externaltools.gnu-tools-for-stm32.13.3.rel1.win32_1.0.100.202509120712/tools/bin/../lib/gcc/arm-none-eabi/13.3.1/../../../../arm-none-eabi/lib/thumb/v7e-m+fp/hard\libc_nano.a(libc_a-strtol.o) (_ctype_)
C:/ST/STM32CubeIDE_2.0.0/STM32CubeIDE/plugins/com.st.stm32cube.ide.mcu.externaltools.gnu-tools-for-stm32.13.3.rel1.win32_1.0.100.202509120712/tools/bin/../lib/gcc/arm-none-eabi/13.3.1/../../../../arm-none-eabi/lib/thumb/v7e-m+fp/hard\libc_nano.a(libc_a-findfp.o)
                              C:/ST/STM32CubeIDE_2.0.0/STM32CubeIDE/plugins/com.st.stm32cube.ide.mcu.externaltools.gnu-tools-for-stm32.13.3.rel1.win32_1.0.100.202509120712/tools/bin/../lib/gcc/arm-none-eabi/13.3.1/../../../../arm-none-eabi/lib/thumb/v7e-m+fp/hard\libc_nano.a(libc_a-exit.o) (__stdio_exit_handler)
C:/ST/STM32CubeIDE_2.0.0/STM32CubeIDE/plugins/com.st.stm32cube.ide.mcu.externaltools.gnu-tools-for-stm32.13.3.rel1.win32_1.0.100.202509120712/tools/bin/../lib/gcc/arm-none-eabi/13.3.1/../../../../arm-none-eabi/lib/thumb/v7e-m+fp/hard\libc_nano.a(libc_a-fwalk.o)
                              C:/ST/STM32CubeIDE_2.0.0/STM32CubeIDE/plugins/com.st.stm32cube.ide.mcu.externaltools.gnu-tools-for-stm32.13.3.rel1.win32_1.0.100.202509120712/tools/bin/../lib/gcc/arm-none-eabi/13.3.1/../../../../arm-none-eabi/lib/thumb/v7e-m+fp/hard\libc_nano.a(libc_a-findfp.o) (_fwalk_sglue)
C:/ST/STM32CubeIDE_2.0.0/STM32CubeIDE/plugins/com.st.stm32cube.ide.mcu.externaltools.gnu-tools-for-stm32.13.3.rel1.win32_1.0.100.202509120712/tools/bin/../lib/gcc/arm-none-eabi/13.3.1/../../../../arm-none-eabi/lib/thumb/v7e-m+fp/hard\libc_nano.a(libc_a-snprintf.o)
                              ./App/cmd_line_task/cli_command.o (snprintf)
C:/ST/STM32CubeIDE_2.0.0/STM32CubeIDE/plugins/com.st.stm32cube.ide.mcu.externaltools.gnu-tools-for-stm32.13.3.rel1.win32_1.0.100.202509120712/tools/bin/../lib/gcc/arm-none-eabi/13.3.1/../../../../arm-none-eabi/lib/thumb/v7e-m+fp/hard\libc_nano.a(libc_a-sprintf.o)
                              ./App/cmd_line_task/cli_command.o (sprintf)
C:/ST/STM32CubeIDE_2.0.0/STM32CubeIDE/plugins/com.st.stm32cube.ide.mcu.externaltools.gnu-tools-for-stm32.13.3.rel1.win32_1.0.100.202509120712/tools/bin/../lib/gcc/arm-none-eabi/13.3.1/../../../../arm-none-eabi/lib/thumb/v7e-m+fp/hard\libc_nano.a(libc_a-stdio.o)
                              C:/ST/STM32CubeIDE_2.0.0/STM32CubeIDE/plugins/com.st.stm32cube.ide.mcu.externaltools.gnu-tools-for-stm32.13.3.rel1.win32_1.0.100.202509120712/tools/bin/../lib/gcc/arm-none-eabi/13.3.1/../../../../arm-none-eabi/lib/thumb/v7e-m+fp/hard\libc_nano.a(libc_a-findfp.o) (__sread)
C:/ST/STM32CubeIDE_2.0.0/STM32CubeIDE/plugins/com.st.stm32cube.ide.mcu.externaltools.gnu-tools-for-stm32.13.3.rel1.win32_1.0.100.202509120712/tools/bin/../lib/gcc/arm-none-eabi/13.3.1/../../../../arm-none-eabi/lib/thumb/v7e-m+fp/hard\libc_nano.a(libc_a-memmove.o)
                              ./MyDRV/cli/CLI_Src/embedded_cli.o (memmove)
[...]
Memory Configuration

Name             Origin             Length             Attributes
CCMRAM           0x10000000         0x00010000         xrw
RAM              0x20000000         0x00020000         xrw
FLASH            0x08000000         0x00100000         xr
*default*        0x00000000         0xffffffff

Linker script and memory map

LOAD C:/ST/STM32CubeIDE_2.0.0/STM32CubeIDE/plugins/com.st.stm32cube.ide.mcu.externaltools.gnu-tools-for-stm32.13.3.rel1.win32_1.0.100.202509120712/tools/bin/../lib/gcc/arm-none-eabi/13.3.1/thumb/v7e-m+fp/hard/crti.o
LOAD C:/ST/STM32CubeIDE_2.0.0/STM32CubeIDE/plugins/com.st.stm32cube.ide.mcu.externaltools.gnu-tools-for-stm32.13.3.rel1.win32_1.0.100.202509120712/tools/bin/../lib/gcc/arm-none-eabi/13.3.1/thumb/v7e-m+fp/hard/crtbegin.o
LOAD C:/ST/STM32CubeIDE_2.0.0/STM32CubeIDE/plugins/com.st.stm32cube.ide.mcu.externaltools.gnu-tools-for-stm32.13.3.rel1.win32_1.0.100.202509120712/tools/bin/../lib/gcc/arm-none-eabi/13.3.1/../../../../arm-none-eabi/lib/thumb/v7e-m+fp/hard/crt0.o
LOAD ./App/H_bridge_task/h_bridge_task.o
LOAD ./App/app.o
LOAD ./App/cmd_line_task/cli_command.o
LOAD ./App/cmd_line_task/xbee_cmd_task.o
LOAD ./Core/Src/main.o
LOAD ./Core/Src/stm32f4xx_it.o
LOAD ./Core/Src/syscalls.o
LOAD ./Core/Src/sysmem.o
LOAD ./Core/Src/system_stm32f4xx.o
LOAD ./Core/Startup/startup_stm32f405rgtx.o
LOAD ./Drivers/STM32F4xx_HAL_Driver/Src/stm32f4xx_ll_dma.o
LOAD ./Drivers/STM32F4xx_HAL_Driver/Src/stm32f4xx_ll_exti.o
LOAD ./Drivers/STM32F4xx_HAL_Driver/Src/stm32f4xx_ll_gpio.o
LOAD ./Drivers/STM32F4xx_HAL_Driver/Src/stm32f4xx_ll_rcc.o
LOAD ./Drivers/STM32F4xx_HAL_Driver/Src/stm32f4xx_ll_tim.o
LOAD ./Drivers/STM32F4xx_HAL_Driver/Src/stm32f4xx_ll_usart.o
LOAD ./Drivers/STM32F4xx_HAL_Driver/Src/stm32f4xx_ll_utils.o
LOAD ./MyDRV/H_switch/h_bridge_driver.o
LOAD ./MyDRV/V_switch/v_switch._driver.o
LOAD ./MyDRV/cli/CLI_Setup/cli_setup.o
LOAD ./MyDRV/cli/CLI_Src/embedded_cli.o
LOAD ./MyDRV/fsp/crc16.o
LOAD ./MyDRV/fsp/fsp.o
LOAD ./MyDRV/pwm/pwm.o
LOAD ./MyDRV/scheduler/scheduler.o
LOAD ./MyDRV/uart/ring_buffer.o
LOAD ./MyDRV/uart/uart_driver.o
START GROUP
LOAD C:/ST/STM32CubeIDE_2.0.0/STM32CubeIDE/plugins/com.st.stm32cube.ide.mcu.externaltools.gnu-tools-for-stm32.13.3.rel1.win32_1.0.100.202509120712/tools/bin/../lib/gcc/arm-none-eabi/13.3.1/../../../../arm-none-eabi/lib/thumb/v7e-m+fp/hard\libc_nano.a
LOAD C:/ST/STM32CubeIDE_2.0.0/STM32CubeIDE/plugins/com.st.stm32cube.ide.mcu.externaltools.gnu-tools-for-stm32.13.3.rel1.win32_1.0.100.202509120712/tools/bin/../lib/gcc/arm-none-eabi/13.3.1/../../../../arm-none-eabi/lib/thumb/v7e-m+fp/hard\libm.a
END GROUP
START GROUP
LOAD C:/ST/STM32CubeIDE_2.0.0/STM32CubeIDE/plugins/com.st.stm32cube.ide.mcu.externaltools.gnu-tools-for-stm32.13.3.rel1.win32_1.0.100.202509120712/tools/bin/../lib/gcc/arm-none-eabi/13.3.1/thumb/v7e-m+fp/hard\libgcc.a
LOAD C:/ST/STM32CubeIDE_2.0.0/STM32CubeIDE/plugins/com.st.stm32cube.ide.mcu.externaltools.gnu-tools-for-stm32.13.3.rel1.win32_1.0.100.202509120712/tools/bin/../lib/gcc/arm-none-eabi/13.3.1/../../../../arm-none-eabi/lib/thumb/v7e-m+fp/hard\libc_nano.a
END GROUP
START GROUP
LOAD C:/ST/STM32CubeIDE_2.0.0/STM32CubeIDE/plugins/com.st.stm32cube.ide.mcu.externaltools.gnu-tools-for-stm32.13.3.rel1.win32_1.0.100.202509120712/tools/bin/../lib/gcc/arm-none-eabi/13.3.1/thumb/v7e-m+fp/hard\libgcc.a
LOAD C:/ST/STM32CubeIDE_2.0.0/STM32CubeIDE/plugins/com.st.stm32cube.ide.mcu.externaltools.gnu-tools-for-stm32.13.3.rel1.win32_1.0.100.202509120712/tools/bin/../lib/gcc/arm-none-eabi/13.3.1/../../../../arm-none-eabi/lib/thumb/v7e-m+fp/hard\libc_nano.a
LOAD C:/ST/STM32CubeIDE_2.0.0/STM32CubeIDE/plugins/com.st.stm32cube.ide.mcu.externaltools.gnu-tools-for-stm32.13.3.rel1.win32_1.0.100.202509120712/tools/bin/../lib/gcc/arm-none-eabi/13.3.1/../../../../arm-none-eabi/lib/thumb/v7e-m+fp/hard\libnosys.a
END GROUP
START GROUP
LOAD C:/ST/STM32CubeIDE_2.0.0/STM32CubeIDE/plugins/com.st.stm32cube.ide.mcu.externaltools.gnu-tools-for-stm32.13.3.rel1.win32_1.0.100.202509120712/tools/bin/../lib/gcc/arm-none-eabi/13.3.1/thumb/v7e-m+fp/hard\libgcc.a
LOAD C:/ST/STM32CubeIDE_2.0.0/STM32CubeIDE/plugins/com.st.stm32cube.ide.mcu.externaltools.gnu-tools-for-stm32.13.3.rel1.win32_1.0.100.202509120712/tools/bin/../lib/gcc/arm-none-eabi/13.3.1/../../../../arm-none-eabi/lib/thumb/v7e-m+fp/hard\libc_nano.a
LOAD C:/ST/STM32CubeIDE_2.0.0/STM32CubeIDE/plugins/com.st.stm32cube.ide.mcu.externaltools.gnu-tools-for-stm32.13.3.rel1.win32_1.0.100.202509120712/tools/bin/../lib/gcc/arm-none-eabi/13.3.1/../../../../arm-none-eabi/lib/thumb/v7e-m+fp/hard\libnosys.a
END GROUP
LOAD C:/ST/STM32CubeIDE_2.0.0/STM32CubeIDE/plugins/com.st.stm32cube.ide.mcu.externaltools.gnu-tools-for-stm32.13.3.rel1.win32_1.0.100.202509120712/tools/bin/../lib/gcc/arm-none-eabi/13.3.1/thumb/v7e-m+fp/hard/crtend.o
LOAD C:/ST/STM32CubeIDE_2.0.0/STM32CubeIDE/plugins/com.st.stm32cube.ide.mcu.externaltools.gnu-tools-for-stm32.13.3.rel1.win32_1.0.100.202509120712/tools/bin/../lib/gcc/arm-none-eabi/13.3.1/thumb/v7e-m+fp/hard/crtn.o
                0x20020000                        _estack = (ORIGIN (RAM) + LENGTH (RAM))
                0x00000200                        _Min_Heap_Size = 0x200
                0x00000400                        _Min_Stack_Size = 0x400

.isr_vector     0x08000000      0x188
                0x08000000                        . = ALIGN (0x4)
 *(.isr_vector)
 .isr_vector    0x08000000      0x188 ./Core/Startup/startup_stm32f405rgtx.o
                0x08000000                g_pfnVectors
                0x08000188                        . = ALIGN (0x4)

.text           0x08000190     0x6ef0
                0x08000190                        . = ALIGN (0x4)
 *(.text)
 .text          0x08000190       0x40 C:/ST/STM32CubeIDE_2.0.0/STM32CubeIDE/plugins/com.st.stm32cube.ide.mcu.externaltools.gnu-tools-for-stm32.13.3.rel1.win32_1.0.100.202509120712/tools/bin/../lib/gcc/arm-none-eabi/13.3.1/thumb/v7e-m+fp/hard/crtbegin.o
 .text          0x080001d0       0x14 C:/ST/STM32CubeIDE_2.0.0/STM32CubeIDE/plugins/com.st.stm32cube.ide.mcu.externaltools.gnu-tools-for-stm32.13.3.rel1.win32_1.0.100.202509120712/tools/bin/../lib/gcc/arm-none-eabi/13.3.1/../../../../arm-none-eabi/lib/thumb/v7e-m+fp/hard\libc_nano.a(libc_a-strcmp.o)
                0x080001d0                strcmp
 .text          0x080001e4       0x10 C:/ST/STM32CubeIDE_2.0.0/STM32CubeIDE/plugins/com.st.stm32cube.ide.mcu.externaltools.gnu-tools-for-stm32.13.3.rel1.win32_1.0.100.202509120712/tools/bin/../lib/gcc/arm-none-eabi/13.3.1/../../../../arm-none-eabi/lib/thumb/v7e-m+fp/hard\libc_nano.a(libc_a-strlen.o)
                0x080001e4                strlen
 *fill*         0x080001f4        0xc 
 .text          0x08000200       0xa0 C:/ST/STM32CubeIDE_2.0.0/STM32CubeIDE/plugins/com.st.stm32cube.ide.mcu.externaltools.gnu-tools-for-stm32.13.3.rel1.win32_1.0.100.202509120712/tools/bin/../lib/gcc/arm-none-eabi/13.3.1/../../../../arm-none-eabi/lib/thumb/v7e-m+fp/hard\libc_nano.a(libc_a-memchr.o)
                0x08000200                memchr
 .text          0x080002a0      0x378 C:/ST/STM32CubeIDE_2.0.0/STM32CubeIDE/plugins/com.st.stm32cube.ide.mcu.externaltools.gnu-tools-for-stm32.13.3.rel1.win32_1.0.100.202509120712/tools/bin/../lib/gcc/arm-none-eabi/13.3.1/thumb/v7e-m+fp/hard\libgcc.a(_arm_addsubdf3.o)
                0x080002a0                __aeabi_drsub
                0x080002a8                __aeabi_dsub
                0x080002a8                __subdf3
                0x080002ac                __aeabi_dadd
                0x080002ac                __adddf3
                0x08000524                __floatunsidf
                0x08000524                __aeabi_ui2d
                0x08000544                __floatsidf
                0x08000544                __aeabi_i2d
                0x08000568                __aeabi_f2d
                0x08000568                __extendsfdf2
                0x080005ac                __floatundidf
                0x080005ac                __aeabi_ul2d
                0x080005bc                __floatdidf
                0x080005bc                __aeabi_l2d
 .text          0x08000618      0x424 C:/ST/STM32CubeIDE_2.0.0/STM32CubeIDE/plugins/com.st.stm32cube.ide.mcu.externaltools.gnu-tools-for-stm32.13.3.rel1.win32_1.0.100.202509120712/tools/bin/../lib/gcc/arm-none-eabi/13.3.1/thumb/v7e-m+fp/hard\libgcc.a(_arm_muldivdf3.o)
                0x08000618                __aeabi_dmul
                0x08000618                __muldf3
                0x0800086c                __divdf3
                0x0800086c                __aeabi_ddiv
 .text          0x08000a3c       0x40 C:/ST/STM32CubeIDE_2.0.0/STM32CubeIDE/plugins/com.st.stm32cube.ide.mcu.externaltools.gnu-tools-for-stm32.13.3.rel1.win32_1.0.100.202509120712/tools/bin/../lib/gcc/arm-none-eabi/13.3.1/thumb/v7e-m+fp/hard\libgcc.a(_arm_fixunsdfsi.o)
                0x08000a3c                __aeabi_d2uiz
                0x08000a3c                __fixunsdfsi
 .text          0x08000a7c       0x30 C:/ST/STM32CubeIDE_2.0.0/STM32CubeIDE/plugins/com.st.stm32cube.ide.mcu.externaltools.gnu-tools-for-stm32.13.3.rel1.win32_1.0.100.202509120712/tools/bin/../lib/gcc/arm-none-eabi/13.3.1/thumb/v7e-m+fp/hard\libgcc.a(_aeabi_uldivmod.o)
                0x08000a7c                __aeabi_uldivmod
 .text          0x08000aac      0x2f8 C:/ST/STM32CubeIDE_2.0.0/STM32CubeIDE/plugins/com.st.stm32cube.ide.mcu.externaltools.gnu-tools-for-stm32.13.3.rel1.win32_1.0.100.202509120712/tools/bin/../lib/gcc/arm-none-eabi/13.3.1/thumb/v7e-m+fp/hard\libgcc.a(_udivmoddi4.o)
                0x08000aac                __udivmoddi4
 .text          0x08000da4        0x4 C:/ST/STM32CubeIDE_2.0.0/STM32CubeIDE/plugins/com.st.stm32cube.ide.mcu.externaltools.gnu-tools-for-stm32.13.3.rel1.win32_1.0.100.202509120712/tools/bin/../lib/gcc/arm-none-eabi/13.3.1/thumb/v7e-m+fp/hard\libgcc.a(_dvmd_tls.o)
                0x08000da4                __aeabi_idiv0
                0x08000da4                __aeabi_ldiv0
 *(.text*)
 .text.H_Bridge_Task_Init
                0x08000da8       0x24 ./App/H_bridge_task/h_bridge_task.o
                0x08000da8                H_Bridge_Task_Init
 .text.H_Bridge_Task
                0x08000dcc       0xe8 ./App/H_bridge_task/h_bridge_task.o
                0x08000dcc                H_Bridge_Task
 .text.App_Main
                0x08000eb4       0x30 ./App/app.o
                0x08000eb4                App_Main
 .text.__NVIC_SystemReset
                0x08000ee4       0x2c ./App/cmd_line_task/cli_command.o
 .text.CMD_ClearCLI
                0x08000f10       0x34 ./App/cmd_line_task/cli_command.o
 .text.CMD_Reset
                0x08000f44       0x10 ./App/cmd_line_task/cli_command.o
 .text.CMD_SET_SEQUENCE_INDEX
                0x08000f54       0xb0 ./App/cmd_line_task/cli_command.o
 .text.CMD_SET_SEQUENCE_DELETE
                0x08001004       0x5c ./App/cmd_line_task/cli_command.o
 .text.CMD_SET_SEQUENCE_CONFIRM
                0x08001060       0x58 ./App/cmd_line_task/cli_command.o
 .text.CMD_SET_SEQUENCE_DELAY
                0x080010b8       0x88 ./App/cmd_line_task/cli_command.o
 .text.CMD_SET_PULSE_POLE
                0x08001140       0xcc ./App/cmd_line_task/cli_command.o
 .text.CMD_SET_PULSE_COUNT
                0x0800120c      0x12c ./App/cmd_line_task/cli_command.o
 .text.CMD_SET_PULSE_DELAY
                0x08001338       0xec ./App/cmd_line_task/cli_command.o
 .text.CMD_SET_PULSE_HV_POS
                0x08001424       0xf8 ./App/cmd_line_task/cli_command.o
 .text.CMD_SET_PULSE_HV_NEG
                0x0800151c       0xf8 ./App/cmd_line_task/cli_command.o
 .text.CMD_SET_PULSE_LV_POS
                0x08001614       0xf8 ./App/cmd_line_task/cli_command.o
 .text.CMD_SET_PULSE_LV_NEG
                0x0800170c       0xf8 ./App/cmd_line_task/cli_command.o
 .text.CMD_SET_PULSE_CONTROL
                0x08001804       0x80 ./App/cmd_line_task/cli_command.o
 .text.getCliStaticBindings
                0x08001884       0x14 ./App/cmd_line_task/cli_command.o
                0x08001884                getCliStaticBindings
 .text.getCliStaticBindingCount
                0x08001898       0x10 ./App/cmd_line_task/cli_command.o
                0x08001898                getCliStaticBindingCount
 .text.CMD_Line_Task_Init
                0x080018a8       0x7c ./App/cmd_line_task/xbee_cmd_task.o
                0x080018a8                CMD_Line_Task_Init
 .text.Debug_CMD_Line_Task
                0x08001924       0x48 ./App/cmd_line_task/xbee_cmd_task.o
                0x08001924                Debug_CMD_Line_Task
 .text.__NVIC_SetPriorityGrouping
                0x0800196c       0x48 ./Core/Src/main.o
 .text.__NVIC_GetPriorityGrouping
                0x080019b4       0x1c ./Core/Src/main.o
 .text.__NVIC_EnableIRQ
                0x080019d0       0x3c ./Core/Src/main.o
 .text.__NVIC_SetPriority
                0x08001a0c       0x54 ./Core/Src/main.o
 .text.NVIC_EncodePriority
                0x08001a60       0x66 ./Core/Src/main.o
 *fill*         0x08001ac6        0x2 
 .text.LL_DMA_SetDataTransferDirection
                0x08001ac8       0x48 ./Core/Src/main.o
 .text.LL_DMA_SetMode
                0x08001b10       0x48 ./Core/Src/main.o
 .text.LL_DMA_SetPeriphIncMode
                0x08001b58       0x48 ./Core/Src/main.o
 .text.LL_DMA_SetMemoryIncMode
                0x08001ba0       0x48 ./Core/Src/main.o
 .text.LL_DMA_SetPeriphSize
                0x08001be8       0x48 ./Core/Src/main.o
 .text.LL_DMA_SetMemorySize
                0x08001c30       0x48 ./Core/Src/main.o
 .text.LL_DMA_SetStreamPriorityLevel
                0x08001c78       0x48 ./Core/Src/main.o
 .text.LL_DMA_SetChannelSelection
                0x08001cc0       0x48 ./Core/Src/main.o
 .text.LL_DMA_DisableFifoMode
                0x08001d08       0x40 ./Core/Src/main.o
 .text.LL_RCC_HSE_Enable
                0x08001d48       0x20 ./Core/Src/main.o
 .text.LL_RCC_HSE_IsReady
                0x08001d68       0x28 ./Core/Src/main.o
 .text.LL_RCC_SetSysClkSource
                0x08001d90       0x28 ./Core/Src/main.o
 .text.LL_RCC_GetSysClkSource
                0x08001db8       0x1c ./Core/Src/main.o
 .text.LL_RCC_SetAHBPrescaler
                0x08001dd4       0x28 ./Core/Src/main.o
 .text.LL_RCC_SetAPB1Prescaler
                0x08001dfc       0x28 ./Core/Src/main.o
 .text.LL_RCC_SetAPB2Prescaler
                0x08001e24       0x28 ./Core/Src/main.o
 .text.LL_RCC_PLL_Enable
                0x08001e4c       0x20 ./Core/Src/main.o
 .text.LL_RCC_PLL_IsReady
                0x08001e6c       0x28 ./Core/Src/main.o
 .text.LL_RCC_PLL_ConfigDomain_SYS
                0x08001e94       0x4c ./Core/Src/main.o
 .text.LL_AHB1_GRP1_EnableClock
                0x08001ee0       0x30 ./Core/Src/main.o
 .text.LL_APB1_GRP1_EnableClock
                0x08001f10       0x30 ./Core/Src/main.o
 .text.LL_APB2_GRP1_EnableClock
                0x08001f40       0x30 ./Core/Src/main.o
 .text.LL_FLASH_SetLatency
                0x08001f70       0x28 ./Core/Src/main.o
 .text.LL_FLASH_GetLatency
                0x08001f98       0x1c ./Core/Src/main.o
 .text.LL_PWR_SetRegulVoltageScaling
                0x08001fb4       0x28 ./Core/Src/main.o
 .text.LL_PWR_IsActiveFlag_VOS
                0x08001fdc       0x28 ./Core/Src/main.o
 .text.LL_TIM_DisableARRPreload
                0x08002004       0x20 ./Core/Src/main.o
 .text.LL_TIM_OC_DisableFast
                0x08002024       0x8c ./Core/Src/main.o
 .text.LL_TIM_OC_EnablePreload
                0x080020b0       0x88 ./Core/Src/main.o
 .text.LL_TIM_SetClockSource
                0x08002138       0x2a ./Core/Src/main.o
 .text.LL_TIM_SetTriggerOutput
                0x08002162       0x26 ./Core/Src/main.o
 .text.LL_TIM_DisableMasterSlaveMode
                0x08002188       0x20 ./Core/Src/main.o
 .text.LL_USART_Enable
                0x080021a8       0x20 ./Core/Src/main.o
 .text.LL_USART_ConfigAsyncMode
                0x080021c8       0x2c ./Core/Src/main.o
 .text.LL_GPIO_ResetOutputPin
                0x080021f4       0x1e ./Core/Src/main.o
 .text.main     0x08002212       0x56 ./Core/Src/main.o
                0x08002212                main
 .text.SystemClock_Config
                0x08002268       0x94 ./Core/Src/main.o
                0x08002268                SystemClock_Config
 .text.MX_TIM2_Init
                0x080022fc       0xe8 ./Core/Src/main.o
 .text.MX_TIM3_Init
                0x080023e4       0xf4 ./Core/Src/main.o
 .text.MX_USART1_UART_Init
                0x080024d8       0xc0 ./Core/Src/main.o
 .text.MX_DMA_Init
                0x08002598       0x30 ./Core/Src/main.o
 .text.MX_GPIO_Init
                0x080025c8       0x90 ./Core/Src/main.o
 .text.NMI_Handler
                0x08002658        0x8 ./Core/Src/stm32f4xx_it.o
                0x08002658                NMI_Handler
 .text.HardFault_Handler
                0x08002660        0x8 ./Core/Src/stm32f4xx_it.o
                0x08002660                HardFault_Handler
 .text.MemManage_Handler
                0x08002668        0x8 ./Core/Src/stm32f4xx_it.o
                0x08002668                MemManage_Handler
 .text.BusFault_Handler
                0x08002670        0x8 ./Core/Src/stm32f4xx_it.o
                0x08002670                BusFault_Handler
 .text.UsageFault_Handler
                0x08002678        0x8 ./Core/Src/stm32f4xx_it.o
                0x08002678                UsageFault_Handler
 .text.SVC_Handler
                0x08002680        0xe ./Core/Src/stm32f4xx_it.o
                0x08002680                SVC_Handler
 .text.DebugMon_Handler
                0x0800268e        0xe ./Core/Src/stm32f4xx_it.o
                0x0800268e                DebugMon_Handler
 .text.PendSV_Handler
                0x0800269c        0xe ./Core/Src/stm32f4xx_it.o
                0x0800269c                PendSV_Handler
 .text.SysTick_Handler
                0x080026aa        0xc ./Core/Src/stm32f4xx_it.o
                0x080026aa                SysTick_Handler
 .text.DMA1_Stream1_IRQHandler
                0x080026b6        0xe ./Core/Src/stm32f4xx_it.o
                0x080026b6                DMA1_Stream1_IRQHandler
 .text.TIM2_IRQHandler
                0x080026c4        0xe ./Core/Src/stm32f4xx_it.o
                0x080026c4                TIM2_IRQHandler
 *fill*         0x080026d2        0x2 
 .text.USART1_IRQHandler
                0x080026d4       0x14 ./Core/Src/stm32f4xx_it.o
                0x080026d4                USART1_IRQHandler
 .text._sbrk    0x080026e8       0x6c ./Core/Src/sysmem.o
                0x080026e8                _sbrk
 .text.SystemInit
                0x08002754       0x24 ./Core/Src/system_stm32f4xx.o
                0x08002754                SystemInit
 .text.Reset_Handler
                0x08002778       0x50 ./Core/Startup/startup_stm32f405rgtx.o
                0x08002778                Reset_Handler
 .text.Default_Handler
                0x080027c8        0x2 ./Core/Startup/startup_stm32f405rgtx.o
                0x080027c8                RTC_Alarm_IRQHandler
                0x080027c8                HASH_RNG_IRQHandler
                0x080027c8                EXTI2_IRQHandler
                0x080027c8                TIM8_CC_IRQHandler
                0x080027c8                TIM1_CC_IRQHandler
                0x080027c8                DMA2_Stream5_IRQHandler
                0x080027c8                DMA1_Stream5_IRQHandler
                0x080027c8                PVD_IRQHandler
                0x080027c8                SDIO_IRQHandler
                0x080027c8                TAMP_STAMP_IRQHandler
                0x080027c8                CAN2_RX1_IRQHandler
                0x080027c8                EXTI3_IRQHandler
                0x080027c8                TIM8_TRG_COM_TIM14_IRQHandler
                0x080027c8                TIM1_UP_TIM10_IRQHandler
                0x080027c8                TIM8_UP_TIM13_IRQHandler
                0x080027c8                I2C3_ER_IRQHandler
                0x080027c8                EXTI0_IRQHandler
                0x080027c8                I2C2_EV_IRQHandler
                0x080027c8                DMA1_Stream2_IRQHandler
                0x080027c8                CAN1_RX0_IRQHandler
                0x080027c8                FPU_IRQHandler
                0x080027c8                OTG_HS_WKUP_IRQHandler
                0x080027c8                CAN2_SCE_IRQHandler
                0x080027c8                DMA2_Stream2_IRQHandler
                0x080027c8                SPI1_IRQHandler
                0x080027c8                TIM6_DAC_IRQHandler
                0x080027c8                TIM1_BRK_TIM9_IRQHandler
                0x080027c8                CAN2_RX0_IRQHandler
                0x080027c8                DMA2_Stream3_IRQHandler
                0x080027c8                USART6_IRQHandler
                0x080027c8                USART3_IRQHandler
                0x080027c8                CAN1_RX1_IRQHandler
                0x080027c8                UART5_IRQHandler
                0x080027c8                DMA2_Stream0_IRQHandler
                0x080027c8                TIM4_IRQHandler
                0x080027c8                I2C1_EV_IRQHandler
                0x080027c8                DMA1_Stream6_IRQHandler
                0x080027c8                UART4_IRQHandler
                0x080027c8                TIM3_IRQHandler
                0x080027c8                RCC_IRQHandler
                0x080027c8                TIM8_BRK_TIM12_IRQHandler
                0x080027c8                Default_Handler
                0x080027c8                EXTI15_10_IRQHandler
                0x080027c8                ADC_IRQHandler
                0x080027c8                DMA1_Stream7_IRQHandler
                0x080027c8                TIM7_IRQHandler
                0x080027c8                CAN2_TX_IRQHandler
                0x080027c8                TIM5_IRQHandler
                0x080027c8                DMA2_Stream7_IRQHandler
                0x080027c8                I2C3_EV_IRQHandler
                0x080027c8                EXTI9_5_IRQHandler
                0x080027c8                RTC_WKUP_IRQHandler
                0x080027c8                SPI2_IRQHandler
                0x080027c8                OTG_HS_EP1_IN_IRQHandler
                0x080027c8                DMA1_Stream0_IRQHandler
                0x080027c8                CAN1_TX_IRQHandler
                0x080027c8                EXTI4_IRQHandler
                0x080027c8                FSMC_IRQHandler
                0x080027c8                OTG_HS_EP1_OUT_IRQHandler
                0x080027c8                WWDG_IRQHandler
                0x080027c8                OTG_FS_WKUP_IRQHandler
                0x080027c8                TIM1_TRG_COM_TIM11_IRQHandler
                0x080027c8                OTG_HS_IRQHandler
                0x080027c8                EXTI1_IRQHandler
                0x080027c8                USART2_IRQHandler
                0x080027c8                I2C2_ER_IRQHandler
                0x080027c8                DMA2_Stream1_IRQHandler
                0x080027c8                CAN1_SCE_IRQHandler
                0x080027c8                FLASH_IRQHandler
                0x080027c8                DMA2_Stream4_IRQHandler
                0x080027c8                OTG_FS_IRQHandler
                0x080027c8                SPI3_IRQHandler
                0x080027c8                DMA1_Stream4_IRQHandler
                0x080027c8                I2C1_ER_IRQHandler
                0x080027c8                DMA2_Stream6_IRQHandler
                0x080027c8                DMA1_Stream3_IRQHandler
 .text.LL_GPIO_SetPinMode
                0x080027ca       0x7a ./Drivers/STM32F4xx_HAL_Driver/Src/stm32f4xx_ll_gpio.o
 .text.LL_GPIO_SetPinOutputType
                0x08002844       0x30 ./Drivers/STM32F4xx_HAL_Driver/Src/stm32f4xx_ll_gpio.o
 .text.LL_GPIO_SetPinSpeed
                0x08002874       0x7a ./Drivers/STM32F4xx_HAL_Driver/Src/stm32f4xx_ll_gpio.o
 .text.LL_GPIO_SetPinPull
                0x080028ee       0x7a ./Drivers/STM32F4xx_HAL_Driver/Src/stm32f4xx_ll_gpio.o
 .text.LL_GPIO_SetAFPin_0_7
                0x08002968       0x7a ./Drivers/STM32F4xx_HAL_Driver/Src/stm32f4xx_ll_gpio.o
 .text.LL_GPIO_SetAFPin_8_15
                0x080029e2       0x7e ./Drivers/STM32F4xx_HAL_Driver/Src/stm32f4xx_ll_gpio.o
 .text.LL_GPIO_Init
                0x08002a60      0x102 ./Drivers/STM32F4xx_HAL_Driver/Src/stm32f4xx_ll_gpio.o
                0x08002a60                LL_GPIO_Init
 *fill*         0x08002b62        0x2 
 .text.LL_RCC_GetSysClkSource
                0x08002b64       0x1c ./Drivers/STM32F4xx_HAL_Driver/Src/stm32f4xx_ll_rcc.o
 .text.LL_RCC_GetAHBPrescaler
                0x08002b80       0x1c ./Drivers/STM32F4xx_HAL_Driver/Src/stm32f4xx_ll_rcc.o
 .text.LL_RCC_GetAPB1Prescaler
                0x08002b9c       0x1c ./Drivers/STM32F4xx_HAL_Driver/Src/stm32f4xx_ll_rcc.o
 .text.LL_RCC_GetAPB2Prescaler
                0x08002bb8       0x1c ./Drivers/STM32F4xx_HAL_Driver/Src/stm32f4xx_ll_rcc.o
 .text.LL_RCC_PLL_GetMainSource
                0x08002bd4       0x1c ./Drivers/STM32F4xx_HAL_Driver/Src/stm32f4xx_ll_rcc.o
 .text.LL_RCC_PLL_GetN
                0x08002bf0       0x1c ./Drivers/STM32F4xx_HAL_Driver/Src/stm32f4xx_ll_rcc.o
 .text.LL_RCC_PLL_GetP
                0x08002c0c       0x1c ./Drivers/STM32F4xx_HAL_Driver/Src/stm32f4xx_ll_rcc.o
 .text.LL_RCC_PLL_GetDivider
                0x08002c28       0x1c ./Drivers/STM32F4xx_HAL_Driver/Src/stm32f4xx_ll_rcc.o
 .text.LL_RCC_GetSystemClocksFreq
                0x08002c44       0x4a ./Drivers/STM32F4xx_HAL_Driver/Src/stm32f4xx_ll_rcc.o
                0x08002c44                LL_RCC_GetSystemClocksFreq
 *fill*         0x08002c8e        0x2 
 .text.RCC_GetSystemClockFreq
                0x08002c90       0x50 ./Drivers/STM32F4xx_HAL_Driver/Src/stm32f4xx_ll_rcc.o
                0x08002c90                RCC_GetSystemClockFreq
 .text.RCC_GetHCLKClockFreq
                0x08002ce0       0x2c ./Drivers/STM32F4xx_HAL_Driver/Src/stm32f4xx_ll_rcc.o
                0x08002ce0                RCC_GetHCLKClockFreq
 .text.RCC_GetPCLK1ClockFreq
                0x08002d0c       0x28 ./Drivers/STM32F4xx_HAL_Driver/Src/stm32f4xx_ll_rcc.o
                0x08002d0c                RCC_GetPCLK1ClockFreq
 .text.RCC_GetPCLK2ClockFreq
                0x08002d34       0x28 ./Drivers/STM32F4xx_HAL_Driver/Src/stm32f4xx_ll_rcc.o
                0x08002d34                RCC_GetPCLK2ClockFreq
 .text.RCC_PLL_GetFreqDomain_SYS
                0x08002d5c       0x7c ./Drivers/STM32F4xx_HAL_Driver/Src/stm32f4xx_ll_rcc.o
                0x08002d5c                RCC_PLL_GetFreqDomain_SYS
 .text.LL_TIM_SetPrescaler
                0x08002dd8       0x1c ./Drivers/STM32F4xx_HAL_Driver/Src/stm32f4xx_ll_tim.o
 .text.LL_TIM_SetAutoReload
                0x08002df4       0x1c ./Drivers/STM32F4xx_HAL_Driver/Src/stm32f4xx_ll_tim.o
 .text.LL_TIM_SetRepetitionCounter
                0x08002e10       0x1c ./Drivers/STM32F4xx_HAL_Driver/Src/stm32f4xx_ll_tim.o
 .text.LL_TIM_OC_SetCompareCH1
                0x08002e2c       0x1c ./Drivers/STM32F4xx_HAL_Driver/Src/stm32f4xx_ll_tim.o
 .text.LL_TIM_OC_SetCompareCH2
                0x08002e48       0x1c ./Drivers/STM32F4xx_HAL_Driver/Src/stm32f4xx_ll_tim.o
 .text.LL_TIM_OC_SetCompareCH3
                0x08002e64       0x1c ./Drivers/STM32F4xx_HAL_Driver/Src/stm32f4xx_ll_tim.o
 .text.LL_TIM_OC_SetCompareCH4
                0x08002e80       0x1c ./Drivers/STM32F4xx_HAL_Driver/Src/stm32f4xx_ll_tim.o
 .text.LL_TIM_GenerateEvent_UPDATE
                0x08002e9c       0x20 ./Drivers/STM32F4xx_HAL_Driver/Src/stm32f4xx_ll_tim.o
 .text.LL_TIM_Init
                0x08002ebc      0x134 ./Drivers/STM32F4xx_HAL_Driver/Src/stm32f4xx_ll_tim.o
                0x08002ebc                LL_TIM_Init
 .text.LL_TIM_OC_Init
                0x08002ff0       0x82 ./Drivers/STM32F4xx_HAL_Driver/Src/stm32f4xx_ll_tim.o
                0x08002ff0                LL_TIM_OC_Init
 *fill*         0x08003072        0x2 
 .text.OC1Config
                0x08003074       0xd8 ./Drivers/STM32F4xx_HAL_Driver/Src/stm32f4xx_ll_tim.o
 .text.OC2Config
                0x0800314c       0xe0 ./Drivers/STM32F4xx_HAL_Driver/Src/stm32f4xx_ll_tim.o
 .text.OC3Config
                0x0800322c       0xe0 ./Drivers/STM32F4xx_HAL_Driver/Src/stm32f4xx_ll_tim.o
 .text.OC4Config
                0x0800330c       0xb0 ./Drivers/STM32F4xx_HAL_Driver/Src/stm32f4xx_ll_tim.o
 .text.LL_USART_IsEnabled
                0x080033bc       0x28 ./Drivers/STM32F4xx_HAL_Driver/Src/stm32f4xx_ll_usart.o
 .text.LL_USART_SetStopBitsLength
                0x080033e4       0x26 ./Drivers/STM32F4xx_HAL_Driver/Src/stm32f4xx_ll_usart.o
 .text.LL_USART_SetHWFlowCtrl
                0x0800340a       0x26 ./Drivers/STM32F4xx_HAL_Driver/Src/stm32f4xx_ll_usart.o
 .text.LL_USART_SetBaudRate
                0x08003430      0x45c ./Drivers/STM32F4xx_HAL_Driver/Src/stm32f4xx_ll_usart.o
 .text.LL_USART_Init
                0x0800388c      0x100 ./Drivers/STM32F4xx_HAL_Driver/Src/stm32f4xx_ll_usart.o
                0x0800388c                LL_USART_Init
 .text.LL_InitTick
                0x0800398c       0x34 ./Drivers/STM32F4xx_HAL_Driver/Src/stm32f4xx_ll_utils.o
 .text.LL_Init1msTick
                0x080039c0       0x1a ./Drivers/STM32F4xx_HAL_Driver/Src/stm32f4xx_ll_utils.o
                0x080039c0                LL_Init1msTick
 *fill*         0x080039da        0x2 
 .text.LL_SetSystemCoreClock
                0x080039dc       0x20 ./Drivers/STM32F4xx_HAL_Driver/Src/stm32f4xx_ll_utils.o
                0x080039dc                LL_SetSystemCoreClock
 .text.LL_GPIO_SetOutputPin
                0x080039fc       0x1c ./MyDRV/V_switch/v_switch._driver.o
 .text.LL_GPIO_ResetOutputPin
                0x08003a18       0x1e ./MyDRV/V_switch/v_switch._driver.o
 .text.LL_TIM_EnableCounter
                0x08003a36       0x20 ./MyDRV/V_switch/v_switch._driver.o
 .text.LL_TIM_DisableCounter
                0x08003a56       0x20 ./MyDRV/V_switch/v_switch._driver.o
 .text.LL_TIM_EnableUpdateEvent
                0x08003a76       0x20 ./MyDRV/V_switch/v_switch._driver.o
 .text.LL_TIM_DisableUpdateEvent
                0x08003a96       0x20 ./MyDRV/V_switch/v_switch._driver.o
 .text.LL_TIM_SetUpdateSource
                0x08003ab6       0x26 ./MyDRV/V_switch/v_switch._driver.o
 .text.LL_TIM_EnableARRPreload
                0x08003adc       0x20 ./MyDRV/V_switch/v_switch._driver.o
 .text.LL_TIM_SetPrescaler
                0x08003afc       0x1c ./MyDRV/V_switch/v_switch._driver.o
 .text.LL_TIM_GetPrescaler
                0x08003b18       0x18 ./MyDRV/V_switch/v_switch._driver.o
 .text.LL_TIM_SetAutoReload
                0x08003b30       0x1c ./MyDRV/V_switch/v_switch._driver.o
 .text.LL_TIM_CC_EnableChannel
                0x08003b4c       0x22 ./MyDRV/V_switch/v_switch._driver.o
 *fill*         0x08003b6e        0x2 
 .text.LL_TIM_OC_SetMode
                0x08003b70       0x9c ./MyDRV/V_switch/v_switch._driver.o
 .text.LL_TIM_OC_SetPolarity
                0x08003c0c       0x88 ./MyDRV/V_switch/v_switch._driver.o
 .text.LL_TIM_OC_EnablePreload
                0x08003c94       0x88 ./MyDRV/V_switch/v_switch._driver.o
 .text.LL_TIM_OC_SetCompareCH1
                0x08003d1c       0x1c ./MyDRV/V_switch/v_switch._driver.o
 .text.LL_TIM_OC_SetCompareCH2
                0x08003d38       0x1c ./MyDRV/V_switch/v_switch._driver.o
 .text.LL_TIM_OC_SetCompareCH3
                0x08003d54       0x1c ./MyDRV/V_switch/v_switch._driver.o
 .text.LL_TIM_OC_SetCompareCH4
                0x08003d70       0x1c ./MyDRV/V_switch/v_switch._driver.o
 .text.LL_TIM_SetOffStates
                0x08003d8c       0x2c ./MyDRV/V_switch/v_switch._driver.o
 .text.LL_TIM_DisableAutomaticOutput
                0x08003db8       0x20 ./MyDRV/V_switch/v_switch._driver.o
 .text.LL_TIM_EnableAllOutputs
                0x08003dd8       0x20 ./MyDRV/V_switch/v_switch._driver.o
 .text.LL_TIM_EnableIT_UPDATE
                0x08003df8       0x20 ./MyDRV/V_switch/v_switch._driver.o
 .text.LL_TIM_DisableIT_UPDATE
                0x08003e18       0x20 ./MyDRV/V_switch/v_switch._driver.o
 .text.LL_TIM_IsEnabledIT_UPDATE
                0x08003e38       0x26 ./MyDRV/V_switch/v_switch._driver.o
 .text.LL_TIM_GenerateEvent_UPDATE
                0x08003e5e       0x20 ./MyDRV/V_switch/v_switch._driver.o
 *fill*         0x08003e7e        0x2 
 .text.LL_RCC_GetAPB1Prescaler
                0x08003e80       0x1c ./MyDRV/V_switch/v_switch._driver.o
 .text.V_Switch_Driver_Init
                0x08003e9c      0x1b4 ./MyDRV/V_switch/v_switch._driver.o
                0x08003e9c                V_Switch_Driver_Init
 .text.V_Switch_Set_Mode
                0x08004050      0x1b0 ./MyDRV/V_switch/v_switch._driver.o
                0x08004050                V_Switch_Set_Mode
 .text.VS_Set_Duty
                0x08004200      0x124 ./MyDRV/V_switch/v_switch._driver.o
 .text.VS_Set_Freq
                0x08004324       0xf4 ./MyDRV/V_switch/v_switch._driver.o
 .text.writeCharToUart_Common
                0x08004418       0x28 ./MyDRV/cli/CLI_Setup/cli_setup.o
 .text.SystemCLI_Init
                0x08004440       0x98 ./MyDRV/cli/CLI_Setup/cli_setup.o
                0x08004440                SystemCLI_Init
 .text.embeddedCliDefaultConfig
                0x080044d8       0x54 ./MyDRV/cli/CLI_Src/embedded_cli.o
                0x080044d8                embeddedCliDefaultConfig
 .text.embeddedCliRequiredSize
                0x0800452c       0x62 ./MyDRV/cli/CLI_Src/embedded_cli.o
                0x0800452c                embeddedCliRequiredSize
 .text.embeddedCliNew
                0x0800458e      0x11e ./MyDRV/cli/CLI_Src/embedded_cli.o
                0x0800458e                embeddedCliNew
 .text.embeddedCliReceiveChar
                0x080046ac       0x46 ./MyDRV/cli/CLI_Src/embedded_cli.o
                0x080046ac                embeddedCliReceiveChar
 .text.embeddedCliProcess
                0x080046f2      0x120 ./MyDRV/cli/CLI_Src/embedded_cli.o
                0x080046f2                embeddedCliProcess
 *fill*         0x08004812        0x2 
 .text.embeddedCliPrint
                0x08004814       0x9c ./MyDRV/cli/CLI_Src/embedded_cli.o
                0x08004814                embeddedCliPrint
 .text.embeddedCliTokenizeArgs
                0x080048b0      0x100 ./MyDRV/cli/CLI_Src/embedded_cli.o
                0x080048b0                embeddedCliTokenizeArgs
 .text.embeddedCliGetToken
                0x080049b0       0x36 ./MyDRV/cli/CLI_Src/embedded_cli.o
                0x080049b0                embeddedCliGetToken
 .text.embeddedCliGetTokenVariable
                0x080049e6       0x36 ./MyDRV/cli/CLI_Src/embedded_cli.o
                0x080049e6                embeddedCliGetTokenVariable
 .text.embeddedCliGetTokenCount
                0x08004a1c       0x5a ./MyDRV/cli/CLI_Src/embedded_cli.o
                0x08004a1c                embeddedCliGetTokenCount
 *fill*         0x08004a76        0x2 
 .text.navigateHistory
                0x08004a78       0xe8 ./MyDRV/cli/CLI_Src/embedded_cli.o
 .text.onEscapedInput
                0x08004b60       0xbc ./MyDRV/cli/CLI_Src/embedded_cli.o
 .text.onCharInput
                0x08004c1c       0xa4 ./MyDRV/cli/CLI_Src/embedded_cli.o
 .text.onControlInput
                0x08004cc0      0x128 ./MyDRV/cli/CLI_Src/embedded_cli.o
 .text.parseCommand
                0x08004de8      0x254 ./MyDRV/cli/CLI_Src/embedded_cli.o
 .text.printBindingHelp
                0x0800503c       0x40 ./MyDRV/cli/CLI_Src/embedded_cli.o
 .text.getAutocompletedCommand
                0x0800507c      0x17a ./MyDRV/cli/CLI_Src/embedded_cli.o
 *fill*         0x080051f6        0x2 
 .text.printLiveAutocompletion
                0x080051f8       0xc4 ./MyDRV/cli/CLI_Src/embedded_cli.o
 .text.onAutocompleteRequest
                0x080052bc      0x124 ./MyDRV/cli/CLI_Src/embedded_cli.o
 .text.clearCurrentLine
                0x080053e0       0x6a ./MyDRV/cli/CLI_Src/embedded_cli.o
 .text.writeToOutput
                0x0800544a       0x42 ./MyDRV/cli/CLI_Src/embedded_cli.o
 .text.moveCursor
                0x0800548c       0x6c ./MyDRV/cli/CLI_Src/embedded_cli.o
 .text.isControlChar
                0x080054f8       0x40 ./MyDRV/cli/CLI_Src/embedded_cli.o
 .text.isDisplayableChar
                0x08005538       0x2e ./MyDRV/cli/CLI_Src/embedded_cli.o
 .text.fifoBufAvailable
                0x08005566       0x42 ./MyDRV/cli/CLI_Src/embedded_cli.o
 .text.fifoBufPop
                0x080055a8       0x50 ./MyDRV/cli/CLI_Src/embedded_cli.o
 .text.fifoBufPush
                0x080055f8       0x54 ./MyDRV/cli/CLI_Src/embedded_cli.o
 .text.historyPut
                0x0800564c       0xc8 ./MyDRV/cli/CLI_Src/embedded_cli.o
 .text.historyGet
                0x08005714       0x38 ./MyDRV/cli/CLI_Src/embedded_cli.o
 .text.historyRemove
                0x0800574c       0xba ./MyDRV/cli/CLI_Src/embedded_cli.o
 .text.getTokenPosition
                0x08005806       0x7c ./MyDRV/cli/CLI_Src/embedded_cli.o
 .text.findCategoryIndex
                0x08005882       0x48 ./MyDRV/cli/CLI_Src/embedded_cli.o
 *fill*         0x080058ca        0x2 
 .text.printAlignedColumn
                0x080058cc       0x4c ./MyDRV/cli/CLI_Src/embedded_cli.o
 .text.CMD_Help
                0x08005918      0x3cc ./MyDRV/cli/CLI_Src/embedded_cli.o
                0x08005918                CMD_Help
 .text.onUnknownCommand
                0x08005ce4       0x44 ./MyDRV/cli/CLI_Src/embedded_cli.o
 .text.SchedulerSysTickIntHandler
                0x08005d28       0x1c ./MyDRV/scheduler/scheduler.o
                0x08005d28                SchedulerSysTickIntHandler
 .text.SchedulerInit
                0x08005d44       0x44 ./MyDRV/scheduler/scheduler.o
                0x08005d44                SchedulerInit
 .text.SchedulerRun
                0x08005d88       0x74 ./MyDRV/scheduler/scheduler.o
                0x08005d88                SchedulerRun
 .text.SchedulerTaskEnable
                0x08005dfc       0x8c ./MyDRV/scheduler/scheduler.o
                0x08005dfc                SchedulerTaskEnable
 .text.SchedulerTaskDisable
                0x08005e88       0x3c ./MyDRV/scheduler/scheduler.o
                0x08005e88                SchedulerTaskDisable
 .text.SchedulerElapsedTicksGet
                0x08005ec4       0x24 ./MyDRV/scheduler/scheduler.o
                0x08005ec4                SchedulerElapsedTicksGet
 .text.SchedulerElapsedTicksCalc
                0x08005ee8       0x1c ./MyDRV/scheduler/scheduler.o
                0x08005ee8                SchedulerElapsedTicksCalc
 .text.RingBuffer_Create
                0x08005f04       0x66 ./MyDRV/uart/ring_buffer.o
                0x08005f04                RingBuffer_Create
 .text.RingBuffer_Put
                0x08005f6a       0x8c ./MyDRV/uart/ring_buffer.o
                0x08005f6a                RingBuffer_Put
 .text.RingBuffer_Get
                0x08005ff6       0x82 ./MyDRV/uart/ring_buffer.o
                0x08005ff6                RingBuffer_Get
 .text.RingBuffer_IsDataAvailable
                0x08006078       0x4a ./MyDRV/uart/ring_buffer.o
                0x08006078                RingBuffer_IsDataAvailable
 .text.LL_USART_IsActiveFlag_FE
                0x080060c2       0x26 ./MyDRV/uart/uart_driver.o
 .text.LL_USART_IsActiveFlag_NE
                0x080060e8       0x26 ./MyDRV/uart/uart_driver.o
 .text.LL_USART_IsActiveFlag_ORE
                0x0800610e       0x26 ./MyDRV/uart/uart_driver.o
 .text.LL_USART_IsActiveFlag_RXNE
                0x08006134       0x26 ./MyDRV/uart/uart_driver.o
 .text.LL_USART_IsActiveFlag_TXE
                0x0800615a       0x26 ./MyDRV/uart/uart_driver.o
 .text.LL_USART_ClearFlag_FE
                0x08006180       0x24 ./MyDRV/uart/uart_driver.o
 .text.LL_USART_ClearFlag_NE
                0x080061a4       0x24 ./MyDRV/uart/uart_driver.o
 .text.LL_USART_ClearFlag_ORE
                0x080061c8       0x24 ./MyDRV/uart/uart_driver.o
 .text.LL_USART_EnableIT_RXNE
                0x080061ec       0x46 ./MyDRV/uart/uart_driver.o
 .text.LL_USART_EnableIT_TXE
                0x08006232       0x46 ./MyDRV/uart/uart_driver.o
 .text.LL_USART_DisableIT_TXE
                0x08006278       0x46 ./MyDRV/uart/uart_driver.o
 .text.LL_USART_IsEnabledIT_RXNE
                0x080062be       0x26 ./MyDRV/uart/uart_driver.o
 .text.LL_USART_IsEnabledIT_TXE
                0x080062e4       0x26 ./MyDRV/uart/uart_driver.o
 .text.LL_USART_ReceiveData8
                0x0800630a       0x1a ./MyDRV/uart/uart_driver.o
 .text.LL_USART_TransmitData8
                0x08006324       0x1e ./MyDRV/uart/uart_driver.o
 .text.UART_Driver_Init
                0x08006342       0x8a ./MyDRV/uart/uart_driver.o
                0x08006342                UART_Driver_Init
 .text.UART_Driver_Read
                0x080063cc       0x2e ./MyDRV/uart/uart_driver.o
                0x080063cc                UART_Driver_Read
 .text.UART_Driver_Write
                0x080063fa       0x3a ./MyDRV/uart/uart_driver.o
                0x080063fa                UART_Driver_Write
 .text.UART_Driver_SendString
                0x08006434       0x30 ./MyDRV/uart/uart_driver.o
                0x08006434                UART_Driver_SendString
 .text.UART_Driver_IsDataAvailable
                0x08006464       0x1c ./MyDRV/uart/uart_driver.o
                0x08006464                UART_Driver_IsDataAvailable
 .text.UART_Driver_ISR
                0x08006480       0xea ./MyDRV/uart/uart_driver.o
                0x08006480                UART_Driver_ISR
 .text.atoi     0x0800656a        0x8 C:/ST/STM32CubeIDE_2.0.0/STM32CubeIDE/plugins/com.st.stm32cube.ide.mcu.externaltools.gnu-tools-for-stm32.13.3.rel1.win32_1.0.100.202509120712/tools/bin/../lib/gcc/arm-none-eabi/13.3.1/../../../../arm-none-eabi/lib/thumb/v7e-m+fp/hard\libc_nano.a(libc_a-atoi.o)
                0x0800656a                atoi
 *fill*         0x08006572        0x2 
 .text._strtol_l.isra.0
                0x08006574       0xf4 C:/ST/STM32CubeIDE_2.0.0/STM32CubeIDE/plugins/com.st.stm32cube.ide.mcu.externaltools.gnu-tools-for-stm32.13.3.rel1.win32_1.0.100.202509120712/tools/bin/../lib/gcc/arm-none-eabi/13.3.1/../../../../arm-none-eabi/lib/thumb/v7e-m+fp/hard\libc_nano.a(libc_a-strtol.o)
 .text.strtol   0x08006668       0x14 C:/ST/STM32CubeIDE_2.0.0/STM32CubeIDE/plugins/com.st.stm32cube.ide.mcu.externaltools.gnu-tools-for-stm32.13.3.rel1.win32_1.0.100.202509120712/tools/bin/../lib/gcc/arm-none-eabi/13.3.1/../../../../arm-none-eabi/lib/thumb/v7e-m+fp/hard\libc_nano.a(libc_a-strtol.o)
                0x08006668                strtol
 .text.snprintf
                0x0800667c       0x6c C:/ST/STM32CubeIDE_2.0.0/STM32CubeIDE/plugins/com.st.stm32cube.ide.mcu.externaltools.gnu-tools-for-stm32.13.3.rel1.win32_1.0.100.202509120712/tools/bin/../lib/gcc/arm-none-eabi/13.3.1/../../../../arm-none-eabi/lib/thumb/v7e-m+fp/hard\libc_nano.a(libc_a-snprintf.o)
                0x0800667c                sniprintf
                0x0800667c                snprintf
 .text.sprintf  0x080066e8       0x44 C:/ST/STM32CubeIDE_2.0.0/STM32CubeIDE/plugins/com.st.stm32cube.ide.mcu.externaltools.gnu-tools-for-stm32.13.3.rel1.win32_1.0.100.202509120712/tools/bin/../lib/gcc/arm-none-eabi/13.3.1/../../../../arm-none-eabi/lib/thumb/v7e-m+fp/hard\libc_nano.a(libc_a-sprintf.o)
                0x080066e8                siprintf
                0x080066e8                sprintf
 .text.memmove  0x0800672c       0x34 C:/ST/STM32CubeIDE_2.0.0/STM32CubeIDE/plugins/com.st.stm32cube.ide.mcu.externaltools.gnu-tools-for-stm32.13.3.rel1.win32_1.0.100.202509120712/tools/bin/../lib/gcc/arm-none-eabi/13.3.1/../../../../arm-none-eabi/lib/thumb/v7e-m+fp/hard\libc_nano.a(libc_a-memmove.o)
                0x0800672c                memmove
 .text.memset   0x08006760       0x10 C:/ST/STM32CubeIDE_2.0.0/STM32CubeIDE/plugins/com.st.stm32cube.ide.mcu.externaltools.gnu-tools-for-stm32.13.3.rel1.win32_1.0.100.202509120712/tools/bin/../lib/gcc/arm-none-eabi/13.3.1/../../../../arm-none-eabi/lib/thumb/v7e-m+fp/hard\libc_nano.a(libc_a-memset.o)
                0x08006760                memset
 .text.strchr   0x08006770       0x1a C:/ST/STM32CubeIDE_2.0.0/STM32CubeIDE/plugins/com.st.stm32cube.ide.mcu.externaltools.gnu-tools-for-stm32.13.3.rel1.win32_1.0.100.202509120712/tools/bin/../lib/gcc/arm-none-eabi/13.3.1/../../../../arm-none-eabi/lib/thumb/v7e-m+fp/hard\libc_nano.a(libc_a-strchr.o)
                0x08006770                strchr
 .text.strncpy  0x0800678a       0x26 C:/ST/STM32CubeIDE_2.0.0/STM32CubeIDE/plugins/com.st.stm32cube.ide.mcu.externaltools.gnu-tools-for-stm32.13.3.rel1.win32_1.0.100.202509120712/tools/bin/../lib/gcc/arm-none-eabi/13.3.1/../../../../arm-none-eabi/lib/thumb/v7e-m+fp/hard\libc_nano.a(libc_a-strncpy.o)
                0x0800678a                strncpy
 .text.__errno  0x080067b0        0xc C:/ST/STM32CubeIDE_2.0.0/STM32CubeIDE/plugins/com.st.stm32cube.ide.mcu.externaltools.gnu-tools-for-stm32.13.3.rel1.win32_1.0.100.202509120712/tools/bin/../lib/gcc/arm-none-eabi/13.3.1/../../../../arm-none-eabi/lib/thumb/v7e-m+fp/hard\libc_nano.a(libc_a-errno.o)
                0x080067b0                __errno
 .text.__libc_init_array
                0x080067bc       0x48 C:/ST/STM32CubeIDE_2.0.0/STM32CubeIDE/plugins/com.st.stm32cube.ide.mcu.externaltools.gnu-tools-for-stm32.13.3.rel1.win32_1.0.100.202509120712/tools/bin/../lib/gcc/arm-none-eabi/13.3.1/../../../../arm-none-eabi/lib/thumb/v7e-m+fp/hard\libc_nano.a(libc_a-init.o)
                0x080067bc                __libc_init_array
 .text.__retarget_lock_acquire_recursive
                0x08006804        0x2 C:/ST/STM32CubeIDE_2.0.0/STM32CubeIDE/plugins/com.st.stm32cube.ide.mcu.externaltools.gnu-tools-for-stm32.13.3.rel1.win32_1.0.100.202509120712/tools/bin/../lib/gcc/arm-none-eabi/13.3.1/../../../../arm-none-eabi/lib/thumb/v7e-m+fp/hard\libc_nano.a(libc_a-lock.o)
                0x08006804                __retarget_lock_acquire_recursive
 .text.__retarget_lock_release_recursive
                0x08006806        0x2 C:/ST/STM32CubeIDE_2.0.0/STM32CubeIDE/plugins/com.st.stm32cube.ide.mcu.externaltools.gnu-tools-for-stm32.13.3.rel1.win32_1.0.100.202509120712/tools/bin/../lib/gcc/arm-none-eabi/13.3.1/../../../../arm-none-eabi/lib/thumb/v7e-m+fp/hard\libc_nano.a(libc_a-lock.o)
                0x08006806                __retarget_lock_release_recursive
 .text.memcpy   0x08006808       0x1c C:/ST/STM32CubeIDE_2.0.0/STM32CubeIDE/plugins/com.st.stm32cube.ide.mcu.externaltools.gnu-tools-for-stm32.13.3.rel1.win32_1.0.100.202509120712/tools/bin/../lib/gcc/arm-none-eabi/13.3.1/../../../../arm-none-eabi/lib/thumb/v7e-m+fp/hard\libc_nano.a(libc_a-memcpy-stub.o)
                0x08006808                memcpy
 .text._free_r  0x08006824       0x94 C:/ST/STM32CubeIDE_2.0.0/STM32CubeIDE/plugins/com.st.stm32cube.ide.mcu.externaltools.gnu-tools-for-stm32.13.3.rel1.win32_1.0.100.202509120712/tools/bin/../lib/gcc/arm-none-eabi/13.3.1/../../../../arm-none-eabi/lib/thumb/v7e-m+fp/hard\libc_nano.a(libc_a-freer.o)
                0x08006824                _free_r
 .text.sbrk_aligned
                0x080068b8       0x44 C:/ST/STM32CubeIDE_2.0.0/STM32CubeIDE/plugins/com.st.stm32cube.ide.mcu.externaltools.gnu-tools-for-stm32.13.3.rel1.win32_1.0.100.202509120712/tools/bin/../lib/gcc/arm-none-eabi/13.3.1/../../../../arm-none-eabi/lib/thumb/v7e-m+fp/hard\libc_nano.a(libc_a-mallocr.o)
 .text._malloc_r
                0x080068fc      0x100 C:/ST/STM32CubeIDE_2.0.0/STM32CubeIDE/plugins/com.st.stm32cube.ide.mcu.externaltools.gnu-tools-for-stm32.13.3.rel1.win32_1.0.100.202509120712/tools/bin/../lib/gcc/arm-none-eabi/13.3.1/../../../../arm-none-eabi/lib/thumb/v7e-m+fp/hard\libc_nano.a(libc_a-mallocr.o)
                0x080068fc                _malloc_r
 .text.__malloc_lock
                0x080069fc        0xc C:/ST/STM32CubeIDE_2.0.0/STM32CubeIDE/plugins/com.st.stm32cube.ide.mcu.externaltools.gnu-tools-for-stm32.13.3.rel1.win32_1.0.100.202509120712/tools/bin/../lib/gcc/arm-none-eabi/13.3.1/../../../../arm-none-eabi/lib/thumb/v7e-m+fp/hard\libc_nano.a(libc_a-mlock.o)
                0x080069fc                __malloc_lock
 .text.__malloc_unlock
                0x08006a08        0xc C:/ST/STM32CubeIDE_2.0.0/STM32CubeIDE/plugins/com.st.stm32cube.ide.mcu.externaltools.gnu-tools-for-stm32.13.3.rel1.win32_1.0.100.202509120712/tools/bin/../lib/gcc/arm-none-eabi/13.3.1/../../../../arm-none-eabi/lib/thumb/v7e-m+fp/hard\libc_nano.a(libc_a-mlock.o)
                0x08006a08                __malloc_unlock
 .text.__ssputs_r
                0x08006a14       0xb6 C:/ST/STM32CubeIDE_2.0.0/STM32CubeIDE/plugins/com.st.stm32cube.ide.mcu.externaltools.gnu-tools-for-stm32.13.3.rel1.win32_1.0.100.202509120712/tools/bin/../lib/gcc/arm-none-eabi/13.3.1/../../../../arm-none-eabi/lib/thumb/v7e-m+fp/hard\libc_nano.a(libc_a-nano-svfprintf.o)
                0x08006a14                __ssputs_r
 *fill*         0x08006aca        0x2 
 .text._svfprintf_r
                0x08006acc      0x1f8 C:/ST/STM32CubeIDE_2.0.0/STM32CubeIDE/plugins/com.st.stm32cube.ide.mcu.externaltools.gnu-tools-for-stm32.13.3.rel1.win32_1.0.100.202509120712/tools/bin/../lib/gcc/arm-none-eabi/13.3.1/../../../../arm-none-eabi/lib/thumb/v7e-m+fp/hard\libc_nano.a(libc_a-nano-svfprintf.o)
                0x08006acc                _svfiprintf_r
                0x08006acc                _svfprintf_r
 .text._printf_common
                0x08006cc4       0xda C:/ST/STM32CubeIDE_2.0.0/STM32CubeIDE/plugins/com.st.stm32cube.ide.mcu.externaltools.gnu-tools-for-stm32.13.3.rel1.win32_1.0.100.202509120712/tools/bin/../lib/gcc/arm-none-eabi/13.3.1/../../../../arm-none-eabi/lib/thumb/v7e-m+fp/hard\libc_nano.a(libc_a-nano-vfprintf_i.o)
                0x08006cc4                _printf_common
 *fill*         0x08006d9e        0x2 
 .text._printf_i
                0x08006da0      0x23c C:/ST/STM32CubeIDE_2.0.0/STM32CubeIDE/plugins/com.st.stm32cube.ide.mcu.externaltools.gnu-tools-for-stm32.13.3.rel1.win32_1.0.100.202509120712/tools/bin/../lib/gcc/arm-none-eabi/13.3.1/../../../../arm-none-eabi/lib/thumb/v7e-m+fp/hard\libc_nano.a(libc_a-nano-vfprintf_i.o)
                0x08006da0                _printf_i
 .text._sbrk_r  0x08006fdc       0x20 C:/ST/STM32CubeIDE_2.0.0/STM32CubeIDE/plugins/com.st.stm32cube.ide.mcu.externaltools.gnu-tools-for-stm32.13.3.rel1.win32_1.0.100.202509120712/tools/bin/../lib/gcc/arm-none-eabi/13.3.1/../../../../arm-none-eabi/lib/thumb/v7e-m+fp/hard\libc_nano.a(libc_a-sbrkr.o)
                0x08006fdc                _sbrk_r
 .text._realloc_r
                0x08006ffc       0x5c C:/ST/STM32CubeIDE_2.0.0/STM32CubeIDE/plugins/com.st.stm32cube.ide.mcu.externaltools.gnu-tools-for-stm32.13.3.rel1.win32_1.0.100.202509120712/tools/bin/../lib/gcc/arm-none-eabi/13.3.1/../../../../arm-none-eabi/lib/thumb/v7e-m+fp/hard\libc_nano.a(libc_a-reallocr.o)
                0x08006ffc                _realloc_r
 .text._malloc_usable_size_r
                0x08007058       0x10 C:/ST/STM32CubeIDE_2.0.0/STM32CubeIDE/plugins/com.st.stm32cube.ide.mcu.externaltools.gnu-tools-for-stm32.13.3.rel1.win32_1.0.100.202509120712/tools/bin/../lib/gcc/arm-none-eabi/13.3.1/../../../../arm-none-eabi/lib/thumb/v7e-m+fp/hard\libc_nano.a(libc_a-msizer.o)
                0x08007058                _malloc_usable_size_r
 *(.glue_7)
 .glue_7        0x08007068        0x0 linker stubs
 *(.glue_7t)
 .glue_7t       0x08007068        0x0 linker stubs
 *(.eh_frame)
 .eh_frame      0x08007068        0x0 C:/ST/STM32CubeIDE_2.0.0/STM32CubeIDE/plugins/com.st.stm32cube.ide.mcu.externaltools.gnu-tools-for-stm32.13.3.rel1.win32_1.0.100.202509120712/tools/bin/../lib/gcc/arm-none-eabi/13.3.1/thumb/v7e-m+fp/hard/crtbegin.o
 *(.init)
 .init          0x08007068        0x4 C:/ST/STM32CubeIDE_2.0.0/STM32CubeIDE/plugins/com.st.stm32cube.ide.mcu.externaltools.gnu-tools-for-stm32.13.3.rel1.win32_1.0.100.202509120712/tools/bin/../lib/gcc/arm-none-eabi/13.3.1/thumb/v7e-m+fp/hard/crti.o
                0x08007068                _init
 .init          0x0800706c        0x8 C:/ST/STM32CubeIDE_2.0.0/STM32CubeIDE/plugins/com.st.stm32cube.ide.mcu.externaltools.gnu-tools-for-stm32.13.3.rel1.win32_1.0.100.202509120712/tools/bin/../lib/gcc/arm-none-eabi/13.3.1/thumb/v7e-m+fp/hard/crtn.o
 *(.fini)
 .fini          0x08007074        0x4 C:/ST/STM32CubeIDE_2.0.0/STM32CubeIDE/plugins/com.st.stm32cube.ide.mcu.externaltools.gnu-tools-for-stm32.13.3.rel1.win32_1.0.100.202509120712/tools/bin/../lib/gcc/arm-none-eabi/13.3.1/thumb/v7e-m+fp/hard/crti.o
                0x08007074                _fini
 .fini          0x08007078        0x8 C:/ST/STM32CubeIDE_2.0.0/STM32CubeIDE/plugins/com.st.stm32cube.ide.mcu.externaltools.gnu-tools-for-stm32.13.3.rel1.win32_1.0.100.202509120712/tools/bin/../lib/gcc/arm-none-eabi/13.3.1/thumb/v7e-m+fp/hard/crtn.o
                0x08007080                        . = ALIGN (0x4)
                0x08007080                        _etext = .

.vfp11_veneer   0x08007080        0x0
 .vfp11_veneer  0x08007080        0x0 linker stubs

.v4_bx          0x08007080        0x0
 .v4_bx         0x08007080        0x0 linker stubs

.iplt           0x08007080        0x0
 .iplt          0x08007080        0x0 C:/ST/STM32CubeIDE_2.0.0/STM32CubeIDE/plugins/com.st.stm32cube.ide.mcu.externaltools.gnu-tools-for-stm32.13.3.rel1.win32_1.0.100.202509120712/tools/bin/../lib/gcc/arm-none-eabi/13.3.1/thumb/v7e-m+fp/hard/crtbegin.o

.rodata         0x08007080      0x73c
                0x08007080                        . = ALIGN (0x4)
 *(.rodata)
 .rodata        0x08007080      0x338 ./App/cmd_line_task/cli_command.o
 .rodata        0x080073b8       0x26 ./App/cmd_line_task/xbee_cmd_task.o
 *fill*         0x080073de        0x2 
 .rodata        0x080073e0        0x3 ./MyDRV/cli/CLI_Setup/cli_setup.o
 *fill*         0x080073e3        0x1 
 .rodata        0x080073e4       0xf2 ./MyDRV/cli/CLI_Src/embedded_cli.o
 *(.rodata*)
 *fill*         0x080074d6        0x2 
 .rodata.cliStaticBindings_internal
                0x080074d8      0x168 ./App/cmd_line_task/cli_command.o
 .rodata.STREAM_OFFSET_TAB
                0x08007640        0x8 ./Core/Src/main.o
 .rodata.OFFSET_TAB_CCMRx
                0x08007648        0x7 ./Core/Src/main.o
 *fill*         0x0800764f        0x1 
 .rodata.SHIFT_TAB_OCxx
                0x08007650        0x7 ./Core/Src/main.o
 *fill*         0x08007657        0x1 
 .rodata.AHBPrescTable
                0x08007658       0x10 ./Core/Src/system_stm32f4xx.o
                0x08007658                AHBPrescTable
 .rodata.APBPrescTable
                0x08007668        0x8 ./Core/Src/system_stm32f4xx.o
                0x08007668                APBPrescTable
 .rodata.OFFSET_TAB_CCMRx
                0x08007670        0x7 ./MyDRV/V_switch/v_switch._driver.o
 *fill*         0x08007677        0x1 
 .rodata.SHIFT_TAB_OCxx
                0x08007678        0x7 ./MyDRV/V_switch/v_switch._driver.o
 *fill*         0x0800767f        0x1 
 .rodata.SHIFT_TAB_CCxP
                0x08007680        0x7 ./MyDRV/V_switch/v_switch._driver.o
 .rodata._ctype_
                0x08007687      0x101 C:/ST/STM32CubeIDE_2.0.0/STM32CubeIDE/plugins/com.st.stm32cube.ide.mcu.externaltools.gnu-tools-for-stm32.13.3.rel1.win32_1.0.100.202509120712/tools/bin/../lib/gcc/arm-none-eabi/13.3.1/../../../../arm-none-eabi/lib/thumb/v7e-m+fp/hard\libc_nano.a(libc_a-ctype_.o)
                0x08007687                _ctype_
 .rodata._svfprintf_r.str1.1
                0x08007788       0x33 C:/ST/STM32CubeIDE_2.0.0/STM32CubeIDE/plugins/com.st.stm32cube.ide.mcu.externaltools.gnu-tools-for-stm32.13.3.rel1.win32_1.0.100.202509120712/tools/bin/../lib/gcc/arm-none-eabi/13.3.1/../../../../arm-none-eabi/lib/thumb/v7e-m+fp/hard\libc_nano.a(libc_a-nano-svfprintf.o)
                                 0x11 (size before relaxing)
 .rodata._printf_i.str1.1
                0x080077bb        0x0 C:/ST/STM32CubeIDE_2.0.0/STM32CubeIDE/plugins/com.st.stm32cube.ide.mcu.externaltools.gnu-tools-for-stm32.13.3.rel1.win32_1.0.100.202509120712/tools/bin/../lib/gcc/arm-none-eabi/13.3.1/../../../../arm-none-eabi/lib/thumb/v7e-m+fp/hard\libc_nano.a(libc_a-nano-vfprintf_i.o)
                                 0x22 (size before relaxing)
                0x080077bc                        . = ALIGN (0x4)
 *fill*         0x080077bb        0x1 

.ARM.extab      0x080077bc        0x0
                0x080077bc                        . = ALIGN (0x4)
 *(.ARM.extab* .gnu.linkonce.armextab.*)
                0x080077bc                        . = ALIGN (0x4)

.ARM            0x080077bc        0x8
                0x080077bc                        . = ALIGN (0x4)
                0x080077bc                        __exidx_start = .
 *(.ARM.exidx*)
 .ARM.exidx     0x080077bc        0x8 C:/ST/STM32CubeIDE_2.0.0/STM32CubeIDE/plugins/com.st.stm32cube.ide.mcu.externaltools.gnu-tools-for-stm32.13.3.rel1.win32_1.0.100.202509120712/tools/bin/../lib/gcc/arm-none-eabi/13.3.1/../../../../arm-none-eabi/lib/thumb/v7e-m+fp/hard\libc_nano.a(libc_a-strcmp.o)
 .ARM.exidx     0x080077c4        0x0 C:/ST/STM32CubeIDE_2.0.0/STM32CubeIDE/plugins/com.st.stm32cube.ide.mcu.externaltools.gnu-tools-for-stm32.13.3.rel1.win32_1.0.100.202509120712/tools/bin/../lib/gcc/arm-none-eabi/13.3.1/../../../../arm-none-eabi/lib/thumb/v7e-m+fp/hard\libc_nano.a(libc_a-strlen.o)
                                  0x8 (size before relaxing)
 .ARM.exidx     0x080077c4        0x0 C:/ST/STM32CubeIDE_2.0.0/STM32CubeIDE/plugins/com.st.stm32cube.ide.mcu.externaltools.gnu-tools-for-stm32.13.3.rel1.win32_1.0.100.202509120712/tools/bin/../lib/gcc/arm-none-eabi/13.3.1/../../../../arm-none-eabi/lib/thumb/v7e-m+fp/hard\libc_nano.a(libc_a-memchr.o)
                                  0x8 (size before relaxing)
 .ARM.exidx     0x080077c4        0x0 C:/ST/STM32CubeIDE_2.0.0/STM32CubeIDE/plugins/com.st.stm32cube.ide.mcu.externaltools.gnu-tools-for-stm32.13.3.rel1.win32_1.0.100.202509120712/tools/bin/../lib/gcc/arm-none-eabi/13.3.1/thumb/v7e-m+fp/hard\libgcc.a(_udivmoddi4.o)
                                  0x8 (size before relaxing)
                0x080077c4                        __exidx_end = .
                0x080077c4                        . = ALIGN (0x4)

.preinit_array  0x080077c4        0x0
                0x080077c4                        . = ALIGN (0x4)
                0x080077c4                        PROVIDE (__preinit_array_start = .)
 *(.preinit_array*)
                0x080077c4                        PROVIDE (__preinit_array_end = .)
                0x080077c4                        . = ALIGN (0x4)

.init_array     0x080077c4        0x4
                0x080077c4                        . = ALIGN (0x4)
                0x080077c4                        PROVIDE (__init_array_start = .)
 *(SORT_BY_NAME(.init_array.*))
 *(.init_array*)
 .init_array    0x080077c4        0x4 C:/ST/STM32CubeIDE_2.0.0/STM32CubeIDE/plugins/com.st.stm32cube.ide.mcu.externaltools.gnu-tools-for-stm32.13.3.rel1.win32_1.0.100.202509120712/tools/bin/../lib/gcc/arm-none-eabi/13.3.1/thumb/v7e-m+fp/hard/crtbegin.o
                0x080077c8                        PROVIDE (__init_array_end = .)
                0x080077c8                        . = ALIGN (0x4)

.fini_array     0x080077c8        0x4
                0x080077c8                        . = ALIGN (0x4)
                [!provide]                        PROVIDE (__fini_array_start = .)
 *(SORT_BY_NAME(.fini_array.*))
 *(.fini_array*)
 .fini_array    0x080077c8        0x4 C:/ST/STM32CubeIDE_2.0.0/STM32CubeIDE/plugins/com.st.stm32cube.ide.mcu.externaltools.gnu-tools-for-stm32.13.3.rel1.win32_1.0.100.202509120712/tools/bin/../lib/gcc/arm-none-eabi/13.3.1/thumb/v7e-m+fp/hard/crtbegin.o
                [!provide]                        PROVIDE (__fini_array_end = .)
                0x080077cc                        . = ALIGN (0x4)
                0x080077cc                        _sidata = LOADADDR (.data)

.rel.dyn        0x080077cc        0x0
 .rel.iplt      0x080077cc        0x0 C:/ST/STM32CubeIDE_2.0.0/STM32CubeIDE/plugins/com.st.stm32cube.ide.mcu.externaltools.gnu-tools-for-stm32.13.3.rel1.win32_1.0.100.202509120712/tools/bin/../lib/gcc/arm-none-eabi/13.3.1/thumb/v7e-m+fp/hard/crtbegin.o

.data           0x20000000      0x100 load address 0x080077cc
                0x20000000                        . = ALIGN (0x4)
                0x20000000                        _sdata = .
 *(.data)
 *(.data*)
 .data.g_ui32SchedulerNumTasks
                0x20000000        0x4 ./App/app.o
                0x20000000                g_ui32SchedulerNumTasks
 .data.g_psSchedulerTable
                0x20000004       0x28 ./App/app.o
                0x20000004                g_psSchedulerTable
 .data.ChannelMapping
                0x2000002c        0x8 ./App/cmd_line_task/cli_command.o
 .data.SystemCoreClock
                0x20000034        0x4 ./Core/Src/system_stm32f4xx.o
                0x20000034                SystemCoreClock
 .data.V_Switch_HV_PWM
                0x20000038       0x1c ./MyDRV/V_switch/v_switch._driver.o
                0x20000038                V_Switch_HV_PWM
 .data.V_Switch_LV_PWM
                0x20000054       0x1c ./MyDRV/V_switch/v_switch._driver.o
                0x20000054                V_Switch_LV_PWM
 .data.V_Switch_HV
                0x20000070       0x10 ./MyDRV/V_switch/v_switch._driver.o
                0x20000070                V_Switch_HV
 .data.V_Switch_LV
                0x20000080       0x10 ./MyDRV/V_switch/v_switch._driver.o
                0x20000080                V_Switch_LV
 .data.lineBreak
                0x20000090        0x4 ./MyDRV/cli/CLI_Src/embedded_cli.o
 .data.escSeqCursorRight
                0x20000094        0x4 ./MyDRV/cli/CLI_Src/embedded_cli.o
 .data.escSeqCursorLeft
                0x20000098        0x4 ./MyDRV/cli/CLI_Src/embedded_cli.o
 .data.escSeqCursorSave
                0x2000009c        0x4 ./MyDRV/cli/CLI_Src/embedded_cli.o
 .data.escSeqCursorRestore
                0x200000a0        0x4 ./MyDRV/cli/CLI_Src/embedded_cli.o
 .data.escSeqInsertChar
                0x200000a4        0x4 ./MyDRV/cli/CLI_Src/embedded_cli.o
 .data.escSeqDeleteChar
                0x200000a8        0x4 ./MyDRV/cli/CLI_Src/embedded_cli.o
 .data.SchedulerTickPerSecond
                0x200000ac        0x4 ./MyDRV/scheduler/scheduler.o
 .data._impure_ptr
                0x200000b0        0x4 C:/ST/STM32CubeIDE_2.0.0/STM32CubeIDE/plugins/com.st.stm32cube.ide.mcu.externaltools.gnu-tools-for-stm32.13.3.rel1.win32_1.0.100.202509120712/tools/bin/../lib/gcc/arm-none-eabi/13.3.1/../../../../arm-none-eabi/lib/thumb/v7e-m+fp/hard\libc_nano.a(libc_a-impure.o)
                0x200000b0                _impure_ptr
 .data._impure_data
                0x200000b4       0x4c C:/ST/STM32CubeIDE_2.0.0/STM32CubeIDE/plugins/com.st.stm32cube.ide.mcu.externaltools.gnu-tools-for-stm32.13.3.rel1.win32_1.0.100.202509120712/tools/bin/../lib/gcc/arm-none-eabi/13.3.1/../../../../arm-none-eabi/lib/thumb/v7e-m+fp/hard\libc_nano.a(libc_a-impure.o)
                0x200000b4                _impure_data
 *(.RamFunc)
 *(.RamFunc*)
                0x20000100                        . = ALIGN (0x4)
                0x20000100                        _edata = .
                0x080078cc                        _siccmram = LOADADDR (.ccmram)

.igot.plt       0x20000100        0x0 load address 0x080078cc
 .igot.plt      0x20000100        0x0 C:/ST/STM32CubeIDE_2.0.0/STM32CubeIDE/plugins/com.st.stm32cube.ide.mcu.externaltools.gnu-tools-for-stm32.13.3.rel1.win32_1.0.100.202509120712/tools/bin/../lib/gcc/arm-none-eabi/13.3.1/thumb/v7e-m+fp/hard/crtbegin.o

.ccmram         0x10000000        0x0 load address 0x080078cc
                0x10000000                        . = ALIGN (0x4)
                0x10000000                        _sccmram = .
 *(.ccmram)
 *(.ccmram*)
                0x10000000                        . = ALIGN (0x4)
                0x10000000                        _eccmram = .
                0x10000000                        . = ALIGN (0x4)

.bss            0x20000100      0xf6c
                0x20000100                        _sbss = .
                0x20000100                        __bss_start__ = _sbss
 *(.bss)
 .bss           0x20000100       0x1c C:/ST/STM32CubeIDE_2.0.0/STM32CubeIDE/plugins/com.st.stm32cube.ide.mcu.externaltools.gnu-tools-for-stm32.13.3.rel1.win32_1.0.100.202509120712/tools/bin/../lib/gcc/arm-none-eabi/13.3.1/thumb/v7e-m+fp/hard/crtbegin.o
 *(.bss*)
 .bss.is_h_bridge_enable
                0x2000011c        0x1 ./App/H_bridge_task/h_bridge_task.o
                0x2000011c                is_h_bridge_enable
 *fill*         0x2000011d        0x3 
 .bss.Sequence_List
                0x20000120      0x140 ./App/H_bridge_task/h_bridge_task.o
                0x20000120                Sequence_List
 .bss.total_active_sequences
                0x20000260        0x1 ./App/H_bridge_task/h_bridge_task.o
                0x20000260                total_active_sequences
 .bss.H_Bridge_Pulse_Process
                0x20000261        0x1 ./App/H_bridge_task/h_bridge_task.o
                0x20000261                H_Bridge_Pulse_Process
 .bss.H_Bridge_State
                0x20000262        0x1 ./App/H_bridge_task/h_bridge_task.o
                0x20000262                H_Bridge_State
 .bss.current_HB_sequence
                0x20000263        0x1 ./App/H_bridge_task/h_bridge_task.o
 .bss.current_seq
                0x20000264       0x20 ./App/H_bridge_task/h_bridge_task.o
 .bss.test      0x20000284        0x4 ./App/app.o
                0x20000284                test
 .bss.CMD_sequence_index
                0x20000288        0x1 ./App/cmd_line_task/cli_command.o
                0x20000288                CMD_sequence_index
 *fill*         0x20000289        0x3 
 .bss.CMD_line_handle
                0x2000028c        0x4 ./App/cmd_line_task/xbee_cmd_task.o
                0x2000028c                CMD_line_handle
 .bss.XBEE_UART
                0x20000290       0x6c ./App/cmd_line_task/xbee_cmd_task.o
                0x20000290                XBEE_UART
 .bss.g_XBEE_UART_TX_buffer
                0x200002fc      0x200 ./App/cmd_line_task/xbee_cmd_task.o
                0x200002fc                g_XBEE_UART_TX_buffer
 .bss.g_XBEE_UART_RX_buffer
                0x200004fc      0x200 ./App/cmd_line_task/xbee_cmd_task.o
                0x200004fc                g_XBEE_UART_RX_buffer
 .bss.g_XBEE_CMD_line_buffer
                0x200006fc      0x800 ./App/cmd_line_task/xbee_cmd_task.o
                0x200006fc                g_XBEE_CMD_line_buffer
 .bss.p_XBEE_CLI
                0x20000efc        0x4 ./App/cmd_line_task/xbee_cmd_task.o
                0x20000efc                p_XBEE_CLI
 .bss.__sbrk_heap_end
                0x20000f00        0x4 ./Core/Src/sysmem.o
 .bss.defaultConfig
                0x20000f04       0x1c ./MyDRV/cli/CLI_Src/embedded_cli.o
 .bss.g_ui32SchedulerTickCount
                0x20000f20        0x4 ./MyDRV/scheduler/scheduler.o
 .bss.__sf      0x20000f24      0x138 C:/ST/STM32CubeIDE_2.0.0/STM32CubeIDE/plugins/com.st.stm32cube.ide.mcu.externaltools.gnu-tools-for-stm32.13.3.rel1.win32_1.0.100.202509120712/tools/bin/../lib/gcc/arm-none-eabi/13.3.1/../../../../arm-none-eabi/lib/thumb/v7e-m+fp/hard\libc_nano.a(libc_a-findfp.o)
                0x20000f24                __sf
 .bss.errno     0x2000105c        0x4 C:/ST/STM32CubeIDE_2.0.0/STM32CubeIDE/plugins/com.st.stm32cube.ide.mcu.externaltools.gnu-tools-for-stm32.13.3.rel1.win32_1.0.100.202509120712/tools/bin/../lib/gcc/arm-none-eabi/13.3.1/../../../../arm-none-eabi/lib/thumb/v7e-m+fp/hard\libc_nano.a(libc_a-reent.o)
                0x2000105c                errno
 .bss.__lock___malloc_recursive_mutex
                0x20001060        0x1 C:/ST/STM32CubeIDE_2.0.0/STM32CubeIDE/plugins/com.st.stm32cube.ide.mcu.externaltools.gnu-tools-for-stm32.13.3.rel1.win32_1.0.100.202509120712/tools/bin/../lib/gcc/arm-none-eabi/13.3.1/../../../../arm-none-eabi/lib/thumb/v7e-m+fp/hard\libc_nano.a(libc_a-lock.o)
                0x20001060                __lock___malloc_recursive_mutex
 *fill*         0x20001061        0x3 
 .bss.__malloc_sbrk_start
                0x20001064        0x4 C:/ST/STM32CubeIDE_2.0.0/STM32CubeIDE/plugins/com.st.stm32cube.ide.mcu.externaltools.gnu-tools-for-stm32.13.3.rel1.win32_1.0.100.202509120712/tools/bin/../lib/gcc/arm-none-eabi/13.3.1/../../../../arm-none-eabi/lib/thumb/v7e-m+fp/hard\libc_nano.a(libc_a-mallocr.o)
                0x20001064                __malloc_sbrk_start
 .bss.__malloc_free_list
                0x20001068        0x4 C:/ST/STM32CubeIDE_2.0.0/STM32CubeIDE/plugins/com.st.stm32cube.ide.mcu.externaltools.gnu-tools-for-stm32.13.3.rel1.win32_1.0.100.202509120712/tools/bin/../lib/gcc/arm-none-eabi/13.3.1/../../../../arm-none-eabi/lib/thumb/v7e-m+fp/hard\libc_nano.a(libc_a-mallocr.o)
                0x20001068                __malloc_free_list
 *(COMMON)
                0x2000106c                        . = ALIGN (0x4)
                0x2000106c                        _ebss = .
                0x2000106c                        __bss_end__ = _ebss

._user_heap_stack
                0x2000106c      0x604
                0x20001070                        . = ALIGN (0x8)
 *fill*         0x2000106c        0x4 
                [!provide]                        PROVIDE (end = .)
                0x20001070                        PROVIDE (_end = .)
                0x20001270                        . = (. + _Min_Heap_Size)
 *fill*         0x20001070      0x200 
                0x20001670                        . = (. + _Min_Stack_Size)
 *fill*         0x20001270      0x400 
                0x20001670                        . = ALIGN (0x8)

/DISCARD/
 libc.a(*)
 libm.a(*)
 libgcc.a(*)

.ARM.attributes
                0x00000000       0x30
 *(.ARM.attributes)
 .ARM.attributes
                0x00000000       0x22 C:/ST/STM32CubeIDE_2.0.0/STM32CubeIDE/plugins/com.st.stm32cube.ide.mcu.externaltools.gnu-tools-for-stm32.13.3.rel1.win32_1.0.100.202509120712/tools/bin/../lib/gcc/arm-none-eabi/13.3.1/thumb/v7e-m+fp/hard/crti.o
 .ARM.attributes
                0x00000022       0x34 C:/ST/STM32CubeIDE_2.0.0/STM32CubeIDE/plugins/com.st.stm32cube.ide.mcu.externaltools.gnu-tools-for-stm32.13.3.rel1.win32_1.0.100.202509120712/tools/bin/../lib/gcc/arm-none-eabi/13.3.1/thumb/v7e-m+fp/hard/crtbegin.o
 .ARM.attributes
                0x00000056       0x34 ./App/H_bridge_task/h_bridge_task.o
 .ARM.attributes
                0x0000008a       0x34 ./App/app.o
 .ARM.attributes
                0x000000be       0x34 ./App/cmd_line_task/cli_command.o
 .ARM.attributes
                0x000000f2       0x34 ./App/cmd_line_task/xbee_cmd_task.o
 .ARM.attributes
                0x00000126       0x34 ./Core/Src/main.o
 .ARM.attributes
                0x0000015a       0x34 ./Core/Src/stm32f4xx_it.o
 .ARM.attributes
                0x0000018e       0x34 ./Core/Src/sysmem.o
 .ARM.attributes
                0x000001c2       0x34 ./Core/Src/system_stm32f4xx.o
 .ARM.attributes
                0x000001f6       0x21 ./Core/Startup/startup_stm32f405rgtx.o
 .ARM.attributes
                0x00000217       0x34 ./Drivers/STM32F4xx_HAL_Driver/Src/stm32f4xx_ll_gpio.o
 .ARM.attributes
                0x0000024b       0x34 ./Drivers/STM32F4xx_HAL_Driver/Src/stm32f4xx_ll_rcc.o
 .ARM.attributes
                0x0000027f       0x34 ./Drivers/STM32F4xx_HAL_Driver/Src/stm32f4xx_ll_tim.o
 .ARM.attributes
                0x000002b3       0x34 ./Drivers/STM32F4xx_HAL_Driver/Src/stm32f4xx_ll_usart.o
 .ARM.attributes
                0x000002e7       0x34 ./Drivers/STM32F4xx_HAL_Driver/Src/stm32f4xx_ll_utils.o
 .ARM.attributes
                0x0000031b       0x34 ./MyDRV/V_switch/v_switch._driver.o
 .ARM.attributes
                0x0000034f       0x34 ./MyDRV/cli/CLI_Setup/cli_setup.o
 .ARM.attributes
                0x00000383       0x34 ./MyDRV/cli/CLI_Src/embedded_cli.o
 .ARM.attributes
                0x000003b7       0x34 ./MyDRV/scheduler/scheduler.o
 .ARM.attributes
                0x000003eb       0x34 ./MyDRV/uart/ring_buffer.o
 .ARM.attributes
                0x0000041f       0x34 ./MyDRV/uart/uart_driver.o
 .ARM.attributes
                0x00000453       0x34 C:/ST/STM32CubeIDE_2.0.0/STM32CubeIDE/plugins/com.st.stm32cube.ide.mcu.externaltools.gnu-tools-for-stm32.13.3.rel1.win32_1.0.100.202509120712/tools/bin/../lib/gcc/arm-none-eabi/13.3.1/../../../../arm-none-eabi/lib/thumb/v7e-m+fp/hard\libc_nano.a(libc_a-atoi.o)
 .ARM.attributes
                0x00000487       0x34 C:/ST/STM32CubeIDE_2.0.0/STM32CubeIDE/plugins/com.st.stm32cube.ide.mcu.externaltools.gnu-tools-for-stm32.13.3.rel1.win32_1.0.100.202509120712/tools/bin/../lib/gcc/arm-none-eabi/13.3.1/../../../../arm-none-eabi/lib/thumb/v7e-m+fp/hard\libc_nano.a(libc_a-strtol.o)
 .ARM.attributes
                0x000004bb       0x34 C:/ST/STM32CubeIDE_2.0.0/STM32CubeIDE/plugins/com.st.stm32cube.ide.mcu.externaltools.gnu-tools-for-stm32.13.3.rel1.win32_1.0.100.202509120712/tools/bin/../lib/gcc/arm-none-eabi/13.3.1/../../../../arm-none-eabi/lib/thumb/v7e-m+fp/hard\libc_nano.a(libc_a-ctype_.o)
 .ARM.attributes
                0x000004ef       0x34 C:/ST/STM32CubeIDE_2.0.0/STM32CubeIDE/plugins/com.st.stm32cube.ide.mcu.externaltools.gnu-tools-for-stm32.13.3.rel1.win32_1.0.100.202509120712/tools/bin/../lib/gcc/arm-none-eabi/13.3.1/../../../../arm-none-eabi/lib/thumb/v7e-m+fp/hard\libc_nano.a(libc_a-findfp.o)
 .ARM.attributes
                0x00000523       0x34 C:/ST/STM32CubeIDE_2.0.0/STM32CubeIDE/plugins/com.st.stm32cube.ide.mcu.externaltools.gnu-tools-for-stm32.13.3.rel1.win32_1.0.100.202509120712/tools/bin/../lib/gcc/arm-none-eabi/13.3.1/../../../../arm-none-eabi/lib/thumb/v7e-m+fp/hard\libc_nano.a(libc_a-snprintf.o)
 .ARM.attributes
                0x00000557       0x34 C:/ST/STM32CubeIDE_2.0.0/STM32CubeIDE/plugins/com.st.stm32cube.ide.mcu.externaltools.gnu-tools-for-stm32.13.3.rel1.win32_1.0.100.202509120712/tools/bin/../lib/gcc/arm-none-eabi/13.3.1/../../../../arm-none-eabi/lib/thumb/v7e-m+fp/hard\libc_nano.a(libc_a-sprintf.o)
 .ARM.attributes
                0x0000058b       0x34 C:/ST/STM32CubeIDE_2.0.0/STM32CubeIDE/plugins/com.st.stm32cube.ide.mcu.externaltools.gnu-tools-for-stm32.13.3.rel1.win32_1.0.100.202509120712/tools/bin/../lib/gcc/arm-none-eabi/13.3.1/../../../../arm-none-eabi/lib/thumb/v7e-m+fp/hard\libc_nano.a(libc_a-memmove.o)
 .ARM.attributes
                0x000005bf       0x34 C:/ST/STM32CubeIDE_2.0.0/STM32CubeIDE/plugins/com.st.stm32cube.ide.mcu.externaltools.gnu-tools-for-stm32.13.3.rel1.win32_1.0.100.202509120712/tools/bin/../lib/gcc/arm-none-eabi/13.3.1/../../../../arm-none-eabi/lib/thumb/v7e-m+fp/hard\libc_nano.a(libc_a-memset.o)
 .ARM.attributes
                0x000005f3       0x34 C:/ST/STM32CubeIDE_2.0.0/STM32CubeIDE/plugins/com.st.stm32cube.ide.mcu.externaltools.gnu-tools-for-stm32.13.3.rel1.win32_1.0.100.202509120712/tools/bin/../lib/gcc/arm-none-eabi/13.3.1/../../../../arm-none-eabi/lib/thumb/v7e-m+fp/hard\libc_nano.a(libc_a-strchr.o)
 .ARM.attributes
                0x00000627       0x34 C:/ST/STM32CubeIDE_2.0.0/STM32CubeIDE/plugins/com.st.stm32cube.ide.mcu.externaltools.gnu-tools-for-stm32.13.3.rel1.win32_1.0.100.202509120712/tools/bin/../lib/gcc/arm-none-eabi/13.3.1/../../../../arm-none-eabi/lib/thumb/v7e-m+fp/hard\libc_nano.a(libc_a-strncpy.o)
 .ARM.attributes
                0x0000065b       0x34 C:/ST/STM32CubeIDE_2.0.0/STM32CubeIDE/plugins/com.st.stm32cube.ide.mcu.externaltools.gnu-tools-for-stm32.13.3.rel1.win32_1.0.100.202509120712/tools/bin/../lib/gcc/arm-none-eabi/13.3.1/../../../../arm-none-eabi/lib/thumb/v7e-m+fp/hard\libc_nano.a(libc_a-reent.o)
 .ARM.attributes
                0x0000068f       0x34 C:/ST/STM32CubeIDE_2.0.0/STM32CubeIDE/plugins/com.st.stm32cube.ide.mcu.externaltools.gnu-tools-for-stm32.13.3.rel1.win32_1.0.100.202509120712/tools/bin/../lib/gcc/arm-none-eabi/13.3.1/../../../../arm-none-eabi/lib/thumb/v7e-m+fp/hard\libc_nano.a(libc_a-impure.o)
 .ARM.attributes
                0x000006c3       0x34 C:/ST/STM32CubeIDE_2.0.0/STM32CubeIDE/plugins/com.st.stm32cube.ide.mcu.externaltools.gnu-tools-for-stm32.13.3.rel1.win32_1.0.100.202509120712/tools/bin/../lib/gcc/arm-none-eabi/13.3.1/../../../../arm-none-eabi/lib/thumb/v7e-m+fp/hard\libc_nano.a(libc_a-errno.o)
 .ARM.attributes
                0x000006f7       0x34 C:/ST/STM32CubeIDE_2.0.0/STM32CubeIDE/plugins/com.st.stm32cube.ide.mcu.externaltools.gnu-tools-for-stm32.13.3.rel1.win32_1.0.100.202509120712/tools/bin/../lib/gcc/arm-none-eabi/13.3.1/../../../../arm-none-eabi/lib/thumb/v7e-m+fp/hard\libc_nano.a(libc_a-init.o)
 .ARM.attributes
                0x0000072b       0x34 C:/ST/STM32CubeIDE_2.0.0/STM32CubeIDE/plugins/com.st.stm32cube.ide.mcu.externaltools.gnu-tools-for-stm32.13.3.rel1.win32_1.0.100.202509120712/tools/bin/../lib/gcc/arm-none-eabi/13.3.1/../../../../arm-none-eabi/lib/thumb/v7e-m+fp/hard\libc_nano.a(libc_a-lock.o)
 .ARM.attributes
                0x0000075f       0x20 C:/ST/STM32CubeIDE_2.0.0/STM32CubeIDE/plugins/com.st.stm32cube.ide.mcu.externaltools.gnu-tools-for-stm32.13.3.rel1.win32_1.0.100.202509120712/tools/bin/../lib/gcc/arm-none-eabi/13.3.1/../../../../arm-none-eabi/lib/thumb/v7e-m+fp/hard\libc_nano.a(libc_a-strcmp.o)
 .ARM.attributes
                0x0000077f       0x34 C:/ST/STM32CubeIDE_2.0.0/STM32CubeIDE/plugins/com.st.stm32cube.ide.mcu.externaltools.gnu-tools-for-stm32.13.3.rel1.win32_1.0.100.202509120712/tools/bin/../lib/gcc/arm-none-eabi/13.3.1/../../../../arm-none-eabi/lib/thumb/v7e-m+fp/hard\libc_nano.a(libc_a-memcpy-stub.o)
 .ARM.attributes
                0x000007b3       0x17 C:/ST/STM32CubeIDE_2.0.0/STM32CubeIDE/plugins/com.st.stm32cube.ide.mcu.externaltools.gnu-tools-for-stm32.13.3.rel1.win32_1.0.100.202509120712/tools/bin/../lib/gcc/arm-none-eabi/13.3.1/../../../../arm-none-eabi/lib/thumb/v7e-m+fp/hard\libc_nano.a(libc_a-strlen.o)
 .ARM.attributes
                0x000007ca       0x34 C:/ST/STM32CubeIDE_2.0.0/STM32CubeIDE/plugins/com.st.stm32cube.ide.mcu.externaltools.gnu-tools-for-stm32.13.3.rel1.win32_1.0.100.202509120712/tools/bin/../lib/gcc/arm-none-eabi/13.3.1/../../../../arm-none-eabi/lib/thumb/v7e-m+fp/hard\libc_nano.a(libc_a-freer.o)
 .ARM.attributes
                0x000007fe       0x34 C:/ST/STM32CubeIDE_2.0.0/STM32CubeIDE/plugins/com.st.stm32cube.ide.mcu.externaltools.gnu-tools-for-stm32.13.3.rel1.win32_1.0.100.202509120712/tools/bin/../lib/gcc/arm-none-eabi/13.3.1/../../../../arm-none-eabi/lib/thumb/v7e-m+fp/hard\libc_nano.a(libc_a-mallocr.o)
 .ARM.attributes
                0x00000832       0x34 C:/ST/STM32CubeIDE_2.0.0/STM32CubeIDE/plugins/com.st.stm32cube.ide.mcu.externaltools.gnu-tools-for-stm32.13.3.rel1.win32_1.0.100.202509120712/tools/bin/../lib/gcc/arm-none-eabi/13.3.1/../../../../arm-none-eabi/lib/thumb/v7e-m+fp/hard\libc_nano.a(libc_a-mlock.o)
 .ARM.attributes
                0x00000866       0x34 C:/ST/STM32CubeIDE_2.0.0/STM32CubeIDE/plugins/com.st.stm32cube.ide.mcu.externaltools.gnu-tools-for-stm32.13.3.rel1.win32_1.0.100.202509120712/tools/bin/../lib/gcc/arm-none-eabi/13.3.1/../../../../arm-none-eabi/lib/thumb/v7e-m+fp/hard\libc_nano.a(libc_a-nano-svfprintf.o)
 .ARM.attributes
                0x0000089a       0x34 C:/ST/STM32CubeIDE_2.0.0/STM32CubeIDE/plugins/com.st.stm32cube.ide.mcu.externaltools.gnu-tools-for-stm32.13.3.rel1.win32_1.0.100.202509120712/tools/bin/../lib/gcc/arm-none-eabi/13.3.1/../../../../arm-none-eabi/lib/thumb/v7e-m+fp/hard\libc_nano.a(libc_a-nano-vfprintf_i.o)
 .ARM.attributes
                0x000008ce       0x34 C:/ST/STM32CubeIDE_2.0.0/STM32CubeIDE/plugins/com.st.stm32cube.ide.mcu.externaltools.gnu-tools-for-stm32.13.3.rel1.win32_1.0.100.202509120712/tools/bin/../lib/gcc/arm-none-eabi/13.3.1/../../../../arm-none-eabi/lib/thumb/v7e-m+fp/hard\libc_nano.a(libc_a-sbrkr.o)
 .ARM.attributes
                0x00000902       0x1c C:/ST/STM32CubeIDE_2.0.0/STM32CubeIDE/plugins/com.st.stm32cube.ide.mcu.externaltools.gnu-tools-for-stm32.13.3.rel1.win32_1.0.100.202509120712/tools/bin/../lib/gcc/arm-none-eabi/13.3.1/../../../../arm-none-eabi/lib/thumb/v7e-m+fp/hard\libc_nano.a(libc_a-memchr.o)
 .ARM.attributes
                0x0000091e       0x34 C:/ST/STM32CubeIDE_2.0.0/STM32CubeIDE/plugins/com.st.stm32cube.ide.mcu.externaltools.gnu-tools-for-stm32.13.3.rel1.win32_1.0.100.202509120712/tools/bin/../lib/gcc/arm-none-eabi/13.3.1/../../../../arm-none-eabi/lib/thumb/v7e-m+fp/hard\libc_nano.a(libc_a-reallocr.o)
 .ARM.attributes
                0x00000952       0x34 C:/ST/STM32CubeIDE_2.0.0/STM32CubeIDE/plugins/com.st.stm32cube.ide.mcu.externaltools.gnu-tools-for-stm32.13.3.rel1.win32_1.0.100.202509120712/tools/bin/../lib/gcc/arm-none-eabi/13.3.1/../../../../arm-none-eabi/lib/thumb/v7e-m+fp/hard\libc_nano.a(libc_a-msizer.o)
 .ARM.attributes
                0x00000986       0x22 C:/ST/STM32CubeIDE_2.0.0/STM32CubeIDE/plugins/com.st.stm32cube.ide.mcu.externaltools.gnu-tools-for-stm32.13.3.rel1.win32_1.0.100.202509120712/tools/bin/../lib/gcc/arm-none-eabi/13.3.1/thumb/v7e-m+fp/hard\libgcc.a(_arm_addsubdf3.o)
 .ARM.attributes
                0x000009a8       0x22 C:/ST/STM32CubeIDE_2.0.0/STM32CubeIDE/plugins/com.st.stm32cube.ide.mcu.externaltools.gnu-tools-for-stm32.13.3.rel1.win32_1.0.100.202509120712/tools/bin/../lib/gcc/arm-none-eabi/13.3.1/thumb/v7e-m+fp/hard\libgcc.a(_arm_muldivdf3.o)
 .ARM.attributes
                0x000009ca       0x22 C:/ST/STM32CubeIDE_2.0.0/STM32CubeIDE/plugins/com.st.stm32cube.ide.mcu.externaltools.gnu-tools-for-stm32.13.3.rel1.win32_1.0.100.202509120712/tools/bin/../lib/gcc/arm-none-eabi/13.3.1/thumb/v7e-m+fp/hard\libgcc.a(_arm_fixunsdfsi.o)
 .ARM.attributes
                0x000009ec       0x22 C:/ST/STM32CubeIDE_2.0.0/STM32CubeIDE/plugins/com.st.stm32cube.ide.mcu.externaltools.gnu-tools-for-stm32.13.3.rel1.win32_1.0.100.202509120712/tools/bin/../lib/gcc/arm-none-eabi/13.3.1/thumb/v7e-m+fp/hard\libgcc.a(_aeabi_uldivmod.o)
 .ARM.attributes
                0x00000a0e       0x34 C:/ST/STM32CubeIDE_2.0.0/STM32CubeIDE/plugins/com.st.stm32cube.ide.mcu.externaltools.gnu-tools-for-stm32.13.3.rel1.win32_1.0.100.202509120712/tools/bin/../lib/gcc/arm-none-eabi/13.3.1/thumb/v7e-m+fp/hard\libgcc.a(_udivmoddi4.o)
 .ARM.attributes
                0x00000a42       0x22 C:/ST/STM32CubeIDE_2.0.0/STM32CubeIDE/plugins/com.st.stm32cube.ide.mcu.externaltools.gnu-tools-for-stm32.13.3.rel1.win32_1.0.100.202509120712/tools/bin/../lib/gcc/arm-none-eabi/13.3.1/thumb/v7e-m+fp/hard\libgcc.a(_dvmd_tls.o)
 .ARM.attributes
                0x00000a64       0x22 C:/ST/STM32CubeIDE_2.0.0/STM32CubeIDE/plugins/com.st.stm32cube.ide.mcu.externaltools.gnu-tools-for-stm32.13.3.rel1.win32_1.0.100.202509120712/tools/bin/../lib/gcc/arm-none-eabi/13.3.1/thumb/v7e-m+fp/hard/crtn.o
OUTPUT(HVP_FIRM_V2.1.elf elf32-littlearm)
LOAD linker stubs
LOAD C:/ST/STM32CubeIDE_2.0.0/STM32CubeIDE/plugins/com.st.stm32cube.ide.mcu.externaltools.gnu-tools-for-stm32.13.3.rel1.win32_1.0.100.202509120712/tools/bin/../lib/gcc/arm-none-eabi/13.3.1/../../../../arm-none-eabi/lib/thumb/v7e-m+fp/hard\libc.a
LOAD C:/ST/STM32CubeIDE_2.0.0/STM32CubeIDE/plugins/com.st.stm32cube.ide.mcu.externaltools.gnu-tools-for-stm32.13.3.rel1.win32_1.0.100.202509120712/tools/bin/../lib/gcc/arm-none-eabi/13.3.1/../../../../arm-none-eabi/lib/thumb/v7e-m+fp/hard\libm.a
LOAD C:/ST/STM32CubeIDE_2.0.0/STM32CubeIDE/plugins/com.st.stm32cube.ide.mcu.externaltools.gnu-tools-for-stm32.13.3.rel1.win32_1.0.100.202509120712/tools/bin/../lib/gcc/arm-none-eabi/13.3.1/thumb/v7e-m+fp/hard\libgcc.a

.debug_info     0x00000000     0xb146
 .debug_info    0x00000000      0x673 ./App/H_bridge_task/h_bridge_task.o
 .debug_info    0x00000673      0x299 ./App/app.o
 .debug_info    0x0000090c      0xd5e ./App/cmd_line_task/cli_command.o
 .debug_info    0x0000166a      0x761 ./App/cmd_line_task/xbee_cmd_task.o
 .debug_info    0x00001dcb     0x17db ./Core/Src/main.o
 .debug_info    0x000035a6      0x5f8 ./Core/Src/stm32f4xx_it.o
 .debug_info    0x00003b9e      0x168 ./Core/Src/sysmem.o
 .debug_info    0x00003d06      0x50b ./Core/Src/system_stm32f4xx.o
 .debug_info    0x00004211       0x30 ./Core/Startup/startup_stm32f405rgtx.o
 .debug_info    0x00004241      0x920 ./Drivers/STM32F4xx_HAL_Driver/Src/stm32f4xx_ll_gpio.o
 .debug_info    0x00004b61      0x744 ./Drivers/STM32F4xx_HAL_Driver/Src/stm32f4xx_ll_rcc.o
 .debug_info    0x000052a5      0xf40 ./Drivers/STM32F4xx_HAL_Driver/Src/stm32f4xx_ll_tim.o
 .debug_info    0x000061e5      0x6eb ./Drivers/STM32F4xx_HAL_Driver/Src/stm32f4xx_ll_usart.o
 .debug_info    0x000068d0      0x8f5 ./Drivers/STM32F4xx_HAL_Driver/Src/stm32f4xx_ll_utils.o
 .debug_info    0x000071c5      0xc4b ./MyDRV/V_switch/v_switch._driver.o
 .debug_info    0x00007e10      0x777 ./MyDRV/cli/CLI_Setup/cli_setup.o
 .debug_info    0x00008587     0x139d ./MyDRV/cli/CLI_Src/embedded_cli.o
 .debug_info    0x00009924      0x2ee ./MyDRV/scheduler/scheduler.o
 .debug_info    0x00009c12      0x812 ./MyDRV/uart/ring_buffer.o
 .debug_info    0x0000a424      0xd22 ./MyDRV/uart/uart_driver.o

.debug_abbrev   0x00000000     0x25bf
 .debug_abbrev  0x00000000      0x21b ./App/H_bridge_task/h_bridge_task.o
 .debug_abbrev  0x0000021b      0x154 ./App/app.o
 .debug_abbrev  0x0000036f      0x2bf ./App/cmd_line_task/cli_command.o
 .debug_abbrev  0x0000062e      0x1ee ./App/cmd_line_task/xbee_cmd_task.o
 .debug_abbrev  0x0000081c      0x2fa ./Core/Src/main.o
 .debug_abbrev  0x00000b16      0x1ee ./Core/Src/stm32f4xx_it.o
 .debug_abbrev  0x00000d04       0xbc ./Core/Src/sysmem.o
 .debug_abbrev  0x00000dc0      0x11a ./Core/Src/system_stm32f4xx.o
 .debug_abbrev  0x00000eda       0x24 ./Core/Startup/startup_stm32f405rgtx.o
 .debug_abbrev  0x00000efe      0x237 ./Drivers/STM32F4xx_HAL_Driver/Src/stm32f4xx_ll_gpio.o
 .debug_abbrev  0x00001135      0x1ed ./Drivers/STM32F4xx_HAL_Driver/Src/stm32f4xx_ll_rcc.o
 .debug_abbrev  0x00001322      0x20f ./Drivers/STM32F4xx_HAL_Driver/Src/stm32f4xx_ll_tim.o
 .debug_abbrev  0x00001531      0x1f2 ./Drivers/STM32F4xx_HAL_Driver/Src/stm32f4xx_ll_usart.o
 .debug_abbrev  0x00001723      0x223 ./Drivers/STM32F4xx_HAL_Driver/Src/stm32f4xx_ll_utils.o
 .debug_abbrev  0x00001946      0x244 ./MyDRV/V_switch/v_switch._driver.o
 .debug_abbrev  0x00001b8a      0x1f4 ./MyDRV/cli/CLI_Setup/cli_setup.o
 .debug_abbrev  0x00001d7e      0x213 ./MyDRV/cli/CLI_Src/embedded_cli.o
 .debug_abbrev  0x00001f91      0x1e2 ./MyDRV/scheduler/scheduler.o
 .debug_abbrev  0x00002173      0x176 ./MyDRV/uart/ring_buffer.o
 .debug_abbrev  0x000022e9      0x2d6 ./MyDRV/uart/uart_driver.o

.debug_aranges  0x00000000      0xc10
 .debug_aranges
                0x00000000       0x40 ./App/H_bridge_task/h_bridge_task.o
 .debug_aranges
                0x00000040       0x28 ./App/app.o
 .debug_aranges
                0x00000068       0xa8 ./App/cmd_line_task/cli_command.o
 .debug_aranges
                0x00000110       0x28 ./App/cmd_line_task/xbee_cmd_task.o
 .debug_aranges
                0x00000138      0x198 ./Core/Src/main.o
 .debug_aranges
                0x000002d0       0x78 ./Core/Src/stm32f4xx_it.o
 .debug_aranges
                0x00000348       0x20 ./Core/Src/sysmem.o
 .debug_aranges
                0x00000368       0x28 ./Core/Src/system_stm32f4xx.o
 .debug_aranges
                0x00000390       0x28 ./Core/Startup/startup_stm32f405rgtx.o
 .debug_aranges
                0x000003b8       0x70 ./Drivers/STM32F4xx_HAL_Driver/Src/stm32f4xx_ll_gpio.o
 .debug_aranges
                0x00000428      0x118 ./Drivers/STM32F4xx_HAL_Driver/Src/stm32f4xx_ll_rcc.o
 .debug_aranges
                0x00000540      0x128 ./Drivers/STM32F4xx_HAL_Driver/Src/stm32f4xx_ll_tim.o
 .debug_aranges
                0x00000668       0x88 ./Drivers/STM32F4xx_HAL_Driver/Src/stm32f4xx_ll_usart.o
 .debug_aranges
                0x000006f0       0xf8 ./Drivers/STM32F4xx_HAL_Driver/Src/stm32f4xx_ll_utils.o
 .debug_aranges
                0x000007e8      0x110 ./MyDRV/V_switch/v_switch._driver.o
 .debug_aranges
                0x000008f8       0x28 ./MyDRV/cli/CLI_Setup/cli_setup.o
 .debug_aranges
                0x00000920      0x138 ./MyDRV/cli/CLI_Src/embedded_cli.o
 .debug_aranges
                0x00000a58       0x60 ./MyDRV/scheduler/scheduler.o
 .debug_aranges
                0x00000ab8       0x68 ./MyDRV/uart/ring_buffer.o
 .debug_aranges
                0x00000b20       0xf0 ./MyDRV/uart/uart_driver.o

.debug_rnglists
                0x00000000      0x905
 .debug_rnglists
                0x00000000       0x2d ./App/H_bridge_task/h_bridge_task.o
 .debug_rnglists
                0x0000002d       0x19 ./App/app.o
 .debug_rnglists
                0x00000046       0x84 ./App/cmd_line_task/cli_command.o
 .debug_rnglists
                0x000000ca       0x19 ./App/cmd_line_task/xbee_cmd_task.o
 .debug_rnglists
                0x000000e3      0x134 ./Core/Src/main.o
 .debug_rnglists
                0x00000217       0x55 ./Core/Src/stm32f4xx_it.o
 .debug_rnglists
                0x0000026c       0x13 ./Core/Src/sysmem.o
 .debug_rnglists
                0x0000027f       0x1a ./Core/Src/system_stm32f4xx.o
 .debug_rnglists
                0x00000299       0x19 ./Core/Startup/startup_stm32f405rgtx.o
 .debug_rnglists
                0x000002b2       0x51 ./Drivers/STM32F4xx_HAL_Driver/Src/stm32f4xx_ll_gpio.o
 .debug_rnglists
                0x00000303       0xce ./Drivers/STM32F4xx_HAL_Driver/Src/stm32f4xx_ll_rcc.o
 .debug_rnglists
                0x000003d1       0xe4 ./Drivers/STM32F4xx_HAL_Driver/Src/stm32f4xx_ll_tim.o
 .debug_rnglists
                0x000004b5       0x64 ./Drivers/STM32F4xx_HAL_Driver/Src/stm32f4xx_ll_usart.o
 .debug_rnglists
                0x00000519       0xb8 ./Drivers/STM32F4xx_HAL_Driver/Src/stm32f4xx_ll_utils.o
 .debug_rnglists
                0x000005d1       0xce ./MyDRV/V_switch/v_switch._driver.o
 .debug_rnglists
                0x0000069f       0x1a ./MyDRV/cli/CLI_Setup/cli_setup.o
 .debug_rnglists
                0x000006b9      0x100 ./MyDRV/cli/CLI_Src/embedded_cli.o
 .debug_rnglists
                0x000007b9       0x44 ./MyDRV/scheduler/scheduler.o
 .debug_rnglists
                0x000007fd       0x4b ./MyDRV/uart/ring_buffer.o
 .debug_rnglists
                0x00000848       0xbd ./MyDRV/uart/uart_driver.o

.debug_macro    0x00000000    0x1cb0e
 .debug_macro   0x00000000      0x365 ./App/H_bridge_task/h_bridge_task.o
 .debug_macro   0x00000365      0xb1a ./App/H_bridge_task/h_bridge_task.o
 .debug_macro   0x00000e7f       0x22 ./App/H_bridge_task/h_bridge_task.o
 .debug_macro   0x00000ea1       0x8e ./App/H_bridge_task/h_bridge_task.o
 .debug_macro   0x00000f2f       0x51 ./App/H_bridge_task/h_bridge_task.o
 .debug_macro   0x00000f80      0x103 ./App/H_bridge_task/h_bridge_task.o
 .debug_macro   0x00001083       0x6a ./App/H_bridge_task/h_bridge_task.o
 .debug_macro   0x000010ed      0x1df ./App/H_bridge_task/h_bridge_task.o
 .debug_macro   0x000012cc       0x22 ./App/H_bridge_task/h_bridge_task.o
 .debug_macro   0x000012ee       0x2a ./App/H_bridge_task/h_bridge_task.o
 .debug_macro   0x00001318       0x61 ./App/H_bridge_task/h_bridge_task.o
 .debug_macro   0x00001379       0x43 ./App/H_bridge_task/h_bridge_task.o
 .debug_macro   0x000013bc       0x34 ./App/H_bridge_task/h_bridge_task.o
 .debug_macro   0x000013f0       0x16 ./App/H_bridge_task/h_bridge_task.o
 .debug_macro   0x00001406      0x11c ./App/H_bridge_task/h_bridge_task.o
 .debug_macro   0x00001522       0x9b ./App/H_bridge_task/h_bridge_task.o
 .debug_macro   0x000015bd      0x370 ./App/H_bridge_task/h_bridge_task.o
 .debug_macro   0x0000192d       0x16 ./App/H_bridge_task/h_bridge_task.o
 .debug_macro   0x00001943       0x4a ./App/H_bridge_task/h_bridge_task.o
 .debug_macro   0x0000198d       0x34 ./App/H_bridge_task/h_bridge_task.o
 .debug_macro   0x000019c1       0x10 ./App/H_bridge_task/h_bridge_task.o
 .debug_macro   0x000019d1       0x58 ./App/H_bridge_task/h_bridge_task.o
 .debug_macro   0x00001a29       0x8e ./App/H_bridge_task/h_bridge_task.o
 .debug_macro   0x00001ab7       0x1c ./App/H_bridge_task/h_bridge_task.o
 .debug_macro   0x00001ad3      0x185 ./App/H_bridge_task/h_bridge_task.o
 .debug_macro   0x00001c58       0x16 ./App/H_bridge_task/h_bridge_task.o
 .debug_macro   0x00001c6e       0x29 ./App/H_bridge_task/h_bridge_task.o
 .debug_macro   0x00001c97       0x2f ./App/H_bridge_task/h_bridge_task.o
 .debug_macro   0x00001cc6       0x1c ./App/H_bridge_task/h_bridge_task.o
 .debug_macro   0x00001ce2       0x22 ./App/H_bridge_task/h_bridge_task.o
 .debug_macro   0x00001d04       0xfb ./App/H_bridge_task/h_bridge_task.o
 .debug_macro   0x00001dff     0x1011 ./App/H_bridge_task/h_bridge_task.o
 .debug_macro   0x00002e10      0x11f ./App/H_bridge_task/h_bridge_task.o
 .debug_macro   0x00002f2f    0x1427b ./App/H_bridge_task/h_bridge_task.o
 .debug_macro   0x000171aa       0x2e ./App/H_bridge_task/h_bridge_task.o
 .debug_macro   0x000171d8       0x6d ./App/H_bridge_task/h_bridge_task.o
 .debug_macro   0x00017245      0x143 ./App/H_bridge_task/h_bridge_task.o
 .debug_macro   0x00017388      0x1e6 ./App/H_bridge_task/h_bridge_task.o
 .debug_macro   0x0001756e       0xc4 ./App/H_bridge_task/h_bridge_task.o
 .debug_macro   0x00017632      0x119 ./App/H_bridge_task/h_bridge_task.o
 .debug_macro   0x0001774b       0x16 ./App/H_bridge_task/h_bridge_task.o
 .debug_macro   0x00017761       0x3c ./App/H_bridge_task/h_bridge_task.o
 .debug_macro   0x0001779d       0x20 ./App/H_bridge_task/h_bridge_task.o
 .debug_macro   0x000177bd       0x10 ./App/H_bridge_task/h_bridge_task.o
 .debug_macro   0x000177cd       0x16 ./App/H_bridge_task/h_bridge_task.o
 .debug_macro   0x000177e3       0x1c ./App/H_bridge_task/h_bridge_task.o
 .debug_macro   0x000177ff       0x10 ./App/H_bridge_task/h_bridge_task.o
 .debug_macro   0x0001780f      0x1bb ./App/H_bridge_task/h_bridge_task.o
 .debug_macro   0x000179ca       0x34 ./App/H_bridge_task/h_bridge_task.o
 .debug_macro   0x000179fe      0x781 ./App/H_bridge_task/h_bridge_task.o
 .debug_macro   0x0001817f      0x1b6 ./App/H_bridge_task/h_bridge_task.o
 .debug_macro   0x00018335      0x20a ./App/H_bridge_task/h_bridge_task.o
 .debug_macro   0x0001853f       0xe8 ./App/H_bridge_task/h_bridge_task.o
 .debug_macro   0x00018627      0x1a6 ./App/H_bridge_task/h_bridge_task.o
 .debug_macro   0x000187cd       0x61 ./App/H_bridge_task/h_bridge_task.o
 .debug_macro   0x0001882e       0xaa ./App/H_bridge_task/h_bridge_task.o
 .debug_macro   0x000188d8      0x5f3 ./App/H_bridge_task/h_bridge_task.o
 .debug_macro   0x00018ecb       0x22 ./App/H_bridge_task/h_bridge_task.o
 .debug_macro   0x00018eed       0x1c ./App/H_bridge_task/h_bridge_task.o