Archive member included to satisfy reference by file (symbol)

C:/ST/STM32CubeIDE_2.0.0/STM32CubeIDE/plugins/com.st.stm32cube.ide.mcu.externaltools.gnu-tools-for-stm32.13.3.rel1.win32_1.0.100.202509120712/tools/bin/../lib/gcc/arm-none-eabi/13.3.1/../../../../arm-none-eabi/lib/thumb/v7e-m+fp/hard\libc_nano.a(libc_a-atoi.o)
                              ./App/cmd_line_task/cli_command.o (atoi)
C:/ST/STM32CubeIDE_2.0.0/STM32CubeIDE/plugins/com.st.stm32cube.ide.mcu.externaltools.gnu-tools-for-stm32.13.3.rel1.win32_1.0.100.202509120712/tools/bin/../lib/gcc/arm-none-eabi/13.3.1/../../../../arm-none-eabi/lib/thumb/v7e-m+fp/hard\libc_nano.a(libc_a-exit.o)
                              C:/ST/STM32CubeIDE_2.0.0/STM32CubeIDE/plugins/com.st.stm32cube.ide.mcu.externaltools.gnu-tools-for-stm32.13.3.rel1.win32_1.0.100.202509120712/tools/bin/../lib/gcc/arm-none-eabi/13.3.1/../../../../arm-none-eabi/lib/thumb/v7e-m+fp/hard/crt0.o (exit)
C:/ST/STM32CubeIDE_2.0.0/STM32CubeIDE/plugins/com.st.stm32cube.ide.mcu.externaltools.gnu-tools-for-stm32.13.3.rel1.win32_1.0.100.202509120712/tools/bin/../lib/gcc/arm-none-eabi/13.3.1/../../../../arm-none-eabi/lib/thumb/v7e-m+fp/hard\libc_nano.a(libc_a-strtol.o)
                              C:/ST/STM32CubeIDE_2.0.0/STM32CubeIDE/plugins/com.st.stm32cube.ide.mcu.externaltools.gnu-tools-for-stm32.13.3.rel1.win32_1.0.100.202509120712/tools/bin/../lib/gcc/arm-none-eabi/13.3.1/../../../../arm-none-eabi/lib/thumb/v7e-m+fp/hard\libc_nano.a(libc_a-atoi.o) (_strtol_r)
C:/ST/STM32CubeIDE_2.0.0/STM32CubeIDE/plugins/com.st.stm32cube.ide.mcu.externaltools.gnu-tools-for-stm32.13.3.rel1.win32_1.0.100.202509120712/tools/bin/../lib/gcc/arm-none-eabi/13.3.1/../../../../arm-none-eabi/lib/thumb/v7e-m+fp/hard\libc_nano.a(libc_a-ctype_.o)
                              C:/ST/STM32CubeIDE_2.0.0/STM32CubeIDE/plugins/com.st.stm32cube.ide.mcu.externaltools.gnu-tools-for-stm32.13.3.rel1.win32_1.0.100.202509120712/tools/bin/../lib/gcc/arm-none-eabi/13.3.1/../../../../arm-none-eabi/lib/thumb/v7e-m+fp/hard\libc_nano.a(libc_a-strtol.o) (_ctype_)
C:/ST/STM32CubeIDE_2.0.0/STM32CubeIDE/plugins/com.st.stm32cube.ide.mcu.externaltools.gnu-tools-for-stm32.13.3.rel1.win32_1.0.100.202509120712/tools/bin/../lib/gcc/arm-none-eabi/13.3.1/../../../../arm-none-eabi/lib/thumb/v7e-m+fp/hard\libc_nano.a(libc_a-findfp.o)
                              C:/ST/STM32CubeIDE_2.0.0/STM32CubeIDE/plugins/com.st.stm32cube.ide.mcu.externaltools.gnu-tools-for-stm32.13.3.rel1.win32_1.0.100.202509120712/tools/bin/../lib/gcc/arm-none-eabi/13.3.1/../../../../arm-none-eabi/lib/thumb/v7e-m+fp/hard\libc_nano.a(libc_a-exit.o) (__stdio_exit_handler)
C:/ST/STM32CubeIDE_2.0.0/STM32CubeIDE/plugins/com.st.stm32cube.ide.mcu.externaltools.gnu-tools-for-stm32.13.3.rel1.win32_1.0.100.202509120712/tools/bin/../lib/gcc/arm-none-eabi/13.3.1/../../../../arm-none-eabi/lib/thumb/v7e-m+fp/hard\libc_nano.a(libc_a-fwalk.o)
                              C:/ST/STM32CubeIDE_2.0.0/STM32CubeIDE/plugins/com.st.stm32cube.ide.mcu.externaltools.gnu-tools-for-stm32.13.3.rel1.win32_1.0.100.202509120712/tools/bin/../lib/gcc/arm-none-eabi/13.3.1/../../../../arm-none-eabi/lib/thumb/v7e-m+fp/hard\libc_nano.a(libc_a-findfp.o) (_fwalk_sglue)
C:/ST/STM32CubeIDE_2.0.0/STM32CubeIDE/plugins/com.st.stm32cube.ide.mcu.externaltools.gnu-tools-for-stm32.13.3.rel1.win32_1.0.100.202509120712/tools/bin/../lib/gcc/arm-none-eabi/13.3.1/../../../../arm-none-eabi/lib/thumb/v7e-m+fp/hard\libc_nano.a(libc_a-snprintf.o)
                              ./App/cmd_line_task/cli_command.o (snprintf)
C:/ST/STM32CubeIDE_2.0.0/STM32CubeIDE/plugins/com.st.stm32cube.ide.mcu.externaltools.gnu-tools-for-stm32.13.3.rel1.win32_1.0.100.202509120712/tools/bin/../lib/gcc/arm-none-eabi/13.3.1/../../../../arm-none-eabi/lib/thumb/v7e-m+fp/hard\libc_nano.a(libc_a-sprintf.o)
                              ./App/cmd_line_task/cli_command.o (sprintf)
C:/ST/STM32CubeIDE_2.0.0/STM32CubeIDE/plugins/com.st.stm32cube.ide.mcu.externaltools.gnu-tools-for-stm32.13.3.rel1.win32_1.0.100.202509120712/tools/bin/../lib/gcc/arm-none-eabi/13.3.1/../../../../arm-none-eabi/lib/thumb/v7e-m+fp/hard\libc_nano.a(libc_a-stdio.o)
                              C:/ST/STM32CubeIDE_2.0.0/STM32CubeIDE/plugins/com.st.stm32cube.ide.mcu.externaltools.gnu-tools-for-stm32.13.3.rel1.win32_1.0.100.202509120712/tools/bin/../lib/gcc/arm-none-eabi/13.3.1/../../../../arm-none-eabi/lib/thumb/v7e-m+fp/hard\libc_nano.a(libc_a-findfp.o) (__sread)
C:/ST/STM32CubeIDE_2.0.0/STM32CubeIDE/plugins/com.st.stm32cube.ide.mcu.externaltools.gnu-tools-for-stm32.13.3.rel1.win32_1.0.100.202509120712/tools/bin/../lib/gcc/arm-none-eabi/13.3.1/../../../../arm-none-eabi/lib/thumb/v7e-m+fp/hard\libc_nano.a(libc_a-memmove.o)
                              ./MyDRV/cli/CLI_Src/embedded_cli.o (memmove)
[...]
Memory Configuration

Name             Origin             Length             Attributes
CCMRAM           0x10000000         0x00010000         xrw
RAM              0x20000000         0x00020000         xrw
FLASH            0x08000000         0x00100000         xr
*default*        0x00000000         0xffffffff

Linker script and memory map

LOAD C:/ST/STM32CubeIDE_2.0.0/STM32CubeIDE/plugins/com.st.stm32cube.ide.mcu.externaltools.gnu-tools-for-stm32.13.3.rel1.win32_1.0.100.202509120712/tools/bin/../lib/gcc/arm-none-eabi/13.3.1/thumb/v7e-m+fp/hard/crti.o
LOAD C:/ST/STM32CubeIDE_2.0.0/STM32CubeIDE/plugins/com.st.stm32cube.ide.mcu.externaltools.gnu-tools-for-stm32.13.3.rel1.win32_1.0.100.202509120712/tools/bin/../lib/gcc/arm-none-eabi/13.3.1/thumb/v7e-m+fp/hard/crtbegin.o
LOAD C:/ST/STM32CubeIDE_2.0.0/STM32CubeIDE/plugins/com.st.stm32cube.ide.mcu.externaltools.gnu-tools-for-stm32.13.3.rel1.win32_1.0.100.202509120712/tools/bin/../lib/gcc/arm-none-eabi/13.3.1/../../../../arm-none-eabi/lib/thumb/v7e-m+fp/hard/crt0.o
LOAD ./App/H_bridge_task/h_bridge_task.o
LOAD ./App/VOM_Task/vom_task.o
LOAD ./App/app.o
LOAD ./App/cmd_line_task/cli_command.o
LOAD ./App/cmd_line_task/xbee_cmd_task.o
LOAD ./App/fsp_line_task/fsp_frame.o
LOAD ./App/fsp_line_task/fsp_line_task.o
LOAD ./App/impedance_task/impedance_task.o
LOAD ./Core/Src/main.o
LOAD ./Core/Src/stm32f4xx_it.o
LOAD ./Core/Src/syscalls.o
LOAD ./Core/Src/sysmem.o
LOAD ./Core/Src/system_stm32f4xx.o
LOAD ./Core/Startup/startup_stm32f405rgtx.o
LOAD ./Drivers/STM32F4xx_HAL_Driver/Src/stm32f4xx_ll_dma.o
LOAD ./Drivers/STM32F4xx_HAL_Driver/Src/stm32f4xx_ll_exti.o
LOAD ./Drivers/STM32F4xx_HAL_Driver/Src/stm32f4xx_ll_gpio.o
LOAD ./Drivers/STM32F4xx_HAL_Driver/Src/stm32f4xx_ll_rcc.o
LOAD ./Drivers/STM32F4xx_HAL_Driver/Src/stm32f4xx_ll_spi.o
LOAD ./Drivers/STM32F4xx_HAL_Driver/Src/stm32f4xx_ll_tim.o
LOAD ./Drivers/STM32F4xx_HAL_Driver/Src/stm32f4xx_ll_usart.o
LOAD ./Drivers/STM32F4xx_HAL_Driver/Src/stm32f4xx_ll_utils.o
LOAD ./MyDRV/Device/INA229/INA229.o
LOAD ./MyDRV/H_switch/h_bridge_driver.o
LOAD ./MyDRV/V_switch/vswitch.o
LOAD ./MyDRV/cli/CLI_Setup/cli_setup.o
LOAD ./MyDRV/cli/CLI_Src/embedded_cli.o
LOAD ./MyDRV/fsp/crc16.o
LOAD ./MyDRV/fsp/fsp.o
LOAD ./MyDRV/pwm/pwm.o
LOAD ./MyDRV/scheduler/scheduler.o
LOAD ./MyDRV/spi/spi.o
LOAD ./MyDRV/uart/ring_buffer.o
LOAD ./MyDRV/uart/uart_driver.o
START GROUP
LOAD C:/ST/STM32CubeIDE_2.0.0/STM32CubeIDE/plugins/com.st.stm32cube.ide.mcu.externaltools.gnu-tools-for-stm32.13.3.rel1.win32_1.0.100.202509120712/tools/bin/../lib/gcc/arm-none-eabi/13.3.1/../../../../arm-none-eabi/lib/thumb/v7e-m+fp/hard\libc_nano.a
LOAD C:/ST/STM32CubeIDE_2.0.0/STM32CubeIDE/plugins/com.st.stm32cube.ide.mcu.externaltools.gnu-tools-for-stm32.13.3.rel1.win32_1.0.100.202509120712/tools/bin/../lib/gcc/arm-none-eabi/13.3.1/../../../../arm-none-eabi/lib/thumb/v7e-m+fp/hard\libm.a
END GROUP
START GROUP
LOAD C:/ST/STM32CubeIDE_2.0.0/STM32CubeIDE/plugins/com.st.stm32cube.ide.mcu.externaltools.gnu-tools-for-stm32.13.3.rel1.win32_1.0.100.202509120712/tools/bin/../lib/gcc/arm-none-eabi/13.3.1/thumb/v7e-m+fp/hard\libgcc.a
LOAD C:/ST/STM32CubeIDE_2.0.0/STM32CubeIDE/plugins/com.st.stm32cube.ide.mcu.externaltools.gnu-tools-for-stm32.13.3.rel1.win32_1.0.100.202509120712/tools/bin/../lib/gcc/arm-none-eabi/13.3.1/../../../../arm-none-eabi/lib/thumb/v7e-m+fp/hard\libc_nano.a
END GROUP
START GROUP
LOAD C:/ST/STM32CubeIDE_2.0.0/STM32CubeIDE/plugins/com.st.stm32cube.ide.mcu.externaltools.gnu-tools-for-stm32.13.3.rel1.win32_1.0.100.202509120712/tools/bin/../lib/gcc/arm-none-eabi/13.3.1/thumb/v7e-m+fp/hard\libgcc.a
LOAD C:/ST/STM32CubeIDE_2.0.0/STM32CubeIDE/plugins/com.st.stm32cube.ide.mcu.externaltools.gnu-tools-for-stm32.13.3.rel1.win32_1.0.100.202509120712/tools/bin/../lib/gcc/arm-none-eabi/13.3.1/../../../../arm-none-eabi/lib/thumb/v7e-m+fp/hard\libc_nano.a
LOAD C:/ST/STM32CubeIDE_2.0.0/STM32CubeIDE/plugins/com.st.stm32cube.ide.mcu.externaltools.gnu-tools-for-stm32.13.3.rel1.win32_1.0.100.202509120712/tools/bin/../lib/gcc/arm-none-eabi/13.3.1/../../../../arm-none-eabi/lib/thumb/v7e-m+fp/hard\libnosys.a
END GROUP
START GROUP
LOAD C:/ST/STM32CubeIDE_2.0.0/STM32CubeIDE/plugins/com.st.stm32cube.ide.mcu.externaltools.gnu-tools-for-stm32.13.3.rel1.win32_1.0.100.202509120712/tools/bin/../lib/gcc/arm-none-eabi/13.3.1/thumb/v7e-m+fp/hard\libgcc.a
LOAD C:/ST/STM32CubeIDE_2.0.0/STM32CubeIDE/plugins/com.st.stm32cube.ide.mcu.externaltools.gnu-tools-for-stm32.13.3.rel1.win32_1.0.100.202509120712/tools/bin/../lib/gcc/arm-none-eabi/13.3.1/../../../../arm-none-eabi/lib/thumb/v7e-m+fp/hard\libc_nano.a
LOAD C:/ST/STM32CubeIDE_2.0.0/STM32CubeIDE/plugins/com.st.stm32cube.ide.mcu.externaltools.gnu-tools-for-stm32.13.3.rel1.win32_1.0.100.202509120712/tools/bin/../lib/gcc/arm-none-eabi/13.3.1/../../../../arm-none-eabi/lib/thumb/v7e-m+fp/hard\libnosys.a
END GROUP
LOAD C:/ST/STM32CubeIDE_2.0.0/STM32CubeIDE/plugins/com.st.stm32cube.ide.mcu.externaltools.gnu-tools-for-stm32.13.3.rel1.win32_1.0.100.202509120712/tools/bin/../lib/gcc/arm-none-eabi/13.3.1/thumb/v7e-m+fp/hard/crtend.o
LOAD C:/ST/STM32CubeIDE_2.0.0/STM32CubeIDE/plugins/com.st.stm32cube.ide.mcu.externaltools.gnu-tools-for-stm32.13.3.rel1.win32_1.0.100.202509120712/tools/bin/../lib/gcc/arm-none-eabi/13.3.1/thumb/v7e-m+fp/hard/crtn.o
                0x20020000                        _estack = (ORIGIN (RAM) + LENGTH (RAM))
                0x00000200                        _Min_Heap_Size = 0x200
                0x00000400                        _Min_Stack_Size = 0x400

.isr_vector     0x08000000      0x188
                0x08000000                        . = ALIGN (0x4)
 *(.isr_vector)
 .isr_vector    0x08000000      0x188 ./Core/Startup/startup_stm32f405rgtx.o
                0x08000000                g_pfnVectors
                0x08000188                        . = ALIGN (0x4)

.text           0x08000190     0xb234
                0x08000190                        . = ALIGN (0x4)
 *(.text)
 .text          0x08000190       0x40 C:/ST/STM32CubeIDE_2.0.0/STM32CubeIDE/plugins/com.st.stm32cube.ide.mcu.externaltools.gnu-tools-for-stm32.13.3.rel1.win32_1.0.100.202509120712/tools/bin/../lib/gcc/arm-none-eabi/13.3.1/thumb/v7e-m+fp/hard/crtbegin.o
 .text          0x080001d0       0x14 C:/ST/STM32CubeIDE_2.0.0/STM32CubeIDE/plugins/com.st.stm32cube.ide.mcu.externaltools.gnu-tools-for-stm32.13.3.rel1.win32_1.0.100.202509120712/tools/bin/../lib/gcc/arm-none-eabi/13.3.1/../../../../arm-none-eabi/lib/thumb/v7e-m+fp/hard\libc_nano.a(libc_a-strcmp.o)
                0x080001d0                strcmp
 .text          0x080001e4       0x10 C:/ST/STM32CubeIDE_2.0.0/STM32CubeIDE/plugins/com.st.stm32cube.ide.mcu.externaltools.gnu-tools-for-stm32.13.3.rel1.win32_1.0.100.202509120712/tools/bin/../lib/gcc/arm-none-eabi/13.3.1/../../../../arm-none-eabi/lib/thumb/v7e-m+fp/hard\libc_nano.a(libc_a-strlen.o)
                0x080001e4                strlen
 *fill*         0x080001f4        0xc 
 .text          0x08000200       0xa0 C:/ST/STM32CubeIDE_2.0.0/STM32CubeIDE/plugins/com.st.stm32cube.ide.mcu.externaltools.gnu-tools-for-stm32.13.3.rel1.win32_1.0.100.202509120712/tools/bin/../lib/gcc/arm-none-eabi/13.3.1/../../../../arm-none-eabi/lib/thumb/v7e-m+fp/hard\libc_nano.a(libc_a-memchr.o)
                0x08000200                memchr
 .text          0x080002a0      0x378 C:/ST/STM32CubeIDE_2.0.0/STM32CubeIDE/plugins/com.st.stm32cube.ide.mcu.externaltools.gnu-tools-for-stm32.13.3.rel1.win32_1.0.100.202509120712/tools/bin/../lib/gcc/arm-none-eabi/13.3.1/thumb/v7e-m+fp/hard\libgcc.a(_arm_addsubdf3.o)
                0x080002a0                __aeabi_drsub
                0x080002a8                __aeabi_dsub
                0x080002a8                __subdf3
                0x080002ac                __aeabi_dadd
                0x080002ac                __adddf3
                0x08000524                __floatunsidf
                0x08000524                __aeabi_ui2d
                0x08000544                __floatsidf
                0x08000544                __aeabi_i2d
                0x08000568                __aeabi_f2d
                0x08000568                __extendsfdf2
                0x080005ac                __floatundidf
                0x080005ac                __aeabi_ul2d
                0x080005bc                __floatdidf
                0x080005bc                __aeabi_l2d
 .text          0x08000618      0x424 C:/ST/STM32CubeIDE_2.0.0/STM32CubeIDE/plugins/com.st.stm32cube.ide.mcu.externaltools.gnu-tools-for-stm32.13.3.rel1.win32_1.0.100.202509120712/tools/bin/../lib/gcc/arm-none-eabi/13.3.1/thumb/v7e-m+fp/hard\libgcc.a(_arm_muldivdf3.o)
                0x08000618                __aeabi_dmul
                0x08000618                __muldf3
                0x0800086c                __divdf3
                0x0800086c                __aeabi_ddiv
 .text          0x08000a3c       0x40 C:/ST/STM32CubeIDE_2.0.0/STM32CubeIDE/plugins/com.st.stm32cube.ide.mcu.externaltools.gnu-tools-for-stm32.13.3.rel1.win32_1.0.100.202509120712/tools/bin/../lib/gcc/arm-none-eabi/13.3.1/thumb/v7e-m+fp/hard\libgcc.a(_arm_fixunsdfsi.o)
                0x08000a3c                __aeabi_d2uiz
                0x08000a3c                __fixunsdfsi
 .text          0x08000a7c       0xa0 C:/ST/STM32CubeIDE_2.0.0/STM32CubeIDE/plugins/com.st.stm32cube.ide.mcu.externaltools.gnu-tools-for-stm32.13.3.rel1.win32_1.0.100.202509120712/tools/bin/../lib/gcc/arm-none-eabi/13.3.1/thumb/v7e-m+fp/hard\libgcc.a(_arm_truncdfsf2.o)
                0x08000a7c                __truncdfsf2
                0x08000a7c                __aeabi_d2f
 .text          0x08000b1c       0x30 C:/ST/STM32CubeIDE_2.0.0/STM32CubeIDE/plugins/com.st.stm32cube.ide.mcu.externaltools.gnu-tools-for-stm32.13.3.rel1.win32_1.0.100.202509120712/tools/bin/../lib/gcc/arm-none-eabi/13.3.1/thumb/v7e-m+fp/hard\libgcc.a(_aeabi_uldivmod.o)
                0x08000b1c                __aeabi_uldivmod
 .text          0x08000b4c      0x2f8 C:/ST/STM32CubeIDE_2.0.0/STM32CubeIDE/plugins/com.st.stm32cube.ide.mcu.externaltools.gnu-tools-for-stm32.13.3.rel1.win32_1.0.100.202509120712/tools/bin/../lib/gcc/arm-none-eabi/13.3.1/thumb/v7e-m+fp/hard\libgcc.a(_udivmoddi4.o)
                0x08000b4c                __udivmoddi4
 .text          0x08000e44        0x4 C:/ST/STM32CubeIDE_2.0.0/STM32CubeIDE/plugins/com.st.stm32cube.ide.mcu.externaltools.gnu-tools-for-stm32.13.3.rel1.win32_1.0.100.202509120712/tools/bin/../lib/gcc/arm-none-eabi/13.3.1/thumb/v7e-m+fp/hard\libgcc.a(_dvmd_tls.o)
                0x08000e44                __aeabi_idiv0
                0x08000e44                __aeabi_ldiv0
 *(.text*)
 .text.LL_TIM_DisableCounter
                0x08000e48       0x20 ./App/H_bridge_task/h_bridge_task.o
 .text.H_Bridge_Task_Init
                0x08000e68       0x60 ./App/H_bridge_task/h_bridge_task.o
                0x08000e68                H_Bridge_Task_Init
 .text.H_Bridge_Task
                0x08000ec8      0x2d4 ./App/H_bridge_task/h_bridge_task.o
                0x08000ec8                H_Bridge_Task
 *fill*         0x0800119c        0x4 
 .text.VOM_Task_Init
                0x080011a0       0xdc ./App/VOM_Task/vom_task.o
                0x080011a0                VOM_Task_Init
 .text.VOM_Task
                0x0800127c       0xa4 ./App/VOM_Task/vom_task.o
                0x0800127c                VOM_Task
 .text.App_Main
                0x08001320       0x38 ./App/app.o
                0x08001320                App_Main
 .text.Status_Led
                0x08001358       0x14 ./App/app.o
 .text.__NVIC_SystemReset
                0x0800136c       0x2c ./App/cmd_line_task/cli_command.o
 .text.CMD_SET_CAP_VOLT_ALL
                0x08001398       0xe8 ./App/cmd_line_task/cli_command.o
 .text.CMD_SET_CAP_VOLT_HV
                0x08001480       0xa8 ./App/cmd_line_task/cli_command.o
 .text.CMD_SET_CAP_VOLT_LV
                0x08001528       0xa4 ./App/cmd_line_task/cli_command.o
 .text.CMD_SET_CAP_CONTROL
                0x080015cc       0xc4 ./App/cmd_line_task/cli_command.o
 .text.CMD_SET_CAP_RELEASE
                0x08001690       0xc4 ./App/cmd_line_task/cli_command.o
 .text.CMD_RESET_CAP_OVV
                0x08001754       0xa0 ./App/cmd_line_task/cli_command.o
 .text.CMD_GET_CAP_VOLT
                0x080017f4       0x50 ./App/cmd_line_task/cli_command.o
 .text.CMD_GET_CAP_CONTROL
                0x08001844       0x50 ./App/cmd_line_task/cli_command.o
 .text.CMD_GET_CAP_RELEASE
                0x08001894       0x50 ./App/cmd_line_task/cli_command.o
 .text.CMD_GET_CAP_ALL
                0x080018e4       0x50 ./App/cmd_line_task/cli_command.o
 .text.CMD_GET_CAP_STATE
                0x08001934       0x50 ./App/cmd_line_task/cli_command.o
 .text.CMD_GET_CAP_OVV
                0x08001984       0x50 ./App/cmd_line_task/cli_command.o
 .text.CMD_MEASURE_VOLT
                0x080019d4       0x5c ./App/cmd_line_task/cli_command.o
 .text.CMD_MEASURE_IMPEDANCE
                0x08001a30       0xcc ./App/cmd_line_task/cli_command.o
 .text.CMD_SET_SEQUENCE_INDEX
                0x08001afc      0x118 ./App/cmd_line_task/cli_command.o
 .text.CMD_SET_SEQUENCE_DELETE
                0x08001c14       0x68 ./App/cmd_line_task/cli_command.o
 .text.CMD_SET_SEQUENCE_CONFIRM
                0x08001c7c       0x64 ./App/cmd_line_task/cli_command.o
 .text.CMD_SET_SEQUENCE_DELAY
                0x08001ce0       0x9c ./App/cmd_line_task/cli_command.o
 .text.CMD_SET_PULSE_POLE
                0x08001d7c       0xd8 ./App/cmd_line_task/cli_command.o
 .text.CMD_SET_PULSE_COUNT
                0x08001e54      0x138 ./App/cmd_line_task/cli_command.o
 .text.CMD_SET_PULSE_DELAY
                0x08001f8c       0xec ./App/cmd_line_task/cli_command.o
 .text.CMD_SET_PULSE_HV_POS
                0x08002078       0xf8 ./App/cmd_line_task/cli_command.o
 .text.CMD_SET_PULSE_HV_NEG
                0x08002170       0xf8 ./App/cmd_line_task/cli_command.o
 .text.CMD_SET_PULSE_LV_POS
                0x08002268       0xf8 ./App/cmd_line_task/cli_command.o
 .text.CMD_SET_PULSE_LV_NEG
                0x08002360       0xf8 ./App/cmd_line_task/cli_command.o
 .text.CMD_SET_PULSE_CONTROL
                0x08002458       0xc8 ./App/cmd_line_task/cli_command.o
 .text.CMD_GET_SEQUENCE_ALL
                0x08002520      0x2ac ./App/cmd_line_task/cli_command.o
 .text.CMD_GET_SEQUENCE_INDEX
                0x080027cc       0x68 ./App/cmd_line_task/cli_command.o
 .text.CMD_GET_SEQUENCE_DELETE
                0x08002834       0x18 ./App/cmd_line_task/cli_command.o
 .text.CMD_GET_SEQUENCE_CONFIRM
                0x0800284c       0x18 ./App/cmd_line_task/cli_command.o
 .text.CMD_GET_SEQUENCE_DELAY
                0x08002864       0x78 ./App/cmd_line_task/cli_command.o
 .text.CMD_GET_PULSE_POLE
                0x080028dc       0x80 ./App/cmd_line_task/cli_command.o
 .text.CMD_GET_PULSE_COUNT
                0x0800295c       0xbc ./App/cmd_line_task/cli_command.o
 .text.CMD_GET_PULSE_DELAY
                0x08002a18       0xcc ./App/cmd_line_task/cli_command.o
 .text.CMD_GET_PULSE_HV
                0x08002ae4       0xbc ./App/cmd_line_task/cli_command.o
 .text.CMD_GET_PULSE_HV_POS
                0x08002ba0       0x80 ./App/cmd_line_task/cli_command.o
 .text.CMD_GET_PULSE_HV_NEG
                0x08002c20       0x80 ./App/cmd_line_task/cli_command.o
 .text.CMD_GET_PULSE_LV
                0x08002ca0       0xbc ./App/cmd_line_task/cli_command.o
 .text.CMD_GET_PULSE_LV_POS
                0x08002d5c       0x84 ./App/cmd_line_task/cli_command.o
 .text.CMD_GET_PULSE_LV_NEG
                0x08002de0       0x80 ./App/cmd_line_task/cli_command.o
 .text.CMD_GET_PULSE_CONTROL
                0x08002e60       0x74 ./App/cmd_line_task/cli_command.o
 .text.CMD_GET_PULSE_ALL
                0x08002ed4      0x2bc ./App/cmd_line_task/cli_command.o
 .text.CMD_ClearCLI
                0x08003190       0x34 ./App/cmd_line_task/cli_command.o
 .text.CMD_Reset
                0x080031c4       0x10 ./App/cmd_line_task/cli_command.o
 .text.fsp_print
                0x080031d4       0x98 ./App/cmd_line_task/cli_command.o
 .text.getCliStaticBindings
                0x0800326c       0x14 ./App/cmd_line_task/cli_command.o
                0x0800326c                getCliStaticBindings
 .text.getCliStaticBindingCount
                0x08003280       0x10 ./App/cmd_line_task/cli_command.o
                0x08003280                getCliStaticBindingCount
 .text.LL_USART_TransmitData8
                0x08003290       0x1e ./App/cmd_line_task/xbee_cmd_task.o
 *fill*         0x080032ae        0x2 
 .text.CMD_Line_Task_Init
                0x080032b0       0x88 ./App/cmd_line_task/xbee_cmd_task.o
                0x080032b0                CMD_Line_Task_Init
 .text.Debug_CMD_Line_Task
                0x08003338       0x48 ./App/cmd_line_task/xbee_cmd_task.o
                0x08003338                Debug_CMD_Line_Task
 .text.FSP_Line_Process
                0x08003380      0x454 ./App/fsp_line_task/fsp_frame.o
                0x08003380                FSP_Line_Process
 .text.FSP_Line_Task_Init
                0x080037d4       0x74 ./App/fsp_line_task/fsp_line_task.o
                0x080037d4                FSP_Line_Task_Init
 .text.FSP_Line_Task
                0x08003848       0xc8 ./App/fsp_line_task/fsp_line_task.o
                0x08003848                FSP_Line_Task
 .text.impedance_task
                0x08003910      0x280 ./App/impedance_task/impedance_task.o
                0x08003910                impedance_task
 .text.impedance_caculate
                0x08003b90      0x140 ./App/impedance_task/impedance_task.o
 .text.fsp_print
                0x08003cd0       0x98 ./App/impedance_task/impedance_task.o
 .text.__NVIC_SetPriorityGrouping
                0x08003d68       0x48 ./Core/Src/main.o
 .text.__NVIC_GetPriorityGrouping
                0x08003db0       0x1c ./Core/Src/main.o
 .text.__NVIC_EnableIRQ
                0x08003dcc       0x3c ./Core/Src/main.o
 .text.__NVIC_SetPriority
                0x08003e08       0x54 ./Core/Src/main.o
 .text.NVIC_EncodePriority
                0x08003e5c       0x66 ./Core/Src/main.o
 *fill*         0x08003ec2        0x2 
 .text.LL_RCC_HSE_Enable
                0x08003ec4       0x20 ./Core/Src/main.o
 .text.LL_RCC_HSE_IsReady
                0x08003ee4       0x28 ./Core/Src/main.o
 .text.LL_RCC_SetSysClkSource
                0x08003f0c       0x28 ./Core/Src/main.o
 .text.LL_RCC_GetSysClkSource
                0x08003f34       0x1c ./Core/Src/main.o
 .text.LL_RCC_SetAHBPrescaler
                0x08003f50       0x28 ./Core/Src/main.o
 .text.LL_RCC_SetAPB1Prescaler
                0x08003f78       0x28 ./Core/Src/main.o
 .text.LL_RCC_SetAPB2Prescaler
                0x08003fa0       0x28 ./Core/Src/main.o
 .text.LL_RCC_PLL_Enable
                0x08003fc8       0x20 ./Core/Src/main.o
 .text.LL_RCC_PLL_IsReady
                0x08003fe8       0x28 ./Core/Src/main.o
 .text.LL_RCC_PLL_ConfigDomain_SYS
                0x08004010       0x4c ./Core/Src/main.o
 .text.LL_AHB1_GRP1_EnableClock
                0x0800405c       0x30 ./Core/Src/main.o
 .text.LL_APB1_GRP1_EnableClock
                0x0800408c       0x30 ./Core/Src/main.o
 .text.LL_APB2_GRP1_EnableClock
                0x080040bc       0x30 ./Core/Src/main.o
 .text.LL_FLASH_SetLatency
                0x080040ec       0x28 ./Core/Src/main.o
 .text.LL_FLASH_GetLatency
                0x08004114       0x1c ./Core/Src/main.o
 .text.LL_PWR_SetRegulVoltageScaling
                0x08004130       0x28 ./Core/Src/main.o
 .text.LL_PWR_IsActiveFlag_VOS
                0x08004158       0x28 ./Core/Src/main.o
 .text.LL_DMA_SetDataTransferDirection
                0x08004180       0x48 ./Core/Src/main.o
 .text.LL_DMA_SetMode
                0x080041c8       0x48 ./Core/Src/main.o
 .text.LL_DMA_SetPeriphIncMode
                0x08004210       0x48 ./Core/Src/main.o
 .text.LL_DMA_SetMemoryIncMode
                0x08004258       0x48 ./Core/Src/main.o
 .text.LL_DMA_SetPeriphSize
                0x080042a0       0x48 ./Core/Src/main.o
 .text.LL_DMA_SetMemorySize
                0x080042e8       0x48 ./Core/Src/main.o
 .text.LL_DMA_SetStreamPriorityLevel
                0x08004330       0x48 ./Core/Src/main.o
 .text.LL_DMA_SetChannelSelection
                0x08004378       0x48 ./Core/Src/main.o
 .text.LL_DMA_DisableFifoMode
                0x080043c0       0x40 ./Core/Src/main.o
 .text.LL_DMA_EnableIT_TC
                0x08004400       0x40 ./Core/Src/main.o
 .text.LL_SPI_SetStandard
                0x08004440       0x26 ./Core/Src/main.o
 .text.LL_TIM_EnableARRPreload
                0x08004466       0x20 ./Core/Src/main.o
 .text.LL_TIM_DisableARRPreload
                0x08004486       0x20 ./Core/Src/main.o
 *fill*         0x080044a6        0x2 
 .text.LL_TIM_OC_DisableFast
                0x080044a8       0x8c ./Core/Src/main.o
 .text.LL_TIM_OC_EnablePreload
                0x08004534       0x88 ./Core/Src/main.o
 .text.LL_TIM_SetClockSource
                0x080045bc       0x2a ./Core/Src/main.o
 .text.LL_TIM_SetTriggerOutput
                0x080045e6       0x26 ./Core/Src/main.o
 .text.LL_TIM_DisableMasterSlaveMode
                0x0800460c       0x20 ./Core/Src/main.o
 .text.LL_USART_Enable
                0x0800462c       0x20 ./Core/Src/main.o
 .text.LL_USART_ConfigAsyncMode
                0x0800464c       0x2c ./Core/Src/main.o
 .text.LL_GPIO_ResetOutputPin
                0x08004678       0x1e ./Core/Src/main.o
 .text.main     0x08004696       0x5e ./Core/Src/main.o
                0x08004696                main
 .text.SystemClock_Config
                0x080046f4       0x94 ./Core/Src/main.o
                0x080046f4                SystemClock_Config
 .text.MX_SPI1_Init
                0x08004788       0xc4 ./Core/Src/main.o
 .text.MX_TIM3_Init
                0x0800484c       0xf4 ./Core/Src/main.o
 .text.MX_UART4_Init
                0x08004940       0xc0 ./Core/Src/main.o
 .text.MX_USART3_UART_Init
                0x08004a00       0xc4 ./Core/Src/main.o
 .text.MX_GPIO_Init
                0x08004ac4       0xd0 ./Core/Src/main.o
 .text.MX_TIM1_Init
                0x08004b94      0x204 ./Core/Src/main.o
 .text.MX_TIM8_Init
                0x08004d98      0x204 ./Core/Src/main.o
 .text.NMI_Handler
                0x08004f9c        0x8 ./Core/Src/stm32f4xx_it.o
                0x08004f9c                NMI_Handler
 .text.HardFault_Handler
                0x08004fa4        0x8 ./Core/Src/stm32f4xx_it.o
                0x08004fa4                HardFault_Handler
 .text.MemManage_Handler
                0x08004fac        0x8 ./Core/Src/stm32f4xx_it.o
                0x08004fac                MemManage_Handler
 .text.BusFault_Handler
                0x08004fb4        0x8 ./Core/Src/stm32f4xx_it.o
                0x08004fb4                BusFault_Handler
 .text.UsageFault_Handler
                0x08004fbc        0x8 ./Core/Src/stm32f4xx_it.o
                0x08004fbc                UsageFault_Handler
 .text.SVC_Handler
                0x08004fc4        0xe ./Core/Src/stm32f4xx_it.o
                0x08004fc4                SVC_Handler
 .text.DebugMon_Handler
                0x08004fd2        0xe ./Core/Src/stm32f4xx_it.o
                0x08004fd2                DebugMon_Handler
 .text.PendSV_Handler
                0x08004fe0        0xe ./Core/Src/stm32f4xx_it.o
                0x08004fe0                PendSV_Handler
 *fill*         0x08004fee        0x2 
 .text.SysTick_Handler
                0x08004ff0       0x2c ./Core/Src/stm32f4xx_it.o
                0x08004ff0                SysTick_Handler
 .text.SPI1_IRQHandler
                0x0800501c       0x14 ./Core/Src/stm32f4xx_it.o
                0x0800501c                SPI1_IRQHandler
 .text.USART3_IRQHandler
                0x08005030       0x14 ./Core/Src/stm32f4xx_it.o
                0x08005030                USART3_IRQHandler
 .text.UART4_IRQHandler
                0x08005044       0x14 ./Core/Src/stm32f4xx_it.o
                0x08005044                UART4_IRQHandler
 .text._sbrk    0x08005058       0x6c ./Core/Src/sysmem.o
                0x08005058                _sbrk
 .text.SystemInit
                0x080050c4       0x24 ./Core/Src/system_stm32f4xx.o
                0x080050c4                SystemInit
 .text.Reset_Handler
                0x080050e8       0x50 ./Core/Startup/startup_stm32f405rgtx.o
                0x080050e8                Reset_Handler
 .text.Default_Handler
                0x08005138        0x2 ./Core/Startup/startup_stm32f405rgtx.o
                0x08005138                RTC_Alarm_IRQHandler
                0x08005138                HASH_RNG_IRQHandler
                0x08005138                EXTI2_IRQHandler
                0x08005138                TIM8_CC_IRQHandler
                0x08005138                TIM1_CC_IRQHandler
                0x08005138                DMA1_Stream5_IRQHandler
                0x08005138                PVD_IRQHandler
                0x08005138                SDIO_IRQHandler
                0x08005138                TAMP_STAMP_IRQHandler
                0x08005138                CAN2_RX1_IRQHandler
                0x08005138                EXTI3_IRQHandler
                0x08005138                TIM8_TRG_COM_TIM14_IRQHandler
                0x08005138                TIM1_UP_TIM10_IRQHandler
                0x08005138                TIM8_UP_TIM13_IRQHandler
                0x08005138                I2C3_ER_IRQHandler
                0x08005138                EXTI0_IRQHandler
                0x08005138                I2C2_EV_IRQHandler
                0x08005138                DMA1_Stream2_IRQHandler
                0x08005138                CAN1_RX0_IRQHandler
                0x08005138                FPU_IRQHandler
                0x08005138                OTG_HS_WKUP_IRQHandler
                0x08005138                CAN2_SCE_IRQHandler
                0x08005138                DMA2_Stream2_IRQHandler
                0x08005138                TIM6_DAC_IRQHandler
                0x08005138                TIM1_BRK_TIM9_IRQHandler
                0x08005138                CAN2_RX0_IRQHandler
                0x08005138                DMA2_Stream3_IRQHandler
                0x08005138                USART6_IRQHandler
                0x08005138                CAN1_RX1_IRQHandler
                0x08005138                UART5_IRQHandler
                0x08005138                DMA2_Stream0_IRQHandler
                0x08005138                TIM4_IRQHandler
                0x08005138                I2C1_EV_IRQHandler
                0x08005138                DMA1_Stream6_IRQHandler
                0x08005138                DMA1_Stream1_IRQHandler
                0x08005138                TIM3_IRQHandler
                0x08005138                RCC_IRQHandler
                0x08005138                TIM8_BRK_TIM12_IRQHandler
                0x08005138                Default_Handler
                0x08005138                EXTI15_10_IRQHandler
                0x08005138                ADC_IRQHandler
                0x08005138                DMA1_Stream7_IRQHandler
                0x08005138                TIM7_IRQHandler
                0x08005138                CAN2_TX_IRQHandler
                0x08005138                TIM5_IRQHandler
                0x08005138                I2C3_EV_IRQHandler
                0x08005138                EXTI9_5_IRQHandler
                0x08005138                RTC_WKUP_IRQHandler
                0x08005138                SPI2_IRQHandler
                0x08005138                OTG_HS_EP1_IN_IRQHandler
                0x08005138                DMA1_Stream0_IRQHandler
                0x08005138                CAN1_TX_IRQHandler
                0x08005138                EXTI4_IRQHandler
                0x08005138                FSMC_IRQHandler
                0x08005138                OTG_HS_EP1_OUT_IRQHandler
                0x08005138                WWDG_IRQHandler
                0x08005138                TIM2_IRQHandler
                0x08005138                OTG_FS_WKUP_IRQHandler
                0x08005138                TIM1_TRG_COM_TIM11_IRQHandler
                0x08005138                OTG_HS_IRQHandler
                0x08005138                EXTI1_IRQHandler
                0x08005138                USART2_IRQHandler
                0x08005138                I2C2_ER_IRQHandler
                0x08005138                CAN1_SCE_IRQHandler
                0x08005138                FLASH_IRQHandler
                0x08005138                USART1_IRQHandler
                0x08005138                OTG_FS_IRQHandler
                0x08005138                SPI3_IRQHandler
                0x08005138                DMA1_Stream4_IRQHandler
                0x08005138                I2C1_ER_IRQHandler
                0x08005138                DMA2_Stream6_IRQHandler
                0x08005138                DMA1_Stream3_IRQHandler
 .text.LL_GPIO_SetPinMode
                0x0800513a       0x7a ./Drivers/STM32F4xx_HAL_Driver/Src/stm32f4xx_ll_gpio.o
 .text.LL_GPIO_SetPinOutputType
                0x080051b4       0x30 ./Drivers/STM32F4xx_HAL_Driver/Src/stm32f4xx_ll_gpio.o
 .text.LL_GPIO_SetPinSpeed
                0x080051e4       0x7a ./Drivers/STM32F4xx_HAL_Driver/Src/stm32f4xx_ll_gpio.o
 .text.LL_GPIO_SetPinPull
                0x0800525e       0x7a ./Drivers/STM32F4xx_HAL_Driver/Src/stm32f4xx_ll_gpio.o
 .text.LL_GPIO_SetAFPin_0_7
                0x080052d8       0x7a ./Drivers/STM32F4xx_HAL_Driver/Src/stm32f4xx_ll_gpio.o
 .text.LL_GPIO_SetAFPin_8_15
                0x08005352       0x7e ./Drivers/STM32F4xx_HAL_Driver/Src/stm32f4xx_ll_gpio.o
 .text.LL_GPIO_Init
                0x080053d0      0x102 ./Drivers/STM32F4xx_HAL_Driver/Src/stm32f4xx_ll_gpio.o
                0x080053d0                LL_GPIO_Init
 *fill*         0x080054d2        0x2 
 .text.LL_RCC_GetSysClkSource
                0x080054d4       0x1c ./Drivers/STM32F4xx_HAL_Driver/Src/stm32f4xx_ll_rcc.o
 .text.LL_RCC_GetAHBPrescaler
                0x080054f0       0x1c ./Drivers/STM32F4xx_HAL_Driver/Src/stm32f4xx_ll_rcc.o
 .text.LL_RCC_GetAPB1Prescaler
                0x0800550c       0x1c ./Drivers/STM32F4xx_HAL_Driver/Src/stm32f4xx_ll_rcc.o
 .text.LL_RCC_GetAPB2Prescaler
                0x08005528       0x1c ./Drivers/STM32F4xx_HAL_Driver/Src/stm32f4xx_ll_rcc.o
 .text.LL_RCC_PLL_GetMainSource
                0x08005544       0x1c ./Drivers/STM32F4xx_HAL_Driver/Src/stm32f4xx_ll_rcc.o
 .text.LL_RCC_PLL_GetN
                0x08005560       0x1c ./Drivers/STM32F4xx_HAL_Driver/Src/stm32f4xx_ll_rcc.o
 .text.LL_RCC_PLL_GetP
                0x0800557c       0x1c ./Drivers/STM32F4xx_HAL_Driver/Src/stm32f4xx_ll_rcc.o
 .text.LL_RCC_PLL_GetDivider
                0x08005598       0x1c ./Drivers/STM32F4xx_HAL_Driver/Src/stm32f4xx_ll_rcc.o
 .text.LL_RCC_GetSystemClocksFreq
                0x080055b4       0x4a ./Drivers/STM32F4xx_HAL_Driver/Src/stm32f4xx_ll_rcc.o
                0x080055b4                LL_RCC_GetSystemClocksFreq
 *fill*         0x080055fe        0x2 
 .text.RCC_GetSystemClockFreq
                0x08005600       0x50 ./Drivers/STM32F4xx_HAL_Driver/Src/stm32f4xx_ll_rcc.o
                0x08005600                RCC_GetSystemClockFreq
 .text.RCC_GetHCLKClockFreq
                0x08005650       0x2c ./Drivers/STM32F4xx_HAL_Driver/Src/stm32f4xx_ll_rcc.o
                0x08005650                RCC_GetHCLKClockFreq
 .text.RCC_GetPCLK1ClockFreq
                0x0800567c       0x28 ./Drivers/STM32F4xx_HAL_Driver/Src/stm32f4xx_ll_rcc.o
                0x0800567c                RCC_GetPCLK1ClockFreq
 .text.RCC_GetPCLK2ClockFreq
                0x080056a4       0x28 ./Drivers/STM32F4xx_HAL_Driver/Src/stm32f4xx_ll_rcc.o
                0x080056a4                RCC_GetPCLK2ClockFreq
 .text.RCC_PLL_GetFreqDomain_SYS
                0x080056cc       0x7c ./Drivers/STM32F4xx_HAL_Driver/Src/stm32f4xx_ll_rcc.o
                0x080056cc                RCC_PLL_GetFreqDomain_SYS
 .text.LL_SPI_IsEnabled
                0x08005748       0x26 ./Drivers/STM32F4xx_HAL_Driver/Src/stm32f4xx_ll_spi.o
 .text.LL_SPI_SetCRCPolynomial
                0x0800576e       0x20 ./Drivers/STM32F4xx_HAL_Driver/Src/stm32f4xx_ll_spi.o
 .text.LL_SPI_Init
                0x0800578e       0xa4 ./Drivers/STM32F4xx_HAL_Driver/Src/stm32f4xx_ll_spi.o
                0x0800578e                LL_SPI_Init
 .text.LL_TIM_SetPrescaler
                0x08005832       0x1c ./Drivers/STM32F4xx_HAL_Driver/Src/stm32f4xx_ll_tim.o
 .text.LL_TIM_SetAutoReload
                0x0800584e       0x1c ./Drivers/STM32F4xx_HAL_Driver/Src/stm32f4xx_ll_tim.o
 .text.LL_TIM_SetRepetitionCounter
                0x0800586a       0x1c ./Drivers/STM32F4xx_HAL_Driver/Src/stm32f4xx_ll_tim.o
 .text.LL_TIM_OC_SetCompareCH1
                0x08005886       0x1c ./Drivers/STM32F4xx_HAL_Driver/Src/stm32f4xx_ll_tim.o
 .text.LL_TIM_OC_SetCompareCH2
                0x080058a2       0x1c ./Drivers/STM32F4xx_HAL_Driver/Src/stm32f4xx_ll_tim.o
 .text.LL_TIM_OC_SetCompareCH3
                0x080058be       0x1c ./Drivers/STM32F4xx_HAL_Driver/Src/stm32f4xx_ll_tim.o
 .text.LL_TIM_OC_SetCompareCH4
                0x080058da       0x1c ./Drivers/STM32F4xx_HAL_Driver/Src/stm32f4xx_ll_tim.o
 .text.LL_TIM_GenerateEvent_UPDATE
                0x080058f6       0x20 ./Drivers/STM32F4xx_HAL_Driver/Src/stm32f4xx_ll_tim.o
 *fill*         0x08005916        0x2 
 .text.LL_TIM_Init
                0x08005918      0x134 ./Drivers/STM32F4xx_HAL_Driver/Src/stm32f4xx_ll_tim.o
                0x08005918                LL_TIM_Init
 .text.LL_TIM_OC_Init
                0x08005a4c       0x82 ./Drivers/STM32F4xx_HAL_Driver/Src/stm32f4xx_ll_tim.o
                0x08005a4c                LL_TIM_OC_Init
 .text.LL_TIM_BDTR_Init
                0x08005ace       0x84 ./Drivers/STM32F4xx_HAL_Driver/Src/stm32f4xx_ll_tim.o
                0x08005ace                LL_TIM_BDTR_Init
 *fill*         0x08005b52        0x2 
 .text.OC1Config
                0x08005b54       0xd8 ./Drivers/STM32F4xx_HAL_Driver/Src/stm32f4xx_ll_tim.o
 .text.OC2Config
                0x08005c2c       0xe0 ./Drivers/STM32F4xx_HAL_Driver/Src/stm32f4xx_ll_tim.o
 .text.OC3Config
                0x08005d0c       0xe0 ./Drivers/STM32F4xx_HAL_Driver/Src/stm32f4xx_ll_tim.o
 .text.OC4Config
                0x08005dec       0xb0 ./Drivers/STM32F4xx_HAL_Driver/Src/stm32f4xx_ll_tim.o
 .text.LL_USART_IsEnabled
                0x08005e9c       0x28 ./Drivers/STM32F4xx_HAL_Driver/Src/stm32f4xx_ll_usart.o
 .text.LL_USART_SetStopBitsLength
                0x08005ec4       0x26 ./Drivers/STM32F4xx_HAL_Driver/Src/stm32f4xx_ll_usart.o
 .text.LL_USART_SetHWFlowCtrl
                0x08005eea       0x26 ./Drivers/STM32F4xx_HAL_Driver/Src/stm32f4xx_ll_usart.o
 .text.LL_USART_SetBaudRate
                0x08005f10      0x45c ./Drivers/STM32F4xx_HAL_Driver/Src/stm32f4xx_ll_usart.o
 .text.LL_USART_Init
                0x0800636c      0x100 ./Drivers/STM32F4xx_HAL_Driver/Src/stm32f4xx_ll_usart.o
                0x0800636c                LL_USART_Init
 .text.LL_InitTick
                0x0800646c       0x34 ./Drivers/STM32F4xx_HAL_Driver/Src/stm32f4xx_ll_utils.o
 .text.LL_Init1msTick
                0x080064a0       0x1a ./Drivers/STM32F4xx_HAL_Driver/Src/stm32f4xx_ll_utils.o
                0x080064a0                LL_Init1msTick
 *fill*         0x080064ba        0x2 
 .text.LL_SetSystemCoreClock
                0x080064bc       0x20 ./Drivers/STM32F4xx_HAL_Driver/Src/stm32f4xx_ll_utils.o
                0x080064bc                LL_SetSystemCoreClock
 .text.INA229_SPI_ReadByteBlocking
                0x080064dc       0x4c ./MyDRV/Device/INA229/INA229.o
 .text.INA229_SyncTransfer
                0x08006528       0x5a ./MyDRV/Device/INA229/INA229.o
 .text.INA229_WriteReg16
                0x08006582       0x4e ./MyDRV/Device/INA229/INA229.o
                0x08006582                INA229_WriteReg16
 .text.INA229_ReadReg16
                0x080065d0       0x5e ./MyDRV/Device/INA229/INA229.o
                0x080065d0                INA229_ReadReg16
 .text.INA229_ReadReg24
                0x0800662e       0x54 ./MyDRV/Device/INA229/INA229.o
                0x0800662e                INA229_ReadReg24
 .text.INA229_ReadReg40
                0x08006682       0xae ./MyDRV/Device/INA229/INA229.o
                0x08006682                INA229_ReadReg40
 .text.INA229_Init
                0x08006730       0x2a ./MyDRV/Device/INA229/INA229.o
                0x08006730                INA229_Init
 *fill*         0x0800675a        0x6 
 .text.INA229_Calibrate
                0x08006760       0x7c ./MyDRV/Device/INA229/INA229.o
                0x08006760                INA229_Calibrate
 *fill*         0x080067dc        0x4 
 .text.INA229_GetBusVoltage
                0x080067e0       0x48 ./MyDRV/Device/INA229/INA229.o
                0x080067e0                INA229_GetBusVoltage
 .text.INA229_GetShuntVoltage
                0x08006828       0x50 ./MyDRV/Device/INA229/INA229.o
                0x08006828                INA229_GetShuntVoltage
 .text.INA229_GetTemperature
                0x08006878       0x40 ./MyDRV/Device/INA229/INA229.o
                0x08006878                INA229_GetTemperature
 .text.INA229_GetCurrent
                0x080068b8       0x46 ./MyDRV/Device/INA229/INA229.o
                0x080068b8                INA229_GetCurrent
 *fill*         0x080068fe        0x2 
 .text.INA229_GetPower
                0x08006900       0x58 ./MyDRV/Device/INA229/INA229.o
                0x08006900                INA229_GetPower
 .text.INA229_GetEnergy
                0x08006958       0x7c ./MyDRV/Device/INA229/INA229.o
                0x08006958                INA229_GetEnergy
 .text.INA229_GetCharge
                0x080069d4       0x64 ./MyDRV/Device/INA229/INA229.o
                0x080069d4                INA229_GetCharge
 .text.LL_GPIO_SetOutputPin
                0x08006a38       0x1c ./MyDRV/H_switch/h_bridge_driver.o
 .text.LL_GPIO_ResetOutputPin
                0x08006a54       0x1e ./MyDRV/H_switch/h_bridge_driver.o
 *fill*         0x08006a72        0x2 
 .text.LL_DMA_EnableStream
                0x08006a74       0x40 ./MyDRV/H_switch/h_bridge_driver.o
 .text.LL_DMA_DisableStream
                0x08006ab4       0x40 ./MyDRV/H_switch/h_bridge_driver.o
 .text.LL_DMA_IsEnabledStream
                0x08006af4       0x38 ./MyDRV/H_switch/h_bridge_driver.o
 .text.LL_DMA_SetDataLength
                0x08006b2c       0x48 ./MyDRV/H_switch/h_bridge_driver.o
 .text.LL_DMA_SetMemoryAddress
                0x08006b74       0x30 ./MyDRV/H_switch/h_bridge_driver.o
 .text.LL_DMA_SetPeriphAddress
                0x08006ba4       0x30 ./MyDRV/H_switch/h_bridge_driver.o
 .text.LL_DMA_IsActiveFlag_TC4
                0x08006bd4       0x26 ./MyDRV/H_switch/h_bridge_driver.o
 .text.LL_DMA_IsActiveFlag_TC5
                0x08006bfa       0x28 ./MyDRV/H_switch/h_bridge_driver.o
 .text.LL_DMA_ClearFlag_TC4
                0x08006c22       0x1a ./MyDRV/H_switch/h_bridge_driver.o
 .text.LL_DMA_ClearFlag_TC5
                0x08006c3c       0x1c ./MyDRV/H_switch/h_bridge_driver.o
 .text.LL_DMA_EnableIT_TC
                0x08006c58       0x40 ./MyDRV/H_switch/h_bridge_driver.o
 .text.LL_TIM_EnableCounter
                0x08006c98       0x20 ./MyDRV/H_switch/h_bridge_driver.o
 .text.LL_TIM_EnableARRPreload
                0x08006cb8       0x20 ./MyDRV/H_switch/h_bridge_driver.o
 .text.LL_TIM_DisableARRPreload
                0x08006cd8       0x20 ./MyDRV/H_switch/h_bridge_driver.o
 .text.LL_TIM_SetCounter
                0x08006cf8       0x1c ./MyDRV/H_switch/h_bridge_driver.o
 .text.LL_TIM_EnableDMAReq_UPDATE
                0x08006d14       0x20 ./MyDRV/H_switch/h_bridge_driver.o
 .text.LL_TIM_DisableDMAReq_UPDATE
                0x08006d34       0x20 ./MyDRV/H_switch/h_bridge_driver.o
 .text.LL_TIM_EnableDMAReq_CC4
                0x08006d54       0x20 ./MyDRV/H_switch/h_bridge_driver.o
 .text.LL_TIM_DisableDMAReq_CC4
                0x08006d74       0x20 ./MyDRV/H_switch/h_bridge_driver.o
 .text.HB_Set_Pole_Pos_Manual
                0x08006d94       0xbc ./MyDRV/H_switch/h_bridge_driver.o
                0x08006d94                HB_Set_Pole_Pos_Manual
 .text.HB_GetBSRR
                0x08006e50       0xb0 ./MyDRV/H_switch/h_bridge_driver.o
 .text.Wave_Add
                0x08006f00       0x50 ./MyDRV/H_switch/h_bridge_driver.o
                0x08006f00                Wave_Add
 .text.HB_Pulse
                0x08006f50       0xa2 ./MyDRV/H_switch/h_bridge_driver.o
                0x08006f50                HB_Pulse
 .text.HB_Delay
                0x08006ff2       0x30 ./MyDRV/H_switch/h_bridge_driver.o
                0x08006ff2                HB_Delay
 *fill*         0x08007022        0x2 
 .text.HB_Off   0x08007024       0x1c ./MyDRV/H_switch/h_bridge_driver.o
                0x08007024                HB_Off
 .text.DMA_GPIO_Start
                0x08007040       0x64 ./MyDRV/H_switch/h_bridge_driver.o
                0x08007040                DMA_GPIO_Start
 .text.DMA_ARR_Start
                0x080070a4       0x5c ./MyDRV/H_switch/h_bridge_driver.o
                0x080070a4                DMA_ARR_Start
 .text.HB_Is_Phase_Done
                0x08007100       0x38 ./MyDRV/H_switch/h_bridge_driver.o
                0x08007100                HB_Is_Phase_Done
 .text.HB_Clear_Sequence
                0x08007138       0x34 ./MyDRV/H_switch/h_bridge_driver.o
                0x08007138                HB_Clear_Sequence
 .text.HB_Start
                0x0800716c       0x70 ./MyDRV/H_switch/h_bridge_driver.o
                0x0800716c                HB_Start
 .text.DMA2_Stream5_IRQHandler
                0x080071dc       0x3c ./MyDRV/H_switch/h_bridge_driver.o
                0x080071dc                DMA2_Stream5_IRQHandler
 .text.DMA2_Stream4_IRQHandler
                0x08007218       0x3c ./MyDRV/H_switch/h_bridge_driver.o
                0x08007218                DMA2_Stream4_IRQHandler
 .text.LL_GPIO_SetOutputPin
                0x08007254       0x1c ./MyDRV/V_switch/vswitch.o
 .text.LL_GPIO_ResetOutputPin
                0x08007270       0x1e ./MyDRV/V_switch/vswitch.o
 *fill*         0x0800728e        0x2 
 .text.LL_DMA_EnableStream
                0x08007290       0x40 ./MyDRV/V_switch/vswitch.o
 .text.LL_DMA_DisableStream
                0x080072d0       0x40 ./MyDRV/V_switch/vswitch.o
 .text.LL_DMA_IsEnabledStream
                0x08007310       0x38 ./MyDRV/V_switch/vswitch.o
 .text.LL_DMA_SetDataLength
                0x08007348       0x48 ./MyDRV/V_switch/vswitch.o
 .text.LL_DMA_SetMemoryAddress
                0x08007390       0x30 ./MyDRV/V_switch/vswitch.o
 .text.LL_DMA_SetPeriphAddress
                0x080073c0       0x30 ./MyDRV/V_switch/vswitch.o
 .text.LL_DMA_IsActiveFlag_TC1
                0x080073f0       0x28 ./MyDRV/V_switch/vswitch.o
 .text.LL_DMA_IsActiveFlag_TC7
                0x08007418       0x28 ./MyDRV/V_switch/vswitch.o
 .text.LL_DMA_ClearFlag_TC1
                0x08007440       0x1c ./MyDRV/V_switch/vswitch.o
 .text.LL_DMA_ClearFlag_TC7
                0x0800745c       0x1c ./MyDRV/V_switch/vswitch.o
 .text.LL_DMA_EnableIT_TC
                0x08007478       0x40 ./MyDRV/V_switch/vswitch.o
 .text.LL_TIM_EnableCounter
                0x080074b8       0x20 ./MyDRV/V_switch/vswitch.o
 .text.LL_TIM_DisableCounter
                0x080074d8       0x20 ./MyDRV/V_switch/vswitch.o
 .text.LL_TIM_SetUpdateSource
                0x080074f8       0x26 ./MyDRV/V_switch/vswitch.o
 .text.LL_TIM_EnableARRPreload
                0x0800751e       0x20 ./MyDRV/V_switch/vswitch.o
 .text.LL_TIM_DisableARRPreload
                0x0800753e       0x20 ./MyDRV/V_switch/vswitch.o
 .text.LL_TIM_SetCounter
                0x0800755e       0x1c ./MyDRV/V_switch/vswitch.o
 .text.LL_TIM_SetPrescaler
                0x0800757a       0x1c ./MyDRV/V_switch/vswitch.o
 .text.LL_TIM_SetAutoReload
                0x08007596       0x1c ./MyDRV/V_switch/vswitch.o
 .text.LL_TIM_CC_EnableChannel
                0x080075b2       0x22 ./MyDRV/V_switch/vswitch.o
 .text.LL_TIM_OC_SetMode
                0x080075d4       0x9c ./MyDRV/V_switch/vswitch.o
 .text.LL_TIM_OC_SetPolarity
                0x08007670       0x88 ./MyDRV/V_switch/vswitch.o
 .text.LL_TIM_OC_EnablePreload
                0x080076f8       0x88 ./MyDRV/V_switch/vswitch.o
 .text.LL_TIM_OC_SetCompareCH1
                0x08007780       0x1c ./MyDRV/V_switch/vswitch.o
 .text.LL_TIM_OC_SetCompareCH2
                0x0800779c       0x1c ./MyDRV/V_switch/vswitch.o
 .text.LL_TIM_SetOffStates
                0x080077b8       0x2c ./MyDRV/V_switch/vswitch.o
 .text.LL_TIM_DisableAutomaticOutput
                0x080077e4       0x20 ./MyDRV/V_switch/vswitch.o
 .text.LL_TIM_EnableAllOutputs
                0x08007804       0x20 ./MyDRV/V_switch/vswitch.o
 .text.LL_TIM_DisableIT_UPDATE
                0x08007824       0x20 ./MyDRV/V_switch/vswitch.o
 .text.LL_TIM_EnableDMAReq_UPDATE
                0x08007844       0x20 ./MyDRV/V_switch/vswitch.o
 .text.LL_TIM_DisableDMAReq_UPDATE
                0x08007864       0x20 ./MyDRV/V_switch/vswitch.o
 .text.LL_TIM_EnableDMAReq_CC4
                0x08007884       0x20 ./MyDRV/V_switch/vswitch.o
 .text.LL_TIM_DisableDMAReq_CC4
                0x080078a4       0x20 ./MyDRV/V_switch/vswitch.o
 .text.LL_TIM_GenerateEvent_UPDATE
                0x080078c4       0x20 ./MyDRV/V_switch/vswitch.o
 .text.VS_Init  0x080078e4      0x11c ./MyDRV/V_switch/vswitch.o
                0x080078e4                VS_Init
 .text.VS_GetBSRR
                0x08007a00       0x46 ./MyDRV/V_switch/vswitch.o
 *fill*         0x08007a46        0x2 
 .text.VS_Wave_Add
                0x08007a48       0x50 ./MyDRV/V_switch/vswitch.o
                0x08007a48                VS_Wave_Add
 .text.VS_Pulse
                0x08007a98       0x6c ./MyDRV/V_switch/vswitch.o
                0x08007a98                VS_Pulse
 .text.VS_Enable_Hv
                0x08007b04       0x24 ./MyDRV/V_switch/vswitch.o
                0x08007b04                VS_Enable_Hv
 .text.VS_Off   0x08007b28       0x24 ./MyDRV/V_switch/vswitch.o
                0x08007b28                VS_Off
 .text.DMA_VS_GPIO_Start
                0x08007b4c       0x64 ./MyDRV/V_switch/vswitch.o
                0x08007b4c                DMA_VS_GPIO_Start
 .text.DMA_VS_ARR_Start
                0x08007bb0       0x5c ./MyDRV/V_switch/vswitch.o
                0x08007bb0                DMA_VS_ARR_Start
 .text.VS_Clear_Sequence
                0x08007c0c       0x34 ./MyDRV/V_switch/vswitch.o
                0x08007c0c                VS_Clear_Sequence
 .text.VS_Start
                0x08007c40       0x68 ./MyDRV/V_switch/vswitch.o
                0x08007c40                VS_Start
 .text.DMA2_Stream1_IRQHandler
                0x08007ca8       0x40 ./MyDRV/V_switch/vswitch.o
                0x08007ca8                DMA2_Stream1_IRQHandler
 .text.DMA2_Stream7_IRQHandler
                0x08007ce8       0x40 ./MyDRV/V_switch/vswitch.o
                0x08007ce8                DMA2_Stream7_IRQHandler
 .text.writeCharToUart_Common
                0x08007d28       0x24 ./MyDRV/cli/CLI_Setup/cli_setup.o
 .text.SystemCLI_Init
                0x08007d4c       0x98 ./MyDRV/cli/CLI_Setup/cli_setup.o
                0x08007d4c                SystemCLI_Init
 .text.embeddedCliDefaultConfig
                0x08007de4       0x54 ./MyDRV/cli/CLI_Src/embedded_cli.o
                0x08007de4                embeddedCliDefaultConfig
 .text.embeddedCliRequiredSize
                0x08007e38       0x62 ./MyDRV/cli/CLI_Src/embedded_cli.o
                0x08007e38                embeddedCliRequiredSize
 .text.embeddedCliNew
                0x08007e9a      0x11e ./MyDRV/cli/CLI_Src/embedded_cli.o
                0x08007e9a                embeddedCliNew
 .text.embeddedCliReceiveChar
                0x08007fb8       0x46 ./MyDRV/cli/CLI_Src/embedded_cli.o
                0x08007fb8                embeddedCliReceiveChar
 .text.embeddedCliProcess
                0x08007ffe      0x120 ./MyDRV/cli/CLI_Src/embedded_cli.o
                0x08007ffe                embeddedCliProcess
 *fill*         0x0800811e        0x2 
 .text.embeddedCliPrint
                0x08008120       0x9c ./MyDRV/cli/CLI_Src/embedded_cli.o
                0x08008120                embeddedCliPrint
 .text.embeddedCliTokenizeArgs
                0x080081bc      0x100 ./MyDRV/cli/CLI_Src/embedded_cli.o
                0x080081bc                embeddedCliTokenizeArgs
 .text.embeddedCliGetToken
                0x080082bc       0x36 ./MyDRV/cli/CLI_Src/embedded_cli.o
                0x080082bc                embeddedCliGetToken
 .text.embeddedCliGetTokenVariable
                0x080082f2       0x36 ./MyDRV/cli/CLI_Src/embedded_cli.o
                0x080082f2                embeddedCliGetTokenVariable
 .text.embeddedCliGetTokenCount
                0x08008328       0x5a ./MyDRV/cli/CLI_Src/embedded_cli.o
                0x08008328                embeddedCliGetTokenCount
 *fill*         0x08008382        0x2 
 .text.navigateHistory
                0x08008384       0xe8 ./MyDRV/cli/CLI_Src/embedded_cli.o
 .text.onEscapedInput
                0x0800846c       0xbc ./MyDRV/cli/CLI_Src/embedded_cli.o
 .text.onCharInput
                0x08008528       0xa4 ./MyDRV/cli/CLI_Src/embedded_cli.o
 .text.onControlInput
                0x080085cc      0x128 ./MyDRV/cli/CLI_Src/embedded_cli.o
 .text.parseCommand
                0x080086f4      0x254 ./MyDRV/cli/CLI_Src/embedded_cli.o
 .text.printBindingHelp
                0x08008948       0x40 ./MyDRV/cli/CLI_Src/embedded_cli.o
 .text.getAutocompletedCommand
                0x08008988      0x17a ./MyDRV/cli/CLI_Src/embedded_cli.o
 *fill*         0x08008b02        0x2 
 .text.printLiveAutocompletion
                0x08008b04       0xc4 ./MyDRV/cli/CLI_Src/embedded_cli.o
 .text.onAutocompleteRequest
                0x08008bc8      0x124 ./MyDRV/cli/CLI_Src/embedded_cli.o
 .text.clearCurrentLine
                0x08008cec       0x6a ./MyDRV/cli/CLI_Src/embedded_cli.o
 .text.writeToOutput
                0x08008d56       0x42 ./MyDRV/cli/CLI_Src/embedded_cli.o
 .text.moveCursor
                0x08008d98       0x6c ./MyDRV/cli/CLI_Src/embedded_cli.o
 .text.isControlChar
                0x08008e04       0x40 ./MyDRV/cli/CLI_Src/embedded_cli.o
 .text.isDisplayableChar
                0x08008e44       0x2e ./MyDRV/cli/CLI_Src/embedded_cli.o
 .text.fifoBufAvailable
                0x08008e72       0x42 ./MyDRV/cli/CLI_Src/embedded_cli.o
 .text.fifoBufPop
                0x08008eb4       0x50 ./MyDRV/cli/CLI_Src/embedded_cli.o
 .text.fifoBufPush
                0x08008f04       0x54 ./MyDRV/cli/CLI_Src/embedded_cli.o
 .text.historyPut
                0x08008f58       0xc8 ./MyDRV/cli/CLI_Src/embedded_cli.o
 .text.historyGet
                0x08009020       0x38 ./MyDRV/cli/CLI_Src/embedded_cli.o
 .text.historyRemove
                0x08009058       0xba ./MyDRV/cli/CLI_Src/embedded_cli.o
 .text.getTokenPosition
                0x08009112       0x7c ./MyDRV/cli/CLI_Src/embedded_cli.o
 .text.findCategoryIndex
                0x0800918e       0x48 ./MyDRV/cli/CLI_Src/embedded_cli.o
 *fill*         0x080091d6        0x2 
 .text.printAlignedColumn
                0x080091d8       0x4c ./MyDRV/cli/CLI_Src/embedded_cli.o
 .text.CMD_Help
                0x08009224      0x3cc ./MyDRV/cli/CLI_Src/embedded_cli.o
                0x08009224                CMD_Help
 .text.onUnknownCommand
                0x080095f0       0x44 ./MyDRV/cli/CLI_Src/embedded_cli.o
 .text.crc16_CCITT
                0x08009634       0x78 ./MyDRV/fsp/crc16.o
                0x08009634                crc16_CCITT
 .text.fsp_init
                0x080096ac       0x20 ./MyDRV/fsp/fsp.o
                0x080096ac                fsp_init
 .text.fsp_encode
                0x080096cc      0x26a ./MyDRV/fsp/fsp.o
                0x080096cc                fsp_encode
 *fill*         0x08009936        0x2 
 .text.frame_decode
                0x08009938      0x2b8 ./MyDRV/fsp/fsp.o
                0x08009938                frame_decode
 .text.SchedulerSysTickIntHandler
                0x08009bf0       0x1c ./MyDRV/scheduler/scheduler.o
                0x08009bf0                SchedulerSysTickIntHandler
 .text.SchedulerInit
                0x08009c0c       0x44 ./MyDRV/scheduler/scheduler.o
                0x08009c0c                SchedulerInit
 .text.SchedulerRun
                0x08009c50       0x74 ./MyDRV/scheduler/scheduler.o
                0x08009c50                SchedulerRun
 .text.SchedulerTaskEnable
                0x08009cc4       0x8c ./MyDRV/scheduler/scheduler.o
                0x08009cc4                SchedulerTaskEnable
 .text.SchedulerTaskDisable
                0x08009d50       0x3c ./MyDRV/scheduler/scheduler.o
                0x08009d50                SchedulerTaskDisable
 .text.SchedulerElapsedTicksGet
                0x08009d8c       0x24 ./MyDRV/scheduler/scheduler.o
                0x08009d8c                SchedulerElapsedTicksGet
 .text.SchedulerElapsedTicksCalc
                0x08009db0       0x1c ./MyDRV/scheduler/scheduler.o
                0x08009db0                SchedulerElapsedTicksCalc
 .text.LL_GPIO_SetOutputPin
                0x08009dcc       0x1c ./MyDRV/spi/spi.o
 .text.LL_GPIO_ResetOutputPin
                0x08009de8       0x1e ./MyDRV/spi/spi.o
 .text.LL_SPI_Enable
                0x08009e06       0x20 ./MyDRV/spi/spi.o
 .text.LL_SPI_IsActiveFlag_RXNE
                0x08009e26       0x26 ./MyDRV/spi/spi.o
 .text.LL_SPI_IsActiveFlag_TXE
                0x08009e4c       0x26 ./MyDRV/spi/spi.o
 .text.LL_SPI_IsActiveFlag_BSY
                0x08009e72       0x26 ./MyDRV/spi/spi.o
 .text.LL_SPI_EnableIT_RXNE
                0x08009e98       0x20 ./MyDRV/spi/spi.o
 .text.LL_SPI_EnableIT_TXE
                0x08009eb8       0x20 ./MyDRV/spi/spi.o
 .text.LL_SPI_DisableIT_RXNE
                0x08009ed8       0x20 ./MyDRV/spi/spi.o
 .text.LL_SPI_DisableIT_TXE
                0x08009ef8       0x20 ./MyDRV/spi/spi.o
 .text.LL_SPI_ReceiveData8
                0x08009f18       0x1c ./MyDRV/spi/spi.o
 .text.LL_SPI_TransmitData8
                0x08009f34       0x24 ./MyDRV/spi/spi.o
 .text.SPI_Init
                0x08009f58       0x8e ./MyDRV/spi/spi.o
                0x08009f58                SPI_Init
 .text.SPI_is_buffer_full
                0x08009fe6       0x3a ./MyDRV/spi/spi.o
                0x08009fe6                SPI_is_buffer_full
 .text.SPI_is_buffer_empty
                0x0800a020       0x28 ./MyDRV/spi/spi.o
                0x0800a020                SPI_is_buffer_empty
 .text.SPI_advance_buffer_index
                0x0800a048       0x32 ./MyDRV/spi/spi.o
                0x0800a048                SPI_advance_buffer_index
 .text.SPI_Transmit_IT
                0x0800a07a       0x96 ./MyDRV/spi/spi.o
                0x0800a07a                SPI_Transmit_IT
 .text.SPI_IRQHandler_Callback
                0x0800a110       0xfe ./MyDRV/spi/spi.o
                0x0800a110                SPI_IRQHandler_Callback
 .text.RingBuffer_Create
                0x0800a20e       0x66 ./MyDRV/uart/ring_buffer.o
                0x0800a20e                RingBuffer_Create
 .text.RingBuffer_Put
                0x0800a274       0x8c ./MyDRV/uart/ring_buffer.o
                0x0800a274                RingBuffer_Put
 .text.RingBuffer_Get
                0x0800a300       0x82 ./MyDRV/uart/ring_buffer.o
                0x0800a300                RingBuffer_Get
 .text.RingBuffer_IsDataAvailable
                0x0800a382       0x4a ./MyDRV/uart/ring_buffer.o
                0x0800a382                RingBuffer_IsDataAvailable
 .text.LL_USART_IsActiveFlag_FE
                0x0800a3cc       0x26 ./MyDRV/uart/uart_driver.o
 .text.LL_USART_IsActiveFlag_NE
                0x0800a3f2       0x26 ./MyDRV/uart/uart_driver.o
 .text.LL_USART_IsActiveFlag_ORE
                0x0800a418       0x26 ./MyDRV/uart/uart_driver.o
 .text.LL_USART_IsActiveFlag_RXNE
                0x0800a43e       0x26 ./MyDRV/uart/uart_driver.o
 .text.LL_USART_IsActiveFlag_TXE
                0x0800a464       0x26 ./MyDRV/uart/uart_driver.o
 .text.LL_USART_ClearFlag_FE
                0x0800a48a       0x24 ./MyDRV/uart/uart_driver.o
 .text.LL_USART_ClearFlag_NE
                0x0800a4ae       0x24 ./MyDRV/uart/uart_driver.o
 .text.LL_USART_ClearFlag_ORE
                0x0800a4d2       0x24 ./MyDRV/uart/uart_driver.o
 .text.LL_USART_EnableIT_RXNE
                0x0800a4f6       0x46 ./MyDRV/uart/uart_driver.o
 .text.LL_USART_EnableIT_TXE
                0x0800a53c       0x46 ./MyDRV/uart/uart_driver.o
 .text.LL_USART_DisableIT_TXE
                0x0800a582       0x46 ./MyDRV/uart/uart_driver.o
 .text.LL_USART_IsEnabledIT_RXNE
                0x0800a5c8       0x26 ./MyDRV/uart/uart_driver.o
 .text.LL_USART_IsEnabledIT_TXE
                0x0800a5ee       0x26 ./MyDRV/uart/uart_driver.o
 .text.LL_USART_ReceiveData8
                0x0800a614       0x1a ./MyDRV/uart/uart_driver.o
 .text.LL_USART_TransmitData8
                0x0800a62e       0x1e ./MyDRV/uart/uart_driver.o
 .text.UART_Driver_Init
                0x0800a64c       0x8a ./MyDRV/uart/uart_driver.o
                0x0800a64c                UART_Driver_Init
 .text.UART_Driver_Read
                0x0800a6d6       0x2e ./MyDRV/uart/uart_driver.o
                0x0800a6d6                UART_Driver_Read
 .text.UART_Driver_Write
                0x0800a704       0x3a ./MyDRV/uart/uart_driver.o
                0x0800a704                UART_Driver_Write
 .text.UART_Driver_SendString
                0x0800a73e       0x30 ./MyDRV/uart/uart_driver.o
                0x0800a73e                UART_Driver_SendString
 .text.UART_Driver_SendFSP
                0x0800a76e       0x3c ./MyDRV/uart/uart_driver.o
                0x0800a76e                UART_Driver_SendFSP
 .text.UART_Driver_IsDataAvailable
                0x0800a7aa       0x1c ./MyDRV/uart/uart_driver.o
                0x0800a7aa                UART_Driver_IsDataAvailable
 .text.UART_Driver_ISR
                0x0800a7c6       0xea ./MyDRV/uart/uart_driver.o
                0x0800a7c6                UART_Driver_ISR
 .text.atoi     0x0800a8b0        0x8 C:/ST/STM32CubeIDE_2.0.0/STM32CubeIDE/plugins/com.st.stm32cube.ide.mcu.externaltools.gnu-tools-for-stm32.13.3.rel1.win32_1.0.100.202509120712/tools/bin/../lib/gcc/arm-none-eabi/13.3.1/../../../../arm-none-eabi/lib/thumb/v7e-m+fp/hard\libc_nano.a(libc_a-atoi.o)
                0x0800a8b0                atoi
 .text._strtol_l.isra.0
                0x0800a8b8       0xf4 C:/ST/STM32CubeIDE_2.0.0/STM32CubeIDE/plugins/com.st.stm32cube.ide.mcu.externaltools.gnu-tools-for-stm32.13.3.rel1.win32_1.0.100.202509120712/tools/bin/../lib/gcc/arm-none-eabi/13.3.1/../../../../arm-none-eabi/lib/thumb/v7e-m+fp/hard\libc_nano.a(libc_a-strtol.o)
 .text.strtol   0x0800a9ac       0x14 C:/ST/STM32CubeIDE_2.0.0/STM32CubeIDE/plugins/com.st.stm32cube.ide.mcu.externaltools.gnu-tools-for-stm32.13.3.rel1.win32_1.0.100.202509120712/tools/bin/../lib/gcc/arm-none-eabi/13.3.1/../../../../arm-none-eabi/lib/thumb/v7e-m+fp/hard\libc_nano.a(libc_a-strtol.o)
                0x0800a9ac                strtol
 .text.snprintf
                0x0800a9c0       0x6c C:/ST/STM32CubeIDE_2.0.0/STM32CubeIDE/plugins/com.st.stm32cube.ide.mcu.externaltools.gnu-tools-for-stm32.13.3.rel1.win32_1.0.100.202509120712/tools/bin/../lib/gcc/arm-none-eabi/13.3.1/../../../../arm-none-eabi/lib/thumb/v7e-m+fp/hard\libc_nano.a(libc_a-snprintf.o)
                0x0800a9c0                sniprintf
                0x0800a9c0                snprintf
 .text.sprintf  0x0800aa2c       0x44 C:/ST/STM32CubeIDE_2.0.0/STM32CubeIDE/plugins/com.st.stm32cube.ide.mcu.externaltools.gnu-tools-for-stm32.13.3.rel1.win32_1.0.100.202509120712/tools/bin/../lib/gcc/arm-none-eabi/13.3.1/../../../../arm-none-eabi/lib/thumb/v7e-m+fp/hard\libc_nano.a(libc_a-sprintf.o)
                0x0800aa2c                siprintf
                0x0800aa2c                sprintf
 .text.memmove  0x0800aa70       0x34 C:/ST/STM32CubeIDE_2.0.0/STM32CubeIDE/plugins/com.st.stm32cube.ide.mcu.externaltools.gnu-tools-for-stm32.13.3.rel1.win32_1.0.100.202509120712/tools/bin/../lib/gcc/arm-none-eabi/13.3.1/../../../../arm-none-eabi/lib/thumb/v7e-m+fp/hard\libc_nano.a(libc_a-memmove.o)
                0x0800aa70                memmove
 .text.memset   0x0800aaa4       0x10 C:/ST/STM32CubeIDE_2.0.0/STM32CubeIDE/plugins/com.st.stm32cube.ide.mcu.externaltools.gnu-tools-for-stm32.13.3.rel1.win32_1.0.100.202509120712/tools/bin/../lib/gcc/arm-none-eabi/13.3.1/../../../../arm-none-eabi/lib/thumb/v7e-m+fp/hard\libc_nano.a(libc_a-memset.o)
                0x0800aaa4                memset
 .text.strchr   0x0800aab4       0x1a C:/ST/STM32CubeIDE_2.0.0/STM32CubeIDE/plugins/com.st.stm32cube.ide.mcu.externaltools.gnu-tools-for-stm32.13.3.rel1.win32_1.0.100.202509120712/tools/bin/../lib/gcc/arm-none-eabi/13.3.1/../../../../arm-none-eabi/lib/thumb/v7e-m+fp/hard\libc_nano.a(libc_a-strchr.o)
                0x0800aab4                strchr
 .text.strncpy  0x0800aace       0x26 C:/ST/STM32CubeIDE_2.0.0/STM32CubeIDE/plugins/com.st.stm32cube.ide.mcu.externaltools.gnu-tools-for-stm32.13.3.rel1.win32_1.0.100.202509120712/tools/bin/../lib/gcc/arm-none-eabi/13.3.1/../../../../arm-none-eabi/lib/thumb/v7e-m+fp/hard\libc_nano.a(libc_a-strncpy.o)
                0x0800aace                strncpy
 .text.__errno  0x0800aaf4        0xc C:/ST/STM32CubeIDE_2.0.0/STM32CubeIDE/plugins/com.st.stm32cube.ide.mcu.externaltools.gnu-tools-for-stm32.13.3.rel1.win32_1.0.100.202509120712/tools/bin/../lib/gcc/arm-none-eabi/13.3.1/../../../../arm-none-eabi/lib/thumb/v7e-m+fp/hard\libc_nano.a(libc_a-errno.o)
                0x0800aaf4                __errno
 .text.__libc_init_array
                0x0800ab00       0x48 C:/ST/STM32CubeIDE_2.0.0/STM32CubeIDE/plugins/com.st.stm32cube.ide.mcu.externaltools.gnu-tools-for-stm32.13.3.rel1.win32_1.0.100.202509120712/tools/bin/../lib/gcc/arm-none-eabi/13.3.1/../../../../arm-none-eabi/lib/thumb/v7e-m+fp/hard\libc_nano.a(libc_a-init.o)
                0x0800ab00                __libc_init_array
 .text.__retarget_lock_acquire_recursive
                0x0800ab48        0x2 C:/ST/STM32CubeIDE_2.0.0/STM32CubeIDE/plugins/com.st.stm32cube.ide.mcu.externaltools.gnu-tools-for-stm32.13.3.rel1.win32_1.0.100.202509120712/tools/bin/../lib/gcc/arm-none-eabi/13.3.1/../../../../arm-none-eabi/lib/thumb/v7e-m+fp/hard\libc_nano.a(libc_a-lock.o)
                0x0800ab48                __retarget_lock_acquire_recursive
 .text.__retarget_lock_release_recursive
                0x0800ab4a        0x2 C:/ST/STM32CubeIDE_2.0.0/STM32CubeIDE/plugins/com.st.stm32cube.ide.mcu.externaltools.gnu-tools-for-stm32.13.3.rel1.win32_1.0.100.202509120712/tools/bin/../lib/gcc/arm-none-eabi/13.3.1/../../../../arm-none-eabi/lib/thumb/v7e-m+fp/hard\libc_nano.a(libc_a-lock.o)
                0x0800ab4a                __retarget_lock_release_recursive
 .text.memcpy   0x0800ab4c       0x1c C:/ST/STM32CubeIDE_2.0.0/STM32CubeIDE/plugins/com.st.stm32cube.ide.mcu.externaltools.gnu-tools-for-stm32.13.3.rel1.win32_1.0.100.202509120712/tools/bin/../lib/gcc/arm-none-eabi/13.3.1/../../../../arm-none-eabi/lib/thumb/v7e-m+fp/hard\libc_nano.a(libc_a-memcpy-stub.o)
                0x0800ab4c                memcpy
 .text._free_r  0x0800ab68       0x94 C:/ST/STM32CubeIDE_2.0.0/STM32CubeIDE/plugins/com.st.stm32cube.ide.mcu.externaltools.gnu-tools-for-stm32.13.3.rel1.win32_1.0.100.202509120712/tools/bin/../lib/gcc/arm-none-eabi/13.3.1/../../../../arm-none-eabi/lib/thumb/v7e-m+fp/hard\libc_nano.a(libc_a-freer.o)
                0x0800ab68                _free_r
 .text.sbrk_aligned
                0x0800abfc       0x44 C:/ST/STM32CubeIDE_2.0.0/STM32CubeIDE/plugins/com.st.stm32cube.ide.mcu.externaltools.gnu-tools-for-stm32.13.3.rel1.win32_1.0.100.202509120712/tools/bin/../lib/gcc/arm-none-eabi/13.3.1/../../../../arm-none-eabi/lib/thumb/v7e-m+fp/hard\libc_nano.a(libc_a-mallocr.o)
 .text._malloc_r
                0x0800ac40      0x100 C:/ST/STM32CubeIDE_2.0.0/STM32CubeIDE/plugins/com.st.stm32cube.ide.mcu.externaltools.gnu-tools-for-stm32.13.3.rel1.win32_1.0.100.202509120712/tools/bin/../lib/gcc/arm-none-eabi/13.3.1/../../../../arm-none-eabi/lib/thumb/v7e-m+fp/hard\libc_nano.a(libc_a-mallocr.o)
                0x0800ac40                _malloc_r
 .text.__malloc_lock
                0x0800ad40        0xc C:/ST/STM32CubeIDE_2.0.0/STM32CubeIDE/plugins/com.st.stm32cube.ide.mcu.externaltools.gnu-tools-for-stm32.13.3.rel1.win32_1.0.100.202509120712/tools/bin/../lib/gcc/arm-none-eabi/13.3.1/../../../../arm-none-eabi/lib/thumb/v7e-m+fp/hard\libc_nano.a(libc_a-mlock.o)
                0x0800ad40                __malloc_lock
 .text.__malloc_unlock
                0x0800ad4c        0xc C:/ST/STM32CubeIDE_2.0.0/STM32CubeIDE/plugins/com.st.stm32cube.ide.mcu.externaltools.gnu-tools-for-stm32.13.3.rel1.win32_1.0.100.202509120712/tools/bin/../lib/gcc/arm-none-eabi/13.3.1/../../../../arm-none-eabi/lib/thumb/v7e-m+fp/hard\libc_nano.a(libc_a-mlock.o)
                0x0800ad4c                __malloc_unlock
 .text.__ssputs_r
                0x0800ad58       0xb6 C:/ST/STM32CubeIDE_2.0.0/STM32CubeIDE/plugins/com.st.stm32cube.ide.mcu.externaltools.gnu-tools-for-stm32.13.3.rel1.win32_1.0.100.202509120712/tools/bin/../lib/gcc/arm-none-eabi/13.3.1/../../../../arm-none-eabi/lib/thumb/v7e-m+fp/hard\libc_nano.a(libc_a-nano-svfprintf.o)
                0x0800ad58                __ssputs_r
 *fill*         0x0800ae0e        0x2 
 .text._svfprintf_r
                0x0800ae10      0x1f8 C:/ST/STM32CubeIDE_2.0.0/STM32CubeIDE/plugins/com.st.stm32cube.ide.mcu.externaltools.gnu-tools-for-stm32.13.3.rel1.win32_1.0.100.202509120712/tools/bin/../lib/gcc/arm-none-eabi/13.3.1/../../../../arm-none-eabi/lib/thumb/v7e-m+fp/hard\libc_nano.a(libc_a-nano-svfprintf.o)
                0x0800ae10                _svfiprintf_r
                0x0800ae10                _svfprintf_r
 .text._printf_common
                0x0800b008       0xda C:/ST/STM32CubeIDE_2.0.0/STM32CubeIDE/plugins/com.st.stm32cube.ide.mcu.externaltools.gnu-tools-for-stm32.13.3.rel1.win32_1.0.100.202509120712/tools/bin/../lib/gcc/arm-none-eabi/13.3.1/../../../../arm-none-eabi/lib/thumb/v7e-m+fp/hard\libc_nano.a(libc_a-nano-vfprintf_i.o)
                0x0800b008                _printf_common
 *fill*         0x0800b0e2        0x2 
 .text._printf_i
                0x0800b0e4      0x23c C:/ST/STM32CubeIDE_2.0.0/STM32CubeIDE/plugins/com.st.stm32cube.ide.mcu.externaltools.gnu-tools-for-stm32.13.3.rel1.win32_1.0.100.202509120712/tools/bin/../lib/gcc/arm-none-eabi/13.3.1/../../../../arm-none-eabi/lib/thumb/v7e-m+fp/hard\libc_nano.a(libc_a-nano-vfprintf_i.o)
                0x0800b0e4                _printf_i
 .text._sbrk_r  0x0800b320       0x20 C:/ST/STM32CubeIDE_2.0.0/STM32CubeIDE/plugins/com.st.stm32cube.ide.mcu.externaltools.gnu-tools-for-stm32.13.3.rel1.win32_1.0.100.202509120712/tools/bin/../lib/gcc/arm-none-eabi/13.3.1/../../../../arm-none-eabi/lib/thumb/v7e-m+fp/hard\libc_nano.a(libc_a-sbrkr.o)
                0x0800b320                _sbrk_r
 .text._realloc_r
                0x0800b340       0x5c C:/ST/STM32CubeIDE_2.0.0/STM32CubeIDE/plugins/com.st.stm32cube.ide.mcu.externaltools.gnu-tools-for-stm32.13.3.rel1.win32_1.0.100.202509120712/tools/bin/../lib/gcc/arm-none-eabi/13.3.1/../../../../arm-none-eabi/lib/thumb/v7e-m+fp/hard\libc_nano.a(libc_a-reallocr.o)
                0x0800b340                _realloc_r
 .text._malloc_usable_size_r
                0x0800b39c       0x10 C:/ST/STM32CubeIDE_2.0.0/STM32CubeIDE/plugins/com.st.stm32cube.ide.mcu.externaltools.gnu-tools-for-stm32.13.3.rel1.win32_1.0.100.202509120712/tools/bin/../lib/gcc/arm-none-eabi/13.3.1/../../../../arm-none-eabi/lib/thumb/v7e-m+fp/hard\libc_nano.a(libc_a-msizer.o)
                0x0800b39c                _malloc_usable_size_r
 *(.glue_7)
 .glue_7        0x0800b3ac        0x0 linker stubs
 *(.glue_7t)
 .glue_7t       0x0800b3ac        0x0 linker stubs
 *(.eh_frame)
 .eh_frame      0x0800b3ac        0x0 C:/ST/STM32CubeIDE_2.0.0/STM32CubeIDE/plugins/com.st.stm32cube.ide.mcu.externaltools.gnu-tools-for-stm32.13.3.rel1.win32_1.0.100.202509120712/tools/bin/../lib/gcc/arm-none-eabi/13.3.1/thumb/v7e-m+fp/hard/crtbegin.o
 *(.init)
 .init          0x0800b3ac        0x4 C:/ST/STM32CubeIDE_2.0.0/STM32CubeIDE/plugins/com.st.stm32cube.ide.mcu.externaltools.gnu-tools-for-stm32.13.3.rel1.win32_1.0.100.202509120712/tools/bin/../lib/gcc/arm-none-eabi/13.3.1/thumb/v7e-m+fp/hard/crti.o
                0x0800b3ac                _init
 .init          0x0800b3b0        0x8 C:/ST/STM32CubeIDE_2.0.0/STM32CubeIDE/plugins/com.st.stm32cube.ide.mcu.externaltools.gnu-tools-for-stm32.13.3.rel1.win32_1.0.100.202509120712/tools/bin/../lib/gcc/arm-none-eabi/13.3.1/thumb/v7e-m+fp/hard/crtn.o
 *(.fini)
 .fini          0x0800b3b8        0x4 C:/ST/STM32CubeIDE_2.0.0/STM32CubeIDE/plugins/com.st.stm32cube.ide.mcu.externaltools.gnu-tools-for-stm32.13.3.rel1.win32_1.0.100.202509120712/tools/bin/../lib/gcc/arm-none-eabi/13.3.1/thumb/v7e-m+fp/hard/crti.o
                0x0800b3b8                _fini
 .fini          0x0800b3bc        0x8 C:/ST/STM32CubeIDE_2.0.0/STM32CubeIDE/plugins/com.st.stm32cube.ide.mcu.externaltools.gnu-tools-for-stm32.13.3.rel1.win32_1.0.100.202509120712/tools/bin/../lib/gcc/arm-none-eabi/13.3.1/thumb/v7e-m+fp/hard/crtn.o
                0x0800b3c4                        . = ALIGN (0x4)
                0x0800b3c4                        _etext = .

.vfp11_veneer   0x0800b3c4        0x0
 .vfp11_veneer  0x0800b3c4        0x0 linker stubs

.v4_bx          0x0800b3c4        0x0
 .v4_bx         0x0800b3c4        0x0 linker stubs

.iplt           0x0800b3c4        0x0
 .iplt          0x0800b3c4        0x0 C:/ST/STM32CubeIDE_2.0.0/STM32CubeIDE/plugins/com.st.stm32cube.ide.mcu.externaltools.gnu-tools-for-stm32.13.3.rel1.win32_1.0.100.202509120712/tools/bin/../lib/gcc/arm-none-eabi/13.3.1/thumb/v7e-m+fp/hard/crtbegin.o

.rodata         0x0800b3c4     0x156c
                0x0800b3c4                        . = ALIGN (0x4)
 *(.rodata)
 .rodata        0x0800b3c4      0xbd5 ./App/cmd_line_task/cli_command.o
 *fill*         0x0800bf99        0x3 
 .rodata        0x0800bf9c       0x22 ./App/cmd_line_task/xbee_cmd_task.o
 *fill*         0x0800bfbe        0x2 
 .rodata        0x0800bfc0      0x1ea ./App/fsp_line_task/fsp_frame.o
 *fill*         0x0800c1aa        0x2 
 .rodata        0x0800c1ac        0x9 ./App/fsp_line_task/fsp_line_task.o
 *fill*         0x0800c1b5        0x3 
 .rodata        0x0800c1b8       0x44 ./App/impedance_task/impedance_task.o
 .rodata        0x0800c1fc        0x3 ./MyDRV/cli/CLI_Setup/cli_setup.o
 *fill*         0x0800c1ff        0x1 
 .rodata        0x0800c200       0xf2 ./MyDRV/cli/CLI_Src/embedded_cli.o
 *(.rodata*)
 *fill*         0x0800c2f2        0x2 
 .rodata.cliStaticBindings_internal
                0x0800c2f4      0x450 ./App/cmd_line_task/cli_command.o
 .rodata.STREAM_OFFSET_TAB
                0x0800c744        0x8 ./Core/Src/main.o
 .rodata.OFFSET_TAB_CCMRx
                0x0800c74c        0x7 ./Core/Src/main.o
 *fill*         0x0800c753        0x1 
 .rodata.SHIFT_TAB_OCxx
                0x0800c754        0x7 ./Core/Src/main.o
 *fill*         0x0800c75b        0x1 
 .rodata.AHBPrescTable
                0x0800c75c       0x10 ./Core/Src/system_stm32f4xx.o
                0x0800c75c                AHBPrescTable
 .rodata.APBPrescTable
                0x0800c76c        0x8 ./Core/Src/system_stm32f4xx.o
                0x0800c76c                APBPrescTable
 .rodata.STREAM_OFFSET_TAB
                0x0800c774        0x8 ./MyDRV/H_switch/h_bridge_driver.o
 .rodata.HB_POLES
                0x0800c77c       0x60 ./MyDRV/H_switch/h_bridge_driver.o
                0x0800c77c                HB_POLES
 .rodata.STREAM_OFFSET_TAB
                0x0800c7dc        0x8 ./MyDRV/V_switch/vswitch.o
 .rodata.OFFSET_TAB_CCMRx
                0x0800c7e4        0x7 ./MyDRV/V_switch/vswitch.o
 *fill*         0x0800c7eb        0x1 
 .rodata.SHIFT_TAB_OCxx
                0x0800c7ec        0x7 ./MyDRV/V_switch/vswitch.o
 *fill*         0x0800c7f3        0x1 
 .rodata.SHIFT_TAB_CCxP
                0x0800c7f4        0x7 ./MyDRV/V_switch/vswitch.o
 .rodata._ctype_
                0x0800c7fb      0x101 C:/ST/STM32CubeIDE_2.0.0/STM32CubeIDE/plugins/com.st.stm32cube.ide.mcu.externaltools.gnu-tools-for-stm32.13.3.rel1.win32_1.0.100.202509120712/tools/bin/../lib/gcc/arm-none-eabi/13.3.1/../../../../arm-none-eabi/lib/thumb/v7e-m+fp/hard\libc_nano.a(libc_a-ctype_.o)
                0x0800c7fb                _ctype_
 .rodata._svfprintf_r.str1.1
                0x0800c8fc       0x33 C:/ST/STM32CubeIDE_2.0.0/STM32CubeIDE/plugins/com.st.stm32cube.ide.mcu.externaltools.gnu-tools-for-stm32.13.3.rel1.win32_1.0.100.202509120712/tools/bin/../lib/gcc/arm-none-eabi/13.3.1/../../../../arm-none-eabi/lib/thumb/v7e-m+fp/hard\libc_nano.a(libc_a-nano-svfprintf.o)
                                 0x11 (size before relaxing)
 .rodata._printf_i.str1.1
                0x0800c92f        0x0 C:/ST/STM32CubeIDE_2.0.0/STM32CubeIDE/plugins/com.st.stm32cube.ide.mcu.externaltools.gnu-tools-for-stm32.13.3.rel1.win32_1.0.100.202509120712/tools/bin/../lib/gcc/arm-none-eabi/13.3.1/../../../../arm-none-eabi/lib/thumb/v7e-m+fp/hard\libc_nano.a(libc_a-nano-vfprintf_i.o)
                                 0x22 (size before relaxing)
                0x0800c930                        . = ALIGN (0x4)
 *fill*         0x0800c92f        0x1 

.ARM.extab      0x0800c930        0x0
                0x0800c930                        . = ALIGN (0x4)
 *(.ARM.extab* .gnu.linkonce.armextab.*)
                0x0800c930                        . = ALIGN (0x4)

.ARM            0x0800c930        0x8
                0x0800c930                        . = ALIGN (0x4)
                0x0800c930                        __exidx_start = .
 *(.ARM.exidx*)
 .ARM.exidx     0x0800c930        0x8 C:/ST/STM32CubeIDE_2.0.0/STM32CubeIDE/plugins/com.st.stm32cube.ide.mcu.externaltools.gnu-tools-for-stm32.13.3.rel1.win32_1.0.100.202509120712/tools/bin/../lib/gcc/arm-none-eabi/13.3.1/../../../../arm-none-eabi/lib/thumb/v7e-m+fp/hard\libc_nano.a(libc_a-strcmp.o)
 .ARM.exidx     0x0800c938        0x0 C:/ST/STM32CubeIDE_2.0.0/STM32CubeIDE/plugins/com.st.stm32cube.ide.mcu.externaltools.gnu-tools-for-stm32.13.3.rel1.win32_1.0.100.202509120712/tools/bin/../lib/gcc/arm-none-eabi/13.3.1/../../../../arm-none-eabi/lib/thumb/v7e-m+fp/hard\libc_nano.a(libc_a-strlen.o)
                                  0x8 (size before relaxing)
 .ARM.exidx     0x0800c938        0x0 C:/ST/STM32CubeIDE_2.0.0/STM32CubeIDE/plugins/com.st.stm32cube.ide.mcu.externaltools.gnu-tools-for-stm32.13.3.rel1.win32_1.0.100.202509120712/tools/bin/../lib/gcc/arm-none-eabi/13.3.1/../../../../arm-none-eabi/lib/thumb/v7e-m+fp/hard\libc_nano.a(libc_a-memchr.o)
                                  0x8 (size before relaxing)
 .ARM.exidx     0x0800c938        0x0 C:/ST/STM32CubeIDE_2.0.0/STM32CubeIDE/plugins/com.st.stm32cube.ide.mcu.externaltools.gnu-tools-for-stm32.13.3.rel1.win32_1.0.100.202509120712/tools/bin/../lib/gcc/arm-none-eabi/13.3.1/thumb/v7e-m+fp/hard\libgcc.a(_udivmoddi4.o)
                                  0x8 (size before relaxing)
                0x0800c938                        __exidx_end = .
                0x0800c938                        . = ALIGN (0x4)

.preinit_array  0x0800c938        0x0
                0x0800c938                        . = ALIGN (0x4)
                0x0800c938                        PROVIDE (__preinit_array_start = .)
 *(.preinit_array*)
                0x0800c938                        PROVIDE (__preinit_array_end = .)
                0x0800c938                        . = ALIGN (0x4)

.init_array     0x0800c938        0x4
                0x0800c938                        . = ALIGN (0x4)
                0x0800c938                        PROVIDE (__init_array_start = .)
 *(SORT_BY_NAME(.init_array.*))
 *(.init_array*)
 .init_array    0x0800c938        0x4 C:/ST/STM32CubeIDE_2.0.0/STM32CubeIDE/plugins/com.st.stm32cube.ide.mcu.externaltools.gnu-tools-for-stm32.13.3.rel1.win32_1.0.100.202509120712/tools/bin/../lib/gcc/arm-none-eabi/13.3.1/thumb/v7e-m+fp/hard/crtbegin.o
                0x0800c93c                        PROVIDE (__init_array_end = .)
                0x0800c93c                        . = ALIGN (0x4)

.fini_array     0x0800c93c        0x4
                0x0800c93c                        . = ALIGN (0x4)
                [!provide]                        PROVIDE (__fini_array_start = .)
 *(SORT_BY_NAME(.fini_array.*))
 *(.fini_array*)
 .fini_array    0x0800c93c        0x4 C:/ST/STM32CubeIDE_2.0.0/STM32CubeIDE/plugins/com.st.stm32cube.ide.mcu.externaltools.gnu-tools-for-stm32.13.3.rel1.win32_1.0.100.202509120712/tools/bin/../lib/gcc/arm-none-eabi/13.3.1/thumb/v7e-m+fp/hard/crtbegin.o
                [!provide]                        PROVIDE (__fini_array_end = .)
                0x0800c940                        . = ALIGN (0x4)
                0x0800c940                        _sidata = LOADADDR (.data)

.rel.dyn        0x0800c940        0x0
 .rel.iplt      0x0800c940        0x0 C:/ST/STM32CubeIDE_2.0.0/STM32CubeIDE/plugins/com.st.stm32cube.ide.mcu.externaltools.gnu-tools-for-stm32.13.3.rel1.win32_1.0.100.202509120712/tools/bin/../lib/gcc/arm-none-eabi/13.3.1/thumb/v7e-m+fp/hard/crtbegin.o

.data           0x20000000      0x13c load address 0x0800c940
                0x20000000                        . = ALIGN (0x4)
                0x20000000                        _sdata = .
 *(.data)
 *(.data*)
 .data.default_sequence
                0x20000000       0x20 ./App/H_bridge_task/h_bridge_task.o
 .data.g_ui32SchedulerNumTasks
                0x20000020        0x4 ./App/app.o
                0x20000020                g_ui32SchedulerNumTasks
 .data.g_psSchedulerTable
                0x20000024       0x78 ./App/app.o
                0x20000024                g_psSchedulerTable
 .data.ChannelMapping
                0x2000009c        0x8 ./App/cmd_line_task/cli_command.o
 .data.ps_FSP_TX
                0x200000a4        0x4 ./App/fsp_line_task/fsp_line_task.o
                0x200000a4                ps_FSP_TX
 .data.ps_FSP_RX
                0x200000a8        0x4 ./App/fsp_line_task/fsp_line_task.o
                0x200000a8                ps_FSP_RX
 .data.im_time_out
                0x200000ac        0x4 ./App/impedance_task/impedance_task.o
                0x200000ac                im_time_out
 .data.voltage_range_array
                0x200000b0        0xa ./App/impedance_task/impedance_task.o
 *fill*         0x200000ba        0x2 
 .data.impedance_range_array
                0x200000bc        0xa ./App/impedance_task/impedance_task.o
 *fill*         0x200000c6        0x2 
 .data.SystemCoreClock
                0x200000c8        0x4 ./Core/Src/system_stm32f4xx.o
                0x200000c8                SystemCoreClock
 .data.lineBreak
                0x200000cc        0x4 ./MyDRV/cli/CLI_Src/embedded_cli.o
 .data.escSeqCursorRight
                0x200000d0        0x4 ./MyDRV/cli/CLI_Src/embedded_cli.o
 .data.escSeqCursorLeft
                0x200000d4        0x4 ./MyDRV/cli/CLI_Src/embedded_cli.o
 .data.escSeqCursorSave
                0x200000d8        0x4 ./MyDRV/cli/CLI_Src/embedded_cli.o
 .data.escSeqCursorRestore
                0x200000dc        0x4 ./MyDRV/cli/CLI_Src/embedded_cli.o
 .data.escSeqInsertChar
                0x200000e0        0x4 ./MyDRV/cli/CLI_Src/embedded_cli.o
 .data.escSeqDeleteChar
                0x200000e4        0x4 ./MyDRV/cli/CLI_Src/embedded_cli.o
 .data.SchedulerTickPerSecond
                0x200000e8        0x4 ./MyDRV/scheduler/scheduler.o
 .data._impure_ptr
                0x200000ec        0x4 C:/ST/STM32CubeIDE_2.0.0/STM32CubeIDE/plugins/com.st.stm32cube.ide.mcu.externaltools.gnu-tools-for-stm32.13.3.rel1.win32_1.0.100.202509120712/tools/bin/../lib/gcc/arm-none-eabi/13.3.1/../../../../arm-none-eabi/lib/thumb/v7e-m+fp/hard\libc_nano.a(libc_a-impure.o)
                0x200000ec                _impure_ptr
 .data._impure_data
                0x200000f0       0x4c C:/ST/STM32CubeIDE_2.0.0/STM32CubeIDE/plugins/com.st.stm32cube.ide.mcu.externaltools.gnu-tools-for-stm32.13.3.rel1.win32_1.0.100.202509120712/tools/bin/../lib/gcc/arm-none-eabi/13.3.1/../../../../arm-none-eabi/lib/thumb/v7e-m+fp/hard\libc_nano.a(libc_a-impure.o)
                0x200000f0                _impure_data
 *(.RamFunc)
 *(.RamFunc*)
                0x2000013c                        . = ALIGN (0x4)
                0x2000013c                        _edata = .
                0x0800ca7c                        _siccmram = LOADADDR (.ccmram)

.igot.plt       0x2000013c        0x0 load address 0x0800ca7c
 .igot.plt      0x2000013c        0x0 C:/ST/STM32CubeIDE_2.0.0/STM32CubeIDE/plugins/com.st.stm32cube.ide.mcu.externaltools.gnu-tools-for-stm32.13.3.rel1.win32_1.0.100.202509120712/tools/bin/../lib/gcc/arm-none-eabi/13.3.1/thumb/v7e-m+fp/hard/crtbegin.o

.ccmram         0x10000000        0x0 load address 0x0800ca7c
                0x10000000                        . = ALIGN (0x4)
                0x10000000                        _sccmram = .
 *(.ccmram)
 *(.ccmram*)
                0x10000000                        . = ALIGN (0x4)
                0x10000000                        _eccmram = .
                0x10000000                        . = ALIGN (0x4)

.bss            0x20000140     0x7b38
                0x20000140                        _sbss = .
                0x20000140                        __bss_start__ = _sbss
 *(.bss)
 .bss           0x20000140       0x1c C:/ST/STM32CubeIDE_2.0.0/STM32CubeIDE/plugins/com.st.stm32cube.ide.mcu.externaltools.gnu-tools-for-stm32.13.3.rel1.win32_1.0.100.202509120712/tools/bin/../lib/gcc/arm-none-eabi/13.3.1/thumb/v7e-m+fp/hard/crtbegin.o
 *(.bss*)
 .bss.is_h_bridge_enable
                0x2000015c        0x1 ./App/H_bridge_task/h_bridge_task.o
                0x2000015c                is_h_bridge_enable
 *fill*         0x2000015d        0x3 
 .bss.Sequence_List
                0x20000160      0x140 ./App/H_bridge_task/h_bridge_task.o
                0x20000160                Sequence_List
 .bss.total_active_sequences
                0x200002a0        0x1 ./App/H_bridge_task/h_bridge_task.o
                0x200002a0                total_active_sequences
 .bss.H_Bridge_State
                0x200002a1        0x1 ./App/H_bridge_task/h_bridge_task.o
                0x200002a1                H_Bridge_State
 .bss.current_HB_sequence_index
                0x200002a2        0x1 ./App/H_bridge_task/h_bridge_task.o
 *fill*         0x200002a3        0x1 
 .bss.current_seq
                0x200002a4       0x20 ./App/H_bridge_task/h_bridge_task.o
 .bss.vom_spi_tx_buffer
                0x200002c4        0xa ./App/VOM_Task/vom_task.o
                0x200002c4                vom_spi_tx_buffer
 *fill*         0x200002ce        0x2 
 .bss.vom_spi_rx_buffer
                0x200002d0        0xa ./App/VOM_Task/vom_task.o
                0x200002d0                vom_spi_rx_buffer
 *fill*         0x200002da        0x2 
 .bss.vom_spi   0x200002dc       0x30 ./App/VOM_Task/vom_task.o
                0x200002dc                vom_spi
 *fill*         0x2000030c        0x4 
 .bss.vom_ina229_dev
                0x20000310       0x10 ./App/VOM_Task/vom_task.o
                0x20000310                vom_ina229_dev
 .bss.vom_data  0x20000320       0x38 ./App/VOM_Task/vom_task.o
                0x20000320                vom_data
 .bss.test      0x20000358        0x4 ./App/app.o
                0x20000358                test
 .bss.CMD_sequence_index
                0x2000035c        0x1 ./App/cmd_line_task/cli_command.o
                0x2000035c                CMD_sequence_index
 .bss.is_measure_volt_notify_enable
                0x2000035d        0x1 ./App/cmd_line_task/cli_command.o
                0x2000035d                is_measure_volt_notify_enable
 *fill*         0x2000035e        0x2 
 .bss.CMD_line_handle
                0x20000360        0x4 ./App/cmd_line_task/xbee_cmd_task.o
                0x20000360                CMD_line_handle
 .bss.XBEE_UART
                0x20000364       0x6c ./App/cmd_line_task/xbee_cmd_task.o
                0x20000364                XBEE_UART
 .bss.g_XBEE_UART_TX_buffer
                0x200003d0      0x200 ./App/cmd_line_task/xbee_cmd_task.o
                0x200003d0                g_XBEE_UART_TX_buffer
 .bss.g_XBEE_UART_RX_buffer
                0x200005d0      0x200 ./App/cmd_line_task/xbee_cmd_task.o
                0x200005d0                g_XBEE_UART_RX_buffer
 .bss.g_XBEE_CMD_line_buffer
                0x200007d0      0x800 ./App/cmd_line_task/xbee_cmd_task.o
                0x200007d0                g_XBEE_CMD_line_buffer
 .bss.p_XBEE_CLI
                0x20000fd0        0x4 ./App/cmd_line_task/xbee_cmd_task.o
                0x20000fd0                p_XBEE_CLI
 .bss.GPC_UART  0x20000fd4       0x6c ./App/fsp_line_task/fsp_line_task.o
                0x20000fd4                GPC_UART
 .bss.g_GPC_UART_TX_buffer
                0x20001040       0x80 ./App/fsp_line_task/fsp_line_task.o
                0x20001040                g_GPC_UART_TX_buffer
 .bss.g_GPC_UART_RX_buffer
                0x200010c0       0x80 ./App/fsp_line_task/fsp_line_task.o
                0x200010c0                g_GPC_UART_RX_buffer
 .bss.s_FSP_TX_Packet
                0x20001140      0x102 ./App/fsp_line_task/fsp_line_task.o
                0x20001140                s_FSP_TX_Packet
 *fill*         0x20001242        0x2 
 .bss.s_FSP_RX_Packet
                0x20001244      0x102 ./App/fsp_line_task/fsp_line_task.o
                0x20001244                s_FSP_RX_Packet
 *fill*         0x20001346        0x2 
 .bss.FSP_line  0x20001348        0xc ./App/fsp_line_task/fsp_line_task.o
                0x20001348                FSP_line
 .bss.g_FSP_line_buffer
                0x20001354       0x80 ./App/fsp_line_task/fsp_line_task.o
                0x20001354                g_FSP_line_buffer
 .bss.is_impedance_task_enable
                0x200013d4        0x1 ./App/impedance_task/impedance_task.o
                0x200013d4                is_impedance_task_enable
 .bss.impedance_task_state
                0x200013d5        0x1 ./App/impedance_task/impedance_task.o
                0x200013d5                impedance_task_state
 .bss.impedance_task_volt_charged
                0x200013d6        0x2 ./App/impedance_task/impedance_task.o
                0x200013d6                impedance_task_volt_charged
 .bss.impedance_select_pole
                0x200013d8        0x2 ./App/impedance_task/impedance_task.o
                0x200013d8                impedance_select_pole
 .bss.voltage_range_count
                0x200013da        0x1 ./App/impedance_task/impedance_task.o
 *fill*         0x200013db        0x1 
 .bss.impedance_range_count
                0x200013dc        0x2 ./App/impedance_task/impedance_task.o
 *fill*         0x200013de        0x2 
 .bss.__sbrk_heap_end
                0x200013e0        0x4 ./Core/Src/sysmem.o
 .bss.arr_buf   0x200013e4     0x3200 ./MyDRV/H_switch/h_bridge_driver.o
                0x200013e4                arr_buf
 .bss.gpio_buf  0x200045e4     0x3200 ./MyDRV/H_switch/h_bridge_driver.o
                0x200045e4                gpio_buf
 .bss.is_sequence_arr_done
                0x200077e4        0x1 ./MyDRV/H_switch/h_bridge_driver.o
 .bss.is_sequence_bsrr_done
                0x200077e5        0x1 ./MyDRV/H_switch/h_bridge_driver.o
 .bss.event_count
                0x200077e6        0x2 ./MyDRV/H_switch/h_bridge_driver.o
                0x200077e6                event_count
 .bss.arr_channel_buf
                0x200077e8      0x190 ./MyDRV/V_switch/vswitch.o
                0x200077e8                arr_channel_buf
 .bss.gpio_channel_buf
                0x20007978      0x190 ./MyDRV/V_switch/vswitch.o
                0x20007978                gpio_channel_buf
 .bss.is_vs_sequence_done
                0x20007b08        0x1 ./MyDRV/V_switch/vswitch.o
 *fill*         0x20007b09        0x1 
 .bss.vs_event_count
                0x20007b0a        0x2 ./MyDRV/V_switch/vswitch.o
                0x20007b0a                vs_event_count
 .bss.defaultConfig
                0x20007b0c       0x1c ./MyDRV/cli/CLI_Src/embedded_cli.o
 .bss.fsp_my_adr
                0x20007b28        0x1 ./MyDRV/fsp/fsp.o
                0x20007b28                fsp_my_adr
 *fill*         0x20007b29        0x3 
 .bss.g_ui32SchedulerTickCount
                0x20007b2c        0x4 ./MyDRV/scheduler/scheduler.o
 .bss.__sf      0x20007b30      0x138 C:/ST/STM32CubeIDE_2.0.0/STM32CubeIDE/plugins/com.st.stm32cube.ide.mcu.externaltools.gnu-tools-for-stm32.13.3.rel1.win32_1.0.100.202509120712/tools/bin/../lib/gcc/arm-none-eabi/13.3.1/../../../../arm-none-eabi/lib/thumb/v7e-m+fp/hard\libc_nano.a(libc_a-findfp.o)
                0x20007b30                __sf
 .bss.errno     0x20007c68        0x4 C:/ST/STM32CubeIDE_2.0.0/STM32CubeIDE/plugins/com.st.stm32cube.ide.mcu.externaltools.gnu-tools-for-stm32.13.3.rel1.win32_1.0.100.202509120712/tools/bin/../lib/gcc/arm-none-eabi/13.3.1/../../../../arm-none-eabi/lib/thumb/v7e-m+fp/hard\libc_nano.a(libc_a-reent.o)
                0x20007c68                errno
 .bss.__lock___malloc_recursive_mutex
                0x20007c6c        0x1 C:/ST/STM32CubeIDE_2.0.0/STM32CubeIDE/plugins/com.st.stm32cube.ide.mcu.externaltools.gnu-tools-for-stm32.13.3.rel1.win32_1.0.100.202509120712/tools/bin/../lib/gcc/arm-none-eabi/13.3.1/../../../../arm-none-eabi/lib/thumb/v7e-m+fp/hard\libc_nano.a(libc_a-lock.o)
                0x20007c6c                __lock___malloc_recursive_mutex
 *fill*         0x20007c6d        0x3 
 .bss.__malloc_sbrk_start
                0x20007c70        0x4 C:/ST/STM32CubeIDE_2.0.0/STM32CubeIDE/plugins/com.st.stm32cube.ide.mcu.externaltools.gnu-tools-for-stm32.13.3.rel1.win32_1.0.100.202509120712/tools/bin/../lib/gcc/arm-none-eabi/13.3.1/../../../../arm-none-eabi/lib/thumb/v7e-m+fp/hard\libc_nano.a(libc_a-mallocr.o)
                0x20007c70                __malloc_sbrk_start
 .bss.__malloc_free_list
                0x20007c74        0x4 C:/ST/STM32CubeIDE_2.0.0/STM32CubeIDE/plugins/com.st.stm32cube.ide.mcu.externaltools.gnu-tools-for-stm32.13.3.rel1.win32_1.0.100.202509120712/tools/bin/../lib/gcc/arm-none-eabi/13.3.1/../../../../arm-none-eabi/lib/thumb/v7e-m+fp/hard\libc_nano.a(libc_a-mallocr.o)
                0x20007c74                __malloc_free_list
 *(COMMON)
                0x20007c78                        . = ALIGN (0x4)
                0x20007c78                        _ebss = .
                0x20007c78                        __bss_end__ = _ebss

._user_heap_stack
                0x20007c78      0x600
                0x20007c78                        . = ALIGN (0x8)
                [!provide]                        PROVIDE (end = .)
                0x20007c78                        PROVIDE (_end = .)
                0x20007e78                        . = (. + _Min_Heap_Size)
 *fill*         0x20007c78      0x200 
                0x20008278                        . = (. + _Min_Stack_Size)
 *fill*         0x20007e78      0x400 
                0x20008278                        . = ALIGN (0x8)

/DISCARD/
 libc.a(*)
 libm.a(*)
 libgcc.a(*)

.ARM.attributes
                0x00000000       0x30
 *(.ARM.attributes)
 .ARM.attributes
                0x00000000       0x22 C:/ST/STM32CubeIDE_2.0.0/STM32CubeIDE/plugins/com.st.stm32cube.ide.mcu.externaltools.gnu-tools-for-stm32.13.3.rel1.win32_1.0.100.202509120712/tools/bin/../lib/gcc/arm-none-eabi/13.3.1/thumb/v7e-m+fp/hard/crti.o
 .ARM.attributes
                0x00000022       0x34 C:/ST/STM32CubeIDE_2.0.0/STM32CubeIDE/plugins/com.st.stm32cube.ide.mcu.externaltools.gnu-tools-for-stm32.13.3.rel1.win32_1.0.100.202509120712/tools/bin/../lib/gcc/arm-none-eabi/13.3.1/thumb/v7e-m+fp/hard/crtbegin.o
 .ARM.attributes
                0x00000056       0x34 ./App/H_bridge_task/h_bridge_task.o
 .ARM.attributes
                0x0000008a       0x34 ./App/VOM_Task/vom_task.o
 .ARM.attributes
                0x000000be       0x34 ./App/app.o
 .ARM.attributes
                0x000000f2       0x34 ./App/cmd_line_task/cli_command.o
 .ARM.attributes
                0x00000126       0x34 ./App/cmd_line_task/xbee_cmd_task.o
 .ARM.attributes
                0x0000015a       0x34 ./App/fsp_line_task/fsp_frame.o
 .ARM.attributes
                0x0000018e       0x34 ./App/fsp_line_task/fsp_line_task.o
 .ARM.attributes
                0x000001c2       0x34 ./App/impedance_task/impedance_task.o
 .ARM.attributes
                0x000001f6       0x34 ./Core/Src/main.o
 .ARM.attributes
                0x0000022a       0x34 ./Core/Src/stm32f4xx_it.o
 .ARM.attributes
                0x0000025e       0x34 ./Core/Src/sysmem.o
 .ARM.attributes
                0x00000292       0x34 ./Core/Src/system_stm32f4xx.o
 .ARM.attributes
                0x000002c6       0x21 ./Core/Startup/startup_stm32f405rgtx.o
 .ARM.attributes
                0x000002e7       0x34 ./Drivers/STM32F4xx_HAL_Driver/Src/stm32f4xx_ll_gpio.o
 .ARM.attributes
                0x0000031b       0x34 ./Drivers/STM32F4xx_HAL_Driver/Src/stm32f4xx_ll_rcc.o
 .ARM.attributes
                0x0000034f       0x34 ./Drivers/STM32F4xx_HAL_Driver/Src/stm32f4xx_ll_spi.o
 .ARM.attributes
                0x00000383       0x34 ./Drivers/STM32F4xx_HAL_Driver/Src/stm32f4xx_ll_tim.o
 .ARM.attributes
                0x000003b7       0x34 ./Drivers/STM32F4xx_HAL_Driver/Src/stm32f4xx_ll_usart.o
 .ARM.attributes
                0x000003eb       0x34 ./Drivers/STM32F4xx_HAL_Driver/Src/stm32f4xx_ll_utils.o
 .ARM.attributes
                0x0000041f       0x34 ./MyDRV/Device/INA229/INA229.o
 .ARM.attributes
                0x00000453       0x34 ./MyDRV/H_switch/h_bridge_driver.o
 .ARM.attributes
                0x00000487       0x34 ./MyDRV/V_switch/vswitch.o
 .ARM.attributes
                0x000004bb       0x34 ./MyDRV/cli/CLI_Setup/cli_setup.o
 .ARM.attributes
                0x000004ef       0x34 ./MyDRV/cli/CLI_Src/embedded_cli.o
 .ARM.attributes
                0x00000523       0x34 ./MyDRV/fsp/crc16.o
 .ARM.attributes
                0x00000557       0x34 ./MyDRV/fsp/fsp.o
 .ARM.attributes
                0x0000058b       0x34 ./MyDRV/scheduler/scheduler.o
 .ARM.attributes
                0x000005bf       0x34 ./MyDRV/spi/spi.o
 .ARM.attributes
                0x000005f3       0x34 ./MyDRV/uart/ring_buffer.o
 .ARM.attributes