../Drivers/CMSIS/Include/core_cm4.h:1938:34:__NVIC_SystemReset	4	static,ignoring_inline_asm
../App/cmd_line_task/cli_command.c:120:13:CMD_SET_CAP_VOLT_ALL	32	static
../App/cmd_line_task/cli_command.c:159:13:CMD_SET_CAP_VOLT_HV	32	static
../App/cmd_line_task/cli_command.c:189:13:CMD_SET_CAP_VOLT_LV	32	static
../App/cmd_line_task/cli_command.c:219:13:CMD_SET_CAP_CONTROL	32	static
../App/cmd_line_task/cli_command.c:255:13:CMD_SET_CAP_RELEASE	32	static
../App/cmd_line_task/cli_command.c:292:13:CMD_GET_CAP_VOLT	32	static
../App/cmd_line_task/cli_command.c:308:13:CMD_GET_CAP_CONTROL	32	static
../App/cmd_line_task/cli_command.c:324:13:CMD_GET_CAP_RELEASE	32	static
../App/cmd_line_task/cli_command.c:340:13:CMD_GET_CAP_ALL	32	static
../App/cmd_line_task/cli_command.c:357:13:CMD_MEASURE_VOLT	32	static
../App/cmd_line_task/cli_command.c:376:13:CMD_SET_SEQUENCE_INDEX	96	static
../App/cmd_line_task/cli_command.c:411:13:CMD_SET_SEQUENCE_DELETE	32	static
../App/cmd_line_task/cli_command.c:425:13:CMD_SET_SEQUENCE_CONFIRM	32	static
../App/cmd_line_task/cli_command.c:439:13:CMD_SET_SEQUENCE_DELAY	32	static
../App/cmd_line_task/cli_command.c:459:13:CMD_SET_PULSE_POLE	32	static
../App/cmd_line_task/cli_command.c:484:13:CMD_SET_PULSE_COUNT	48	static
../App/cmd_line_task/cli_command.c:519:13:CMD_SET_PULSE_DELAY	40	static
../App/cmd_line_task/cli_command.c:548:13:CMD_SET_PULSE_HV_POS	40	static
../App/cmd_line_task/cli_command.c:584:13:CMD_SET_PULSE_HV_NEG	40	static
../App/cmd_line_task/cli_command.c:619:13:CMD_SET_PULSE_LV_POS	40	static
../App/cmd_line_task/cli_command.c:654:13:CMD_SET_PULSE_LV_NEG	40	static
../App/cmd_line_task/cli_command.c:689:13:CMD_SET_PULSE_CONTROL	32	static
../App/cmd_line_task/cli_command.c:728:13:CMD_ClearCLI	40	static
../App/cmd_line_task/cli_command.c:734:13:CMD_Reset	24	static
../App/cmd_line_task/cli_command.c:740:13:fsp_print	48	static
../App/cmd_line_task/cli_command.c:757:26:getCliStaticBindings	4	static
../App/cmd_line_task/cli_command.c:761:10:getCliStaticBindingCount	4	static
