../Drivers/CMSIS/Include/core_cm4.h:1938:34:__NVIC_SystemReset	4	static,ignoring_inline_asm
../App/cmd_line_task/cli_command.c:105:13:CMD_ClearCLI	40	static
../App/cmd_line_task/cli_command.c:111:13:CMD_Reset	24	static
../App/cmd_line_task/cli_command.c:116:13:CMD_SET_SEQUENCE_INDEX	96	static
../App/cmd_line_task/cli_command.c:151:13:CMD_SET_SEQUENCE_DELETE	32	static
../App/cmd_line_task/cli_command.c:165:13:CMD_SET_SEQUENCE_CONFIRM	32	static
../App/cmd_line_task/cli_command.c:179:13:CMD_SET_SEQUENCE_DELAY	32	static
../App/cmd_line_task/cli_command.c:199:13:CMD_SET_PULSE_POLE	32	static
../App/cmd_line_task/cli_command.c:224:13:CMD_SET_PULSE_COUNT	48	static
../App/cmd_line_task/cli_command.c:259:13:CMD_SET_PULSE_DELAY	40	static
../App/cmd_line_task/cli_command.c:288:13:CMD_SET_PULSE_HV_POS	40	static
../App/cmd_line_task/cli_command.c:324:13:CMD_SET_PULSE_HV_NEG	40	static
../App/cmd_line_task/cli_command.c:359:13:CMD_SET_PULSE_LV_POS	40	static
../App/cmd_line_task/cli_command.c:394:13:CMD_SET_PULSE_LV_NEG	40	static
../App/cmd_line_task/cli_command.c:429:13:CMD_SET_PULSE_CONTROL	32	static
../App/cmd_line_task/cli_command.c:1286:13:double_to_string	56	static
../App/cmd_line_task/cli_command.c:1325:26:getCliStaticBindings	4	static
../App/cmd_line_task/cli_command.c:1329:10:getCliStaticBindingCount	4	static
