../Drivers/CMSIS/Include/core_cm4.h:1938:34:__NVIC_SystemReset	4	static,ignoring_inline_asm
../App/cmd_line_task/cli_command.c:128:13:CMD_SET_CAP_VOLT_ALL	32	static
../App/cmd_line_task/cli_command.c:183:13:CMD_SET_CAP_VOLT_HV	32	static
../App/cmd_line_task/cli_command.c:221:13:CMD_SET_CAP_VOLT_LV	32	static
../App/cmd_line_task/cli_command.c:259:13:CMD_SET_CAP_CONTROL	32	static
../App/cmd_line_task/cli_command.c:321:13:CMD_SET_CAP_RELEASE	32	static
../App/cmd_line_task/cli_command.c:479:13:CMD_MEASURE_VOLT	32	static
../App/cmd_line_task/cli_command.c:494:13:CMD_ClearCLI	40	static
../App/cmd_line_task/cli_command.c:500:13:CMD_Reset	24	static
../App/cmd_line_task/cli_command.c:505:13:CMD_SET_SEQUENCE_INDEX	96	static
../App/cmd_line_task/cli_command.c:540:13:CMD_SET_SEQUENCE_DELETE	32	static
../App/cmd_line_task/cli_command.c:554:13:CMD_SET_SEQUENCE_CONFIRM	32	static
../App/cmd_line_task/cli_command.c:568:13:CMD_SET_SEQUENCE_DELAY	32	static
../App/cmd_line_task/cli_command.c:588:13:CMD_SET_PULSE_POLE	32	static
../App/cmd_line_task/cli_command.c:613:13:CMD_SET_PULSE_COUNT	48	static
../App/cmd_line_task/cli_command.c:648:13:CMD_SET_PULSE_DELAY	40	static
../App/cmd_line_task/cli_command.c:677:13:CMD_SET_PULSE_HV_POS	40	static
../App/cmd_line_task/cli_command.c:713:13:CMD_SET_PULSE_HV_NEG	40	static
../App/cmd_line_task/cli_command.c:748:13:CMD_SET_PULSE_LV_POS	40	static
../App/cmd_line_task/cli_command.c:783:13:CMD_SET_PULSE_LV_NEG	40	static
../App/cmd_line_task/cli_command.c:818:13:CMD_SET_PULSE_CONTROL	32	static
../App/cmd_line_task/cli_command.c:858:13:fsp_print	48	static
../App/cmd_line_task/cli_command.c:875:26:getCliStaticBindings	4	static
../App/cmd_line_task/cli_command.c:879:10:getCliStaticBindingCount	4	static
