../Drivers/STM32F4xx_HAL_Driver/Inc/stm32f4xx_ll_dma.h:494:22:LL_DMA_EnableStream	16	static
../Drivers/STM32F4xx_HAL_Driver/Inc/stm32f4xx_ll_dma.h:514:22:LL_DMA_DisableStream	16	static
../Drivers/STM32F4xx_HAL_Driver/Inc/stm32f4xx_ll_dma.h:968:22:LL_DMA_SetDataLength	24	static
../Drivers/STM32F4xx_HAL_Driver/Inc/stm32f4xx_ll_dma.h:1436:22:LL_DMA_SetMemoryAddress	24	static
../Drivers/STM32F4xx_HAL_Driver/Inc/stm32f4xx_ll_dma.h:1459:22:LL_DMA_SetPeriphAddress	24	static
../Drivers/STM32F4xx_HAL_Driver/Inc/stm32f4xx_ll_dma.h:1748:26:LL_DMA_IsActiveFlag_TC1	16	static
../Drivers/STM32F4xx_HAL_Driver/Inc/stm32f4xx_ll_dma.h:2188:22:LL_DMA_ClearFlag_TC1	16	static
../Drivers/STM32F4xx_HAL_Driver/Inc/stm32f4xx_ll_tim.h:1116:22:LL_TIM_EnableCounter	16	static
../Drivers/STM32F4xx_HAL_Driver/Inc/stm32f4xx_ll_tim.h:1127:22:LL_TIM_DisableCounter	16	static
../Drivers/STM32F4xx_HAL_Driver/Inc/stm32f4xx_ll_tim.h:1369:22:LL_TIM_SetCounter	16	static
../Drivers/STM32F4xx_HAL_Driver/Inc/stm32f4xx_ll_tim.h:3731:22:LL_TIM_EnableDMAReq_UPDATE	16	static
../MyDRV/H_switch/h_bridge_driver.c:18:6:HB_Init	24	static
../MyDRV/H_switch/h_bridge_driver.c:30:6:HB_Force_Safe_State	16	static
../MyDRV/H_switch/h_bridge_driver.c:41:10:HB_Build_Pulse_Buff	32	static
../MyDRV/H_switch/h_bridge_driver.c:66:10:HB_Build_Delay_Buff	24	static
../MyDRV/H_switch/h_bridge_driver.c:81:6:HB_Start_DMA_Sequence	16	static
../MyDRV/H_switch/h_bridge_driver.c:102:6:HB_Is_Phase_Done	4	static
../MyDRV/H_switch/h_bridge_driver.c:106:6:HB_Pulse_DMA_ISR	8	static
