../Drivers/STM32F4xx_HAL_Driver/Inc/stm32f4xx_ll_dma.h:494:22:LL_DMA_EnableStream	16	static
../Drivers/STM32F4xx_HAL_Driver/Inc/stm32f4xx_ll_dma.h:514:22:LL_DMA_DisableStream	16	static
../Drivers/STM32F4xx_HAL_Driver/Inc/stm32f4xx_ll_dma.h:534:26:LL_DMA_IsEnabledStream	16	static
../Drivers/STM32F4xx_HAL_Driver/Inc/stm32f4xx_ll_dma.h:968:22:LL_DMA_SetDataLength	24	static
../Drivers/STM32F4xx_HAL_Driver/Inc/stm32f4xx_ll_dma.h:1436:22:LL_DMA_SetMemoryAddress	24	static
../Drivers/STM32F4xx_HAL_Driver/Inc/stm32f4xx_ll_dma.h:1459:22:LL_DMA_SetPeriphAddress	24	static
../Drivers/STM32F4xx_HAL_Driver/Inc/stm32f4xx_ll_dma.h:1781:26:LL_DMA_IsActiveFlag_TC4	16	static
../Drivers/STM32F4xx_HAL_Driver/Inc/stm32f4xx_ll_dma.h:1792:26:LL_DMA_IsActiveFlag_TC5	16	static
../Drivers/STM32F4xx_HAL_Driver/Inc/stm32f4xx_ll_dma.h:2221:22:LL_DMA_ClearFlag_TC4	16	static
../Drivers/STM32F4xx_HAL_Driver/Inc/stm32f4xx_ll_dma.h:2232:22:LL_DMA_ClearFlag_TC5	16	static
../Drivers/STM32F4xx_HAL_Driver/Inc/stm32f4xx_ll_dma.h:2586:22:LL_DMA_EnableIT_TC	16	static
../Drivers/STM32F4xx_HAL_Driver/Inc/stm32f4xx_ll_tim.h:1116:22:LL_TIM_EnableCounter	16	static
../Drivers/STM32F4xx_HAL_Driver/Inc/stm32f4xx_ll_tim.h:1296:22:LL_TIM_EnableARRPreload	16	static
../Drivers/STM32F4xx_HAL_Driver/Inc/stm32f4xx_ll_tim.h:1307:22:LL_TIM_DisableARRPreload	16	static
../Drivers/STM32F4xx_HAL_Driver/Inc/stm32f4xx_ll_tim.h:1369:22:LL_TIM_SetCounter	16	static
../Drivers/STM32F4xx_HAL_Driver/Inc/stm32f4xx_ll_tim.h:3731:22:LL_TIM_EnableDMAReq_UPDATE	16	static
../Drivers/STM32F4xx_HAL_Driver/Inc/stm32f4xx_ll_tim.h:3742:22:LL_TIM_DisableDMAReq_UPDATE	16	static
../Drivers/STM32F4xx_HAL_Driver/Inc/stm32f4xx_ll_tim.h:3863:22:LL_TIM_EnableDMAReq_CC4	16	static
../Drivers/STM32F4xx_HAL_Driver/Inc/stm32f4xx_ll_tim.h:3874:22:LL_TIM_DisableDMAReq_CC4	16	static
../MyDRV/H_switch/h_bridge_driver.c:34:17:HB_GetBSRR	32	static
../MyDRV/H_switch/h_bridge_driver.c:54:6:Wave_Add	16	static
../MyDRV/H_switch/h_bridge_driver.c:62:10:HB_Pulse	32	static
../MyDRV/H_switch/h_bridge_driver.c:82:10:HB_Delay	16	static
../MyDRV/H_switch/h_bridge_driver.c:89:6:HB_Off	4	static
../MyDRV/H_switch/h_bridge_driver.c:94:6:DMA_GPIO_Start	16	static
../MyDRV/H_switch/h_bridge_driver.c:111:6:DMA_ARR_Start	16	static
../MyDRV/H_switch/h_bridge_driver.c:126:6:HB_Is_Phase_Done	4	static
../MyDRV/H_switch/h_bridge_driver.c:130:6:HB_Clear_Sequence	8	static
../MyDRV/H_switch/h_bridge_driver.c:137:6:HB_Start	8	static
../MyDRV/H_switch/h_bridge_driver.c:161:6:DMA2_Stream5_IRQHandler	8	static
../MyDRV/H_switch/h_bridge_driver.c:180:6:DMA2_Stream4_IRQHandler	8	static
