../Drivers/STM32F4xx_HAL_Driver/Inc/stm32f4xx_ll_gpio.h:881:22:LL_GPIO_SetOutputPin	16	static
../Drivers/STM32F4xx_HAL_Driver/Inc/stm32f4xx_ll_gpio.h:910:22:LL_GPIO_ResetOutputPin	16	static
../Drivers/STM32F4xx_HAL_Driver/Inc/stm32f4xx_ll_dma.h:494:22:LL_DMA_EnableStream	16	static
../Drivers/STM32F4xx_HAL_Driver/Inc/stm32f4xx_ll_dma.h:514:22:LL_DMA_DisableStream	16	static
../Drivers/STM32F4xx_HAL_Driver/Inc/stm32f4xx_ll_dma.h:534:26:LL_DMA_IsEnabledStream	16	static
../Drivers/STM32F4xx_HAL_Driver/Inc/stm32f4xx_ll_dma.h:968:22:LL_DMA_SetDataLength	24	static
../Drivers/STM32F4xx_HAL_Driver/Inc/stm32f4xx_ll_dma.h:1436:22:LL_DMA_SetMemoryAddress	24	static
../Drivers/STM32F4xx_HAL_Driver/Inc/stm32f4xx_ll_dma.h:1459:22:LL_DMA_SetPeriphAddress	24	static
../Drivers/STM32F4xx_HAL_Driver/Inc/stm32f4xx_ll_dma.h:1748:26:LL_DMA_IsActiveFlag_TC1	16	static
../Drivers/STM32F4xx_HAL_Driver/Inc/stm32f4xx_ll_dma.h:1814:26:LL_DMA_IsActiveFlag_TC7	16	static
../Drivers/STM32F4xx_HAL_Driver/Inc/stm32f4xx_ll_dma.h:2188:22:LL_DMA_ClearFlag_TC1	16	static
../Drivers/STM32F4xx_HAL_Driver/Inc/stm32f4xx_ll_dma.h:2254:22:LL_DMA_ClearFlag_TC7	16	static
../Drivers/STM32F4xx_HAL_Driver/Inc/stm32f4xx_ll_dma.h:2586:22:LL_DMA_EnableIT_TC	16	static
../Drivers/STM32F4xx_HAL_Driver/Inc/stm32f4xx_ll_tim.h:1116:22:LL_TIM_EnableCounter	16	static
../Drivers/STM32F4xx_HAL_Driver/Inc/stm32f4xx_ll_tim.h:1127:22:LL_TIM_DisableCounter	16	static
../Drivers/STM32F4xx_HAL_Driver/Inc/stm32f4xx_ll_tim.h:1192:22:LL_TIM_SetUpdateSource	16	static
../Drivers/STM32F4xx_HAL_Driver/Inc/stm32f4xx_ll_tim.h:1296:22:LL_TIM_EnableARRPreload	16	static
../Drivers/STM32F4xx_HAL_Driver/Inc/stm32f4xx_ll_tim.h:1307:22:LL_TIM_DisableARRPreload	16	static
../Drivers/STM32F4xx_HAL_Driver/Inc/stm32f4xx_ll_tim.h:1369:22:LL_TIM_SetCounter	16	static
../Drivers/STM32F4xx_HAL_Driver/Inc/stm32f4xx_ll_tim.h:1411:22:LL_TIM_SetPrescaler	16	static
../Drivers/STM32F4xx_HAL_Driver/Inc/stm32f4xx_ll_tim.h:1438:22:LL_TIM_SetAutoReload	16	static
../Drivers/STM32F4xx_HAL_Driver/Inc/stm32f4xx_ll_tim.h:1612:22:LL_TIM_CC_EnableChannel	16	static
../Drivers/STM32F4xx_HAL_Driver/Inc/stm32f4xx_ll_tim.h:1734:22:LL_TIM_OC_SetMode	32	static
../Drivers/STM32F4xx_HAL_Driver/Inc/stm32f4xx_ll_tim.h:1793:22:LL_TIM_OC_SetPolarity	32	static
../Drivers/STM32F4xx_HAL_Driver/Inc/stm32f4xx_ll_tim.h:1969:22:LL_TIM_OC_EnablePreload	24	static
../Drivers/STM32F4xx_HAL_Driver/Inc/stm32f4xx_ll_tim.h:2120:22:LL_TIM_OC_SetCompareCH1	16	static
../Drivers/STM32F4xx_HAL_Driver/Inc/stm32f4xx_ll_tim.h:2137:22:LL_TIM_OC_SetCompareCH2	16	static
../Drivers/STM32F4xx_HAL_Driver/Inc/stm32f4xx_ll_tim.h:2941:22:LL_TIM_SetOffStates	24	static
../Drivers/STM32F4xx_HAL_Driver/Inc/stm32f4xx_ll_tim.h:2967:22:LL_TIM_DisableAutomaticOutput	16	static
../Drivers/STM32F4xx_HAL_Driver/Inc/stm32f4xx_ll_tim.h:2995:22:LL_TIM_EnableAllOutputs	16	static
../Drivers/STM32F4xx_HAL_Driver/Inc/stm32f4xx_ll_tim.h:3471:22:LL_TIM_DisableIT_UPDATE	16	static
../Drivers/STM32F4xx_HAL_Driver/Inc/stm32f4xx_ll_tim.h:3731:22:LL_TIM_EnableDMAReq_UPDATE	16	static
../Drivers/STM32F4xx_HAL_Driver/Inc/stm32f4xx_ll_tim.h:3742:22:LL_TIM_DisableDMAReq_UPDATE	16	static
../Drivers/STM32F4xx_HAL_Driver/Inc/stm32f4xx_ll_tim.h:3863:22:LL_TIM_EnableDMAReq_CC4	16	static
../Drivers/STM32F4xx_HAL_Driver/Inc/stm32f4xx_ll_tim.h:3874:22:LL_TIM_DisableDMAReq_CC4	16	static
../Drivers/STM32F4xx_HAL_Driver/Inc/stm32f4xx_ll_tim.h:3969:22:LL_TIM_GenerateEvent_UPDATE	16	static
../MyDRV/V_switch/vswitch.c:37:6:VS_Init	16	static
../MyDRV/V_switch/vswitch.c:94:17:VS_GetBSRR	24	static
../MyDRV/V_switch/vswitch.c:114:6:VS_Wave_Add	16	static
../MyDRV/V_switch/vswitch.c:122:6:VS_Pulse	24	static
../MyDRV/V_switch/vswitch.c:138:6:VS_Enable_Hv	8	static
../MyDRV/V_switch/vswitch.c:145:6:VS_Off	8	static
../MyDRV/V_switch/vswitch.c:150:6:DMA_VS_GPIO_Start	16	static
../MyDRV/V_switch/vswitch.c:167:6:DMA_VS_ARR_Start	16	static
../MyDRV/V_switch/vswitch.c:182:6:VS_Is_Phase_Done	4	static
../MyDRV/V_switch/vswitch.c:186:6:VS_Clear_Sequence	8	static
../MyDRV/V_switch/vswitch.c:193:6:VS_Start	8	static
../MyDRV/V_switch/vswitch.c:215:6:DMA2_Stream1_IRQHandler	8	static
../MyDRV/V_switch/vswitch.c:231:6:DMA2_Stream7_IRQHandler	8	static
